<?xml version="1.0" encoding="ISO-8859-1" ?>
<link_info>
   <banner>MSP430 Linker Unix v18.1.5.LTS</banner>
   <copyright>Copyright (c) 2003-2018 Texas Instruments Incorporated</copyright>
   <link_time>0x5d6bf52b</link_time>
   <link_errors>0x0</link_errors>
   <output_file>deneme.out</output_file>
   <entry_point>
      <name>_c_int00_noargs_mpu</name>
      <address>0x4c00</address>
   </entry_point>
   <input_file_list>
      <input_file id="fl-2">
         <path>./</path>
         <kind>object</kind>
         <file>adxl362.obj</file>
         <name>adxl362.obj</name>
      </input_file>
      <input_file id="fl-3">
         <path>./</path>
         <kind>object</kind>
         <file>main.obj</file>
         <name>main.obj</name>
      </input_file>
      <input_file id="fl-4">
         <path>./</path>
         <kind>object</kind>
         <file>spi.obj</file>
         <name>spi.obj</name>
      </input_file>
      <input_file id="fl-b">
         <kind>object</kind>
         <file>&lt;internal&gt;</file>
         <name>&lt;internal&gt;</name>
      </input_file>
      <input_file id="fl-2b">
         <path>/Applications/ti/ccs810/ccsv8/tools/compiler/ti-cgt-msp430_18.1.5.LTS/lib/</path>
         <kind>archive</kind>
         <file>rts430x_lc_rd_eabi.lib</file>
         <name>copy_decompress_lzss.c.obj</name>
      </input_file>
      <input_file id="fl-2c">
         <path>/Applications/ti/ccs810/ccsv8/tools/compiler/ti-cgt-msp430_18.1.5.LTS/lib/</path>
         <kind>archive</kind>
         <file>rts430x_lc_rd_eabi.lib</file>
         <name>copy_decompress_none.c.obj</name>
      </input_file>
      <input_file id="fl-2d">
         <path>/Applications/ti/ccs810/ccsv8/tools/compiler/ti-cgt-msp430_18.1.5.LTS/lib/</path>
         <kind>archive</kind>
         <file>rts430x_lc_rd_eabi.lib</file>
         <name>int27.asm.obj</name>
      </input_file>
      <input_file id="fl-2e">
         <path>/Applications/ti/ccs810/ccsv8/tools/compiler/ti-cgt-msp430_18.1.5.LTS/lib/</path>
         <kind>archive</kind>
         <file>rts430x_lc_rd_eabi.lib</file>
         <name>isr_trap.asm.obj</name>
      </input_file>
      <input_file id="fl-2f">
         <path>/Applications/ti/ccs810/ccsv8/tools/compiler/ti-cgt-msp430_18.1.5.LTS/lib/</path>
         <kind>archive</kind>
         <file>rts430x_lc_rd_eabi.lib</file>
         <name>int28.asm.obj</name>
      </input_file>
      <input_file id="fl-30">
         <path>/Applications/ti/ccs810/ccsv8/tools/compiler/ti-cgt-msp430_18.1.5.LTS/lib/</path>
         <kind>archive</kind>
         <file>rts430x_lc_rd_eabi.lib</file>
         <name>int30.asm.obj</name>
      </input_file>
      <input_file id="fl-31">
         <path>/Applications/ti/ccs810/ccsv8/tools/compiler/ti-cgt-msp430_18.1.5.LTS/lib/</path>
         <kind>archive</kind>
         <file>rts430x_lc_rd_eabi.lib</file>
         <name>int31.asm.obj</name>
      </input_file>
      <input_file id="fl-32">
         <path>/Applications/ti/ccs810/ccsv8/tools/compiler/ti-cgt-msp430_18.1.5.LTS/lib/</path>
         <kind>archive</kind>
         <file>rts430x_lc_rd_eabi.lib</file>
         <name>int32.asm.obj</name>
      </input_file>
      <input_file id="fl-33">
         <path>/Applications/ti/ccs810/ccsv8/tools/compiler/ti-cgt-msp430_18.1.5.LTS/lib/</path>
         <kind>archive</kind>
         <file>rts430x_lc_rd_eabi.lib</file>
         <name>int33.asm.obj</name>
      </input_file>
      <input_file id="fl-34">
         <path>/Applications/ti/ccs810/ccsv8/tools/compiler/ti-cgt-msp430_18.1.5.LTS/lib/</path>
         <kind>archive</kind>
         <file>rts430x_lc_rd_eabi.lib</file>
         <name>int34.asm.obj</name>
      </input_file>
      <input_file id="fl-35">
         <path>/Applications/ti/ccs810/ccsv8/tools/compiler/ti-cgt-msp430_18.1.5.LTS/lib/</path>
         <kind>archive</kind>
         <file>rts430x_lc_rd_eabi.lib</file>
         <name>int35.asm.obj</name>
      </input_file>
      <input_file id="fl-36">
         <path>/Applications/ti/ccs810/ccsv8/tools/compiler/ti-cgt-msp430_18.1.5.LTS/lib/</path>
         <kind>archive</kind>
         <file>rts430x_lc_rd_eabi.lib</file>
         <name>int36.asm.obj</name>
      </input_file>
      <input_file id="fl-37">
         <path>/Applications/ti/ccs810/ccsv8/tools/compiler/ti-cgt-msp430_18.1.5.LTS/lib/</path>
         <kind>archive</kind>
         <file>rts430x_lc_rd_eabi.lib</file>
         <name>int37.asm.obj</name>
      </input_file>
      <input_file id="fl-38">
         <path>/Applications/ti/ccs810/ccsv8/tools/compiler/ti-cgt-msp430_18.1.5.LTS/lib/</path>
         <kind>archive</kind>
         <file>rts430x_lc_rd_eabi.lib</file>
         <name>int38.asm.obj</name>
      </input_file>
      <input_file id="fl-39">
         <path>/Applications/ti/ccs810/ccsv8/tools/compiler/ti-cgt-msp430_18.1.5.LTS/lib/</path>
         <kind>archive</kind>
         <file>rts430x_lc_rd_eabi.lib</file>
         <name>int39.asm.obj</name>
      </input_file>
      <input_file id="fl-3a">
         <path>/Applications/ti/ccs810/ccsv8/tools/compiler/ti-cgt-msp430_18.1.5.LTS/lib/</path>
         <kind>archive</kind>
         <file>rts430x_lc_rd_eabi.lib</file>
         <name>int40.asm.obj</name>
      </input_file>
      <input_file id="fl-3b">
         <path>/Applications/ti/ccs810/ccsv8/tools/compiler/ti-cgt-msp430_18.1.5.LTS/lib/</path>
         <kind>archive</kind>
         <file>rts430x_lc_rd_eabi.lib</file>
         <name>int41.asm.obj</name>
      </input_file>
      <input_file id="fl-3c">
         <path>/Applications/ti/ccs810/ccsv8/tools/compiler/ti-cgt-msp430_18.1.5.LTS/lib/</path>
         <kind>archive</kind>
         <file>rts430x_lc_rd_eabi.lib</file>
         <name>int42.asm.obj</name>
      </input_file>
      <input_file id="fl-3d">
         <path>/Applications/ti/ccs810/ccsv8/tools/compiler/ti-cgt-msp430_18.1.5.LTS/lib/</path>
         <kind>archive</kind>
         <file>rts430x_lc_rd_eabi.lib</file>
         <name>int43.asm.obj</name>
      </input_file>
      <input_file id="fl-3e">
         <path>/Applications/ti/ccs810/ccsv8/tools/compiler/ti-cgt-msp430_18.1.5.LTS/lib/</path>
         <kind>archive</kind>
         <file>rts430x_lc_rd_eabi.lib</file>
         <name>int44.asm.obj</name>
      </input_file>
      <input_file id="fl-3f">
         <path>/Applications/ti/ccs810/ccsv8/tools/compiler/ti-cgt-msp430_18.1.5.LTS/lib/</path>
         <kind>archive</kind>
         <file>rts430x_lc_rd_eabi.lib</file>
         <name>int45.asm.obj</name>
      </input_file>
      <input_file id="fl-40">
         <path>/Applications/ti/ccs810/ccsv8/tools/compiler/ti-cgt-msp430_18.1.5.LTS/lib/</path>
         <kind>archive</kind>
         <file>rts430x_lc_rd_eabi.lib</file>
         <name>int46.asm.obj</name>
      </input_file>
      <input_file id="fl-41">
         <path>/Applications/ti/ccs810/ccsv8/tools/compiler/ti-cgt-msp430_18.1.5.LTS/lib/</path>
         <kind>archive</kind>
         <file>rts430x_lc_rd_eabi.lib</file>
         <name>int47.asm.obj</name>
      </input_file>
      <input_file id="fl-42">
         <path>/Applications/ti/ccs810/ccsv8/tools/compiler/ti-cgt-msp430_18.1.5.LTS/lib/</path>
         <kind>archive</kind>
         <file>rts430x_lc_rd_eabi.lib</file>
         <name>int48.asm.obj</name>
      </input_file>
      <input_file id="fl-43">
         <path>/Applications/ti/ccs810/ccsv8/tools/compiler/ti-cgt-msp430_18.1.5.LTS/lib/</path>
         <kind>archive</kind>
         <file>rts430x_lc_rd_eabi.lib</file>
         <name>int49.asm.obj</name>
      </input_file>
      <input_file id="fl-44">
         <path>/Applications/ti/ccs810/ccsv8/tools/compiler/ti-cgt-msp430_18.1.5.LTS/lib/</path>
         <kind>archive</kind>
         <file>rts430x_lc_rd_eabi.lib</file>
         <name>int50.asm.obj</name>
      </input_file>
      <input_file id="fl-45">
         <path>/Applications/ti/ccs810/ccsv8/tools/compiler/ti-cgt-msp430_18.1.5.LTS/lib/</path>
         <kind>archive</kind>
         <file>rts430x_lc_rd_eabi.lib</file>
         <name>int51.asm.obj</name>
      </input_file>
      <input_file id="fl-46">
         <path>/Applications/ti/ccs810/ccsv8/tools/compiler/ti-cgt-msp430_18.1.5.LTS/lib/</path>
         <kind>archive</kind>
         <file>rts430x_lc_rd_eabi.lib</file>
         <name>int52.asm.obj</name>
      </input_file>
      <input_file id="fl-47">
         <path>/Applications/ti/ccs810/ccsv8/tools/compiler/ti-cgt-msp430_18.1.5.LTS/lib/</path>
         <kind>archive</kind>
         <file>rts430x_lc_rd_eabi.lib</file>
         <name>int53.asm.obj</name>
      </input_file>
      <input_file id="fl-48">
         <path>/Applications/ti/ccs810/ccsv8/tools/compiler/ti-cgt-msp430_18.1.5.LTS/lib/</path>
         <kind>archive</kind>
         <file>rts430x_lc_rd_eabi.lib</file>
         <name>int54.asm.obj</name>
      </input_file>
      <input_file id="fl-49">
         <path>/Applications/ti/ccs810/ccsv8/tools/compiler/ti-cgt-msp430_18.1.5.LTS/lib/</path>
         <kind>archive</kind>
         <file>rts430x_lc_rd_eabi.lib</file>
         <name>copy_zero_init.c.obj</name>
      </input_file>
      <input_file id="fl-4a">
         <path>/Applications/ti/ccs810/ccsv8/tools/compiler/ti-cgt-msp430_18.1.5.LTS/lib/</path>
         <kind>archive</kind>
         <file>rts430x_lc_rd_eabi.lib</file>
         <name>mult16_f5hw.asm.obj</name>
      </input_file>
      <input_file id="fl-4b">
         <path>/Applications/ti/ccs810/ccsv8/tools/compiler/ti-cgt-msp430_18.1.5.LTS/lib/</path>
         <kind>archive</kind>
         <file>rts430x_lc_rd_eabi.lib</file>
         <name>mult32_f5hw.asm.obj</name>
      </input_file>
      <input_file id="fl-4c">
         <path>/Applications/ti/ccs810/ccsv8/tools/compiler/ti-cgt-msp430_18.1.5.LTS/lib/</path>
         <kind>archive</kind>
         <file>rts430x_lc_rd_eabi.lib</file>
         <name>mult64_f5hw.asm.obj</name>
      </input_file>
      <input_file id="fl-4d">
         <path>/Applications/ti/ccs810/ccsv8/tools/compiler/ti-cgt-msp430_18.1.5.LTS/lib/</path>
         <kind>archive</kind>
         <file>rts430x_lc_rd_eabi.lib</file>
         <name>mult1632_f5hw.asm.obj</name>
      </input_file>
      <input_file id="fl-4e">
         <path>/Applications/ti/ccs810/ccsv8/tools/compiler/ti-cgt-msp430_18.1.5.LTS/lib/</path>
         <kind>archive</kind>
         <file>rts430x_lc_rd_eabi.lib</file>
         <name>mult3264_f5hw.asm.obj</name>
      </input_file>
      <input_file id="fl-4f">
         <path>/Applications/ti/ccs810/ccsv8/tools/compiler/ti-cgt-msp430_18.1.5.LTS/lib/</path>
         <kind>archive</kind>
         <file>rts430x_lc_rd_eabi.lib</file>
         <name>boot.c.obj</name>
      </input_file>
      <input_file id="fl-50">
         <path>/Applications/ti/ccs810/ccsv8/ccs_base/msp430/lib/FR59xx/</path>
         <kind>archive</kind>
         <file>MSPMPU_INIT_LIB_CCS_msp430_large_code_restricted_data.lib</file>
         <name>mpu_init.o</name>
      </input_file>
      <input_file id="fl-51">
         <path>/Applications/ti/ccs810/ccsv8/tools/compiler/ti-cgt-msp430_18.1.5.LTS/lib/</path>
         <kind>archive</kind>
         <file>rts430x_lc_rd_eabi.lib</file>
         <name>args_main.c.obj</name>
      </input_file>
      <input_file id="fl-52">
         <path>/Applications/ti/ccs810/ccsv8/tools/compiler/ti-cgt-msp430_18.1.5.LTS/lib/</path>
         <kind>archive</kind>
         <file>rts430x_lc_rd_eabi.lib</file>
         <name>autoinit.c.obj</name>
      </input_file>
      <input_file id="fl-53">
         <path>/Applications/ti/ccs810/ccsv8/tools/compiler/ti-cgt-msp430_18.1.5.LTS/lib/</path>
         <kind>archive</kind>
         <file>rts430x_lc_rd_eabi.lib</file>
         <name>startup.c.obj</name>
      </input_file>
      <input_file id="fl-54">
         <path>/Applications/ti/ccs810/ccsv8/tools/compiler/ti-cgt-msp430_18.1.5.LTS/lib/</path>
         <kind>archive</kind>
         <file>rts430x_lc_rd_eabi.lib</file>
         <name>pre_init.c.obj</name>
      </input_file>
      <input_file id="fl-55">
         <path>/Applications/ti/ccs810/ccsv8/tools/compiler/ti-cgt-msp430_18.1.5.LTS/lib/</path>
         <kind>archive</kind>
         <file>rts430x_lc_rd_eabi.lib</file>
         <name>cpy_tbl.c.obj</name>
      </input_file>
      <input_file id="fl-56">
         <path>/Applications/ti/ccs810/ccsv8/tools/compiler/ti-cgt-msp430_18.1.5.LTS/lib/</path>
         <kind>archive</kind>
         <file>rts430x_lc_rd_eabi.lib</file>
         <name>mult16.asm.obj</name>
      </input_file>
      <input_file id="fl-57">
         <path>/Applications/ti/ccs810/ccsv8/tools/compiler/ti-cgt-msp430_18.1.5.LTS/lib/</path>
         <kind>archive</kind>
         <file>rts430x_lc_rd_eabi.lib</file>
         <name>exit.c.obj</name>
      </input_file>
      <input_file id="fl-58">
         <path>/Applications/ti/ccs810/ccsv8/tools/compiler/ti-cgt-msp430_18.1.5.LTS/lib/</path>
         <kind>archive</kind>
         <file>rts430x_lc_rd_eabi.lib</file>
         <name>exit_gvars.c.obj</name>
      </input_file>
      <input_file id="fl-59">
         <path>/Applications/ti/ccs810/ccsv8/tools/compiler/ti-cgt-msp430_18.1.5.LTS/lib/</path>
         <kind>archive</kind>
         <file>rts430x_lc_rd_eabi.lib</file>
         <name>_lock.c.obj</name>
      </input_file>
      <input_file id="fl-5a">
         <path>/Applications/ti/ccs810/ccsv8/tools/compiler/ti-cgt-msp430_18.1.5.LTS/lib/</path>
         <kind>archive</kind>
         <file>rts430x_lc_rd_eabi.lib</file>
         <name>memcpy.c.obj</name>
      </input_file>
      <input_file id="fl-5b">
         <path>/Applications/ti/ccs810/ccsv8/tools/compiler/ti-cgt-msp430_18.1.5.LTS/lib/</path>
         <kind>archive</kind>
         <file>rts430x_lc_rd_eabi.lib</file>
         <name>printf.c.obj</name>
      </input_file>
      <input_file id="fl-5c">
         <path>/Applications/ti/ccs810/ccsv8/tools/compiler/ti-cgt-msp430_18.1.5.LTS/lib/</path>
         <kind>archive</kind>
         <file>rts430x_lc_rd_eabi.lib</file>
         <name>_printfi_min.c.obj</name>
      </input_file>
      <input_file id="fl-5d">
         <path>/Applications/ti/ccs810/ccsv8/tools/compiler/ti-cgt-msp430_18.1.5.LTS/lib/</path>
         <kind>archive</kind>
         <file>rts430x_lc_rd_eabi.lib</file>
         <name>div16u.asm.obj</name>
      </input_file>
      <input_file id="fl-5e">
         <path>/Applications/ti/ccs810/ccsv8/tools/compiler/ti-cgt-msp430_18.1.5.LTS/lib/</path>
         <kind>archive</kind>
         <file>rts430x_lc_rd_eabi.lib</file>
         <name>lsr64.c.obj</name>
      </input_file>
      <input_file id="fl-5f">
         <path>/Applications/ti/ccs810/ccsv8/tools/compiler/ti-cgt-msp430_18.1.5.LTS/lib/</path>
         <kind>archive</kind>
         <file>rts430x_lc_rd_eabi.lib</file>
         <name>defs.c.obj</name>
      </input_file>
      <input_file id="fl-60">
         <path>/Applications/ti/ccs810/ccsv8/tools/compiler/ti-cgt-msp430_18.1.5.LTS/lib/</path>
         <kind>archive</kind>
         <file>rts430x_lc_rd_eabi.lib</file>
         <name>fputc.c.obj</name>
      </input_file>
      <input_file id="fl-61">
         <path>/Applications/ti/ccs810/ccsv8/tools/compiler/ti-cgt-msp430_18.1.5.LTS/lib/</path>
         <kind>archive</kind>
         <file>rts430x_lc_rd_eabi.lib</file>
         <name>fflush.c.obj</name>
      </input_file>
      <input_file id="fl-62">
         <path>/Applications/ti/ccs810/ccsv8/tools/compiler/ti-cgt-msp430_18.1.5.LTS/lib/</path>
         <kind>archive</kind>
         <file>rts430x_lc_rd_eabi.lib</file>
         <name>_io_perm.c.obj</name>
      </input_file>
      <input_file id="fl-63">
         <path>/Applications/ti/ccs810/ccsv8/tools/compiler/ti-cgt-msp430_18.1.5.LTS/lib/</path>
         <kind>archive</kind>
         <file>rts430x_lc_rd_eabi.lib</file>
         <name>fputs.c.obj</name>
      </input_file>
      <input_file id="fl-64">
         <path>/Applications/ti/ccs810/ccsv8/tools/compiler/ti-cgt-msp430_18.1.5.LTS/lib/</path>
         <kind>archive</kind>
         <file>rts430x_lc_rd_eabi.lib</file>
         <name>fseek.c.obj</name>
      </input_file>
      <input_file id="fl-65">
         <path>/Applications/ti/ccs810/ccsv8/tools/compiler/ti-cgt-msp430_18.1.5.LTS/lib/</path>
         <kind>archive</kind>
         <file>rts430x_lc_rd_eabi.lib</file>
         <name>lseek.c.obj</name>
      </input_file>
      <input_file id="fl-66">
         <path>/Applications/ti/ccs810/ccsv8/tools/compiler/ti-cgt-msp430_18.1.5.LTS/lib/</path>
         <kind>archive</kind>
         <file>rts430x_lc_rd_eabi.lib</file>
         <name>write.c.obj</name>
      </input_file>
      <input_file id="fl-67">
         <path>/Applications/ti/ccs810/ccsv8/tools/compiler/ti-cgt-msp430_18.1.5.LTS/lib/</path>
         <kind>archive</kind>
         <file>rts430x_lc_rd_eabi.lib</file>
         <name>hostclose.c.obj</name>
      </input_file>
      <input_file id="fl-68">
         <path>/Applications/ti/ccs810/ccsv8/tools/compiler/ti-cgt-msp430_18.1.5.LTS/lib/</path>
         <kind>archive</kind>
         <file>rts430x_lc_rd_eabi.lib</file>
         <name>hostlseek.c.obj</name>
      </input_file>
      <input_file id="fl-69">
         <path>/Applications/ti/ccs810/ccsv8/tools/compiler/ti-cgt-msp430_18.1.5.LTS/lib/</path>
         <kind>archive</kind>
         <file>rts430x_lc_rd_eabi.lib</file>
         <name>hostopen.c.obj</name>
      </input_file>
      <input_file id="fl-6a">
         <path>/Applications/ti/ccs810/ccsv8/tools/compiler/ti-cgt-msp430_18.1.5.LTS/lib/</path>
         <kind>archive</kind>
         <file>rts430x_lc_rd_eabi.lib</file>
         <name>hostread.c.obj</name>
      </input_file>
      <input_file id="fl-6b">
         <path>/Applications/ti/ccs810/ccsv8/tools/compiler/ti-cgt-msp430_18.1.5.LTS/lib/</path>
         <kind>archive</kind>
         <file>rts430x_lc_rd_eabi.lib</file>
         <name>hostrename.c.obj</name>
      </input_file>
      <input_file id="fl-6c">
         <path>/Applications/ti/ccs810/ccsv8/tools/compiler/ti-cgt-msp430_18.1.5.LTS/lib/</path>
         <kind>archive</kind>
         <file>rts430x_lc_rd_eabi.lib</file>
         <name>hostunlink.c.obj</name>
      </input_file>
      <input_file id="fl-6d">
         <path>/Applications/ti/ccs810/ccsv8/tools/compiler/ti-cgt-msp430_18.1.5.LTS/lib/</path>
         <kind>archive</kind>
         <file>rts430x_lc_rd_eabi.lib</file>
         <name>hostwrite.c.obj</name>
      </input_file>
      <input_file id="fl-6e">
         <path>/Applications/ti/ccs810/ccsv8/tools/compiler/ti-cgt-msp430_18.1.5.LTS/lib/</path>
         <kind>archive</kind>
         <file>rts430x_lc_rd_eabi.lib</file>
         <name>trgmsg.c.obj</name>
      </input_file>
      <input_file id="fl-6f">
         <path>/Applications/ti/ccs810/ccsv8/tools/compiler/ti-cgt-msp430_18.1.5.LTS/lib/</path>
         <kind>archive</kind>
         <file>rts430x_lc_rd_eabi.lib</file>
         <name>lsl32.asm.obj</name>
      </input_file>
      <input_file id="fl-70">
         <path>/Applications/ti/ccs810/ccsv8/tools/compiler/ti-cgt-msp430_18.1.5.LTS/lib/</path>
         <kind>archive</kind>
         <file>rts430x_lc_rd_eabi.lib</file>
         <name>memccpy.c.obj</name>
      </input_file>
      <input_file id="fl-71">
         <path>/Applications/ti/ccs810/ccsv8/tools/compiler/ti-cgt-msp430_18.1.5.LTS/lib/</path>
         <kind>archive</kind>
         <file>rts430x_lc_rd_eabi.lib</file>
         <name>memchr.c.obj</name>
      </input_file>
      <input_file id="fl-72">
         <path>/Applications/ti/ccs810/ccsv8/tools/compiler/ti-cgt-msp430_18.1.5.LTS/lib/</path>
         <kind>archive</kind>
         <file>rts430x_lc_rd_eabi.lib</file>
         <name>memset.c.obj</name>
      </input_file>
      <input_file id="fl-73">
         <path>/Applications/ti/ccs810/ccsv8/tools/compiler/ti-cgt-msp430_18.1.5.LTS/lib/</path>
         <kind>archive</kind>
         <file>rts430x_lc_rd_eabi.lib</file>
         <name>setvbuf.c.obj</name>
      </input_file>
      <input_file id="fl-74">
         <path>/Applications/ti/ccs810/ccsv8/tools/compiler/ti-cgt-msp430_18.1.5.LTS/lib/</path>
         <kind>archive</kind>
         <file>rts430x_lc_rd_eabi.lib</file>
         <name>fopen.c.obj</name>
      </input_file>
      <input_file id="fl-75">
         <path>/Applications/ti/ccs810/ccsv8/tools/compiler/ti-cgt-msp430_18.1.5.LTS/lib/</path>
         <kind>archive</kind>
         <file>rts430x_lc_rd_eabi.lib</file>
         <name>fclose.c.obj</name>
      </input_file>
      <input_file id="fl-76">
         <path>/Applications/ti/ccs810/ccsv8/tools/compiler/ti-cgt-msp430_18.1.5.LTS/lib/</path>
         <kind>archive</kind>
         <file>rts430x_lc_rd_eabi.lib</file>
         <name>close.c.obj</name>
      </input_file>
      <input_file id="fl-77">
         <path>/Applications/ti/ccs810/ccsv8/tools/compiler/ti-cgt-msp430_18.1.5.LTS/lib/</path>
         <kind>archive</kind>
         <file>rts430x_lc_rd_eabi.lib</file>
         <name>memory.c.obj</name>
      </input_file>
      <input_file id="fl-78">
         <path>/Applications/ti/ccs810/ccsv8/tools/compiler/ti-cgt-msp430_18.1.5.LTS/lib/</path>
         <kind>archive</kind>
         <file>rts430x_lc_rd_eabi.lib</file>
         <name>open.c.obj</name>
      </input_file>
      <input_file id="fl-79">
         <path>/Applications/ti/ccs810/ccsv8/tools/compiler/ti-cgt-msp430_18.1.5.LTS/lib/</path>
         <kind>archive</kind>
         <file>rts430x_lc_rd_eabi.lib</file>
         <name>div16s.asm.obj</name>
      </input_file>
      <input_file id="fl-7a">
         <path>/Applications/ti/ccs810/ccsv8/tools/compiler/ti-cgt-msp430_18.1.5.LTS/lib/</path>
         <kind>archive</kind>
         <file>rts430x_lc_rd_eabi.lib</file>
         <name>getdevice.c.obj</name>
      </input_file>
      <input_file id="fl-7b">
         <path>/Applications/ti/ccs810/ccsv8/tools/compiler/ti-cgt-msp430_18.1.5.LTS/lib/</path>
         <kind>archive</kind>
         <file>rts430x_lc_rd_eabi.lib</file>
         <name>remove.c.obj</name>
      </input_file>
      <input_file id="fl-7c">
         <path>/Applications/ti/ccs810/ccsv8/tools/compiler/ti-cgt-msp430_18.1.5.LTS/lib/</path>
         <kind>archive</kind>
         <file>rts430x_lc_rd_eabi.lib</file>
         <name>strchr.c.obj</name>
      </input_file>
      <input_file id="fl-7d">
         <path>/Applications/ti/ccs810/ccsv8/tools/compiler/ti-cgt-msp430_18.1.5.LTS/lib/</path>
         <kind>archive</kind>
         <file>rts430x_lc_rd_eabi.lib</file>
         <name>strcmp.c.obj</name>
      </input_file>
      <input_file id="fl-7e">
         <path>/Applications/ti/ccs810/ccsv8/tools/compiler/ti-cgt-msp430_18.1.5.LTS/lib/</path>
         <kind>archive</kind>
         <file>rts430x_lc_rd_eabi.lib</file>
         <name>strcpy.c.obj</name>
      </input_file>
      <input_file id="fl-7f">
         <path>/Applications/ti/ccs810/ccsv8/tools/compiler/ti-cgt-msp430_18.1.5.LTS/lib/</path>
         <kind>archive</kind>
         <file>rts430x_lc_rd_eabi.lib</file>
         <name>strlen.c.obj</name>
      </input_file>
      <input_file id="fl-80">
         <path>/Applications/ti/ccs810/ccsv8/tools/compiler/ti-cgt-msp430_18.1.5.LTS/lib/</path>
         <kind>archive</kind>
         <file>rts430x_lc_rd_eabi.lib</file>
         <name>strncpy.c.obj</name>
      </input_file>
      <input_file id="fl-81">
         <path>/Applications/ti/ccs810/ccsv8/tools/compiler/ti-cgt-msp430_18.1.5.LTS/lib/</path>
         <kind>archive</kind>
         <file>rts430x_lc_rd_eabi.lib</file>
         <name>unlink.c.obj</name>
      </input_file>
   </input_file_list>
   <object_component_list>
      <object_component id="oc-8bf">
         <name>.cio</name>
         <uninitialized>true</uninitialized>
         <run_address>0x4400</run_address>
         <size>0x120</size>
         <input_file_ref idref="fl-6e"/>
      </object_component>
      <object_component id="oc-5b2">
         <name>.sysmem</name>
         <uninitialized>true</uninitialized>
         <run_address>0x4520</run_address>
         <size>0x6</size>
         <input_file_ref idref="fl-77"/>
      </object_component>
      <object_component id="oc-981">
         <name>.sysmem</name>
         <uninitialized>true</uninitialized>
         <run_address>0x4520</run_address>
         <size>0x0</size>
      </object_component>
      <object_component id="oc-97f">
         <name>.cinit..data.load</name>
         <load_address>0x4c54</load_address>
         <run_address>0x4c54</run_address>
         <size>0x57</size>
      </object_component>
      <object_component id="oc-97c">
         <name>__TI_handler_table</name>
         <load_address>0x4cac</load_address>
         <run_address>0x4cac</run_address>
         <size>0xc</size>
      </object_component>
      <object_component id="oc-97e">
         <name>.cinit..bss.load</name>
         <load_address>0x4cb8</load_address>
         <run_address>0x4cb8</run_address>
         <size>0x6</size>
      </object_component>
      <object_component id="oc-97d">
         <name>__TI_cinit_table</name>
         <load_address>0x4cbe</load_address>
         <run_address>0x4cbe</run_address>
         <size>0x10</size>
      </object_component>
      <object_component id="oc-90c">
         <name>.binit</name>
         <load_address>0x4400</load_address>
         <run_address>0x4400</run_address>
         <size>0x0</size>
      </object_component>
      <object_component id="oc-660">
         <name>.const:.string</name>
         <load_address>0x4c28</load_address>
         <run_address>0x4c28</run_address>
         <size>0x18</size>
         <input_file_ref idref="fl-3"/>
      </object_component>
      <object_component id="oc-792">
         <name>.const:.string</name>
         <load_address>0x4c40</load_address>
         <run_address>0x4c40</run_address>
         <size>0x14</size>
         <input_file_ref idref="fl-5c"/>
      </object_component>
      <object_component id="oc-5fc">
         <name>.text:_isr:_c_int00_noargs_mpu</name>
         <load_address>0x4c00</load_address>
         <run_address>0x4c00</run_address>
         <size>0x20</size>
         <input_file_ref idref="fl-4f"/>
      </object_component>
      <object_component id="oc-5cd">
         <name>.text:_isr:__TI_ISR_TRAP</name>
         <load_address>0x4c20</load_address>
         <run_address>0x4c20</run_address>
         <size>0x8</size>
         <input_file_ref idref="fl-2e"/>
      </object_component>
      <object_component id="oc-721">
         <name>.text:_setfield</name>
         <load_address>0x10000</load_address>
         <run_address>0x10000</run_address>
         <size>0x132</size>
         <input_file_ref idref="fl-5c"/>
      </object_component>
      <object_component id="oc-70d">
         <name>.text:fputs</name>
         <load_address>0x10132</load_address>
         <run_address>0x10132</run_address>
         <size>0xf0</size>
         <input_file_ref idref="fl-63"/>
      </object_component>
      <object_component id="oc-7c3">
         <name>.text:setvbuf</name>
         <load_address>0x10222</load_address>
         <run_address>0x10222</run_address>
         <size>0xde</size>
         <input_file_ref idref="fl-73"/>
      </object_component>
      <object_component id="oc-6c3">
         <name>.text:__TI_printfi_minimal</name>
         <load_address>0x10300</load_address>
         <run_address>0x10300</run_address>
         <size>0xdc</size>
         <input_file_ref idref="fl-5c"/>
      </object_component>
      <object_component id="oc-793">
         <name>.text:_pproc_diouxp</name>
         <load_address>0x103dc</load_address>
         <run_address>0x103dc</run_address>
         <size>0xda</size>
         <input_file_ref idref="fl-5c"/>
      </object_component>
      <object_component id="oc-7f9">
         <name>.text:malloc</name>
         <load_address>0x104b6</load_address>
         <run_address>0x104b6</run_address>
         <size>0xbc</size>
         <input_file_ref idref="fl-77"/>
      </object_component>
      <object_component id="oc-85e">
         <name>.text:HOSTlseek</name>
         <load_address>0x10572</load_address>
         <run_address>0x10572</run_address>
         <size>0x9a</size>
         <input_file_ref idref="fl-68"/>
      </object_component>
      <object_component id="oc-714">
         <name>.text:fputc</name>
         <load_address>0x1060c</load_address>
         <run_address>0x1060c</run_address>
         <size>0x90</size>
         <input_file_ref idref="fl-60"/>
      </object_component>
      <object_component id="oc-7f3">
         <name>.text:free</name>
         <load_address>0x1069c</load_address>
         <run_address>0x1069c</run_address>
         <size>0x8e</size>
         <input_file_ref idref="fl-77"/>
      </object_component>
      <object_component id="oc-631">
         <name>.text:main</name>
         <load_address>0x1072a</load_address>
         <run_address>0x1072a</run_address>
         <size>0x88</size>
         <input_file_ref idref="fl-3"/>
      </object_component>
      <object_component id="oc-76e">
         <name>.text:__TI_wrt_ok</name>
         <load_address>0x107b2</load_address>
         <run_address>0x107b2</run_address>
         <size>0x7e</size>
         <input_file_ref idref="fl-62"/>
      </object_component>
      <object_component id="oc-79">
         <name>.text:decompress:lzss:__TI_decompress_lzss</name>
         <load_address>0x10830</load_address>
         <run_address>0x10830</run_address>
         <size>0x76</size>
         <input_file_ref idref="fl-2b"/>
      </object_component>
      <object_component id="oc-86a">
         <name>.text:HOSTrename</name>
         <load_address>0x108a6</load_address>
         <run_address>0x108a6</run_address>
         <size>0x74</size>
         <input_file_ref idref="fl-6b"/>
      </object_component>
      <object_component id="oc-83a">
         <name>.text:__TI_closefile</name>
         <load_address>0x1091a</load_address>
         <run_address>0x1091a</run_address>
         <size>0x74</size>
         <input_file_ref idref="fl-75"/>
      </object_component>
      <object_component id="oc-846">
         <name>.text:HOSTopen</name>
         <load_address>0x1098e</load_address>
         <run_address>0x1098e</run_address>
         <size>0x70</size>
         <input_file_ref idref="fl-69"/>
      </object_component>
      <object_component id="oc-858">
         <name>.text:HOSTwrite</name>
         <load_address>0x109fe</load_address>
         <run_address>0x109fe</run_address>
         <size>0x6c</size>
         <input_file_ref idref="fl-6d"/>
      </object_component>
      <object_component id="oc-852">
         <name>.text:HOSTread</name>
         <load_address>0x10a6a</load_address>
         <run_address>0x10a6a</run_address>
         <size>0x6a</size>
         <input_file_ref idref="fl-6a"/>
      </object_component>
      <object_component id="oc-7bd">
         <name>.text:fseek</name>
         <load_address>0x10ad4</load_address>
         <run_address>0x10ad4</run_address>
         <size>0x6a</size>
         <input_file_ref idref="fl-64"/>
      </object_component>
      <object_component id="oc-77a">
         <name>.text:__TI_doflush</name>
         <load_address>0x10b3e</load_address>
         <run_address>0x10b3e</run_address>
         <size>0x64</size>
         <input_file_ref idref="fl-61"/>
      </object_component>
      <object_component id="oc-879">
         <name>.text:close</name>
         <load_address>0x10ba2</load_address>
         <run_address>0x10ba2</run_address>
         <size>0x5a</size>
         <input_file_ref idref="fl-76"/>
      </object_component>
      <object_component id="oc-8b3">
         <name>.text:getdevice</name>
         <load_address>0x10bfc</load_address>
         <run_address>0x10bfc</run_address>
         <size>0x5a</size>
         <input_file_ref idref="fl-7a"/>
      </object_component>
      <object_component id="oc-691">
         <name>.text:__TI_auto_init_nobinit_nopinit_hold_wdt:__TI_auto_init_nobinit_nopinit_hold_wdt</name>
         <load_address>0x10c56</load_address>
         <run_address>0x10c56</run_address>
         <size>0x54</size>
         <input_file_ref idref="fl-52"/>
      </object_component>
      <object_component id="oc-84c">
         <name>.text:HOSTclose</name>
         <load_address>0x10caa</load_address>
         <run_address>0x10caa</run_address>
         <size>0x4e</size>
         <input_file_ref idref="fl-67"/>
      </object_component>
      <object_component id="oc-673">
         <name>.text:exit</name>
         <load_address>0x10cf8</load_address>
         <run_address>0x10cf8</run_address>
         <size>0x4a</size>
         <input_file_ref idref="fl-57"/>
      </object_component>
      <object_component id="oc-661">
         <name>.text:printf</name>
         <load_address>0x10d42</load_address>
         <run_address>0x10d42</run_address>
         <size>0x4a</size>
         <input_file_ref idref="fl-5b"/>
      </object_component>
      <object_component id="oc-727">
         <name>.text:_pproc_str</name>
         <load_address>0x10d8c</load_address>
         <run_address>0x10d8c</run_address>
         <size>0x48</size>
         <input_file_ref idref="fl-5c"/>
      </object_component>
      <object_component id="oc-864">
         <name>.text:HOSTunlink</name>
         <load_address>0x10dd4</load_address>
         <run_address>0x10dd4</run_address>
         <size>0x46</size>
         <input_file_ref idref="fl-6c"/>
      </object_component>
      <object_component id="oc-833">
         <name>.text:minit</name>
         <load_address>0x10e1a</load_address>
         <run_address>0x10e1a</run_address>
         <size>0x42</size>
         <input_file_ref idref="fl-77"/>
      </object_component>
      <object_component id="oc-8a0">
         <name>.text:l_lsl_const</name>
         <load_address>0x10e5c</load_address>
         <run_address>0x10e5c</run_address>
         <size>0x3e</size>
         <input_file_ref idref="fl-6f"/>
      </object_component>
      <object_component id="oc-7eb">
         <name>.text:lseek</name>
         <load_address>0x10e9a</load_address>
         <run_address>0x10e9a</run_address>
         <size>0x3e</size>
         <input_file_ref idref="fl-65"/>
      </object_component>
      <object_component id="oc-780">
         <name>.text:write</name>
         <load_address>0x10ed8</load_address>
         <run_address>0x10ed8</run_address>
         <size>0x3c</size>
         <input_file_ref idref="fl-66"/>
      </object_component>
      <object_component id="oc-7ff">
         <name>.text:__TI_cleanup</name>
         <load_address>0x10f14</load_address>
         <run_address>0x10f14</run_address>
         <size>0x36</size>
         <input_file_ref idref="fl-74"/>
      </object_component>
      <object_component id="oc-88d">
         <name>.text:__TI_writemsg</name>
         <load_address>0x10f4a</load_address>
         <run_address>0x10f4a</run_address>
         <size>0x36</size>
         <input_file_ref idref="fl-6e"/>
      </object_component>
      <object_component id="oc-893">
         <name>.text:__TI_readmsg</name>
         <load_address>0x10f80</load_address>
         <run_address>0x10f80</run_address>
         <size>0x32</size>
         <input_file_ref idref="fl-6e"/>
      </object_component>
      <object_component id="oc-8dc">
         <name>.text:strncpy</name>
         <load_address>0x10fb2</load_address>
         <run_address>0x10fb2</run_address>
         <size>0x32</size>
         <input_file_ref idref="fl-80"/>
      </object_component>
      <object_component id="oc-880">
         <name>.text:unlink</name>
         <load_address>0x10fe4</load_address>
         <run_address>0x10fe4</run_address>
         <size>0x30</size>
         <input_file_ref idref="fl-81"/>
      </object_component>
      <object_component id="oc-8e2">
         <name>.text:finddevice</name>
         <load_address>0x11014</load_address>
         <run_address>0x11014</run_address>
         <size>0x2e</size>
         <input_file_ref idref="fl-7a"/>
      </object_component>
      <object_component id="oc-643">
         <name>.text:__mpu_init</name>
         <load_address>0x11042</load_address>
         <run_address>0x11042</run_address>
         <size>0x2c</size>
         <input_file_ref idref="fl-50"/>
      </object_component>
      <object_component id="oc-5d2">
         <name>.text:decompress:ZI:__TI_zero_init_nomemset:__TI_zero_init_nomemset</name>
         <load_address>0x1106e</load_address>
         <run_address>0x1106e</run_address>
         <size>0x24</size>
         <input_file_ref idref="fl-49"/>
      </object_component>
      <object_component id="oc-799">
         <name>.text:memccpy</name>
         <load_address>0x11092</load_address>
         <run_address>0x11092</run_address>
         <size>0x1e</size>
         <input_file_ref idref="fl-70"/>
      </object_component>
      <object_component id="oc-8d6">
         <name>.text:strchr</name>
         <load_address>0x110b0</load_address>
         <run_address>0x110b0</run_address>
         <size>0x1c</size>
         <input_file_ref idref="fl-7c"/>
      </object_component>
      <object_component id="oc-8fb">
         <name>.text:strcmp</name>
         <load_address>0x110cc</load_address>
         <run_address>0x110cc</run_address>
         <size>0x1c</size>
         <input_file_ref idref="fl-7d"/>
      </object_component>
      <object_component id="oc-75d">
         <name>.text</name>
         <load_address>0x110e8</load_address>
         <run_address>0x110e8</run_address>
         <size>0x18</size>
         <input_file_ref idref="fl-4a"/>
      </object_component>
      <object_component id="oc-774">
         <name>.text:memchr</name>
         <load_address>0x11100</load_address>
         <run_address>0x11100</run_address>
         <size>0x16</size>
         <input_file_ref idref="fl-71"/>
      </object_component>
      <object_component id="oc-78c">
         <name>.text:memset</name>
         <load_address>0x11116</load_address>
         <run_address>0x11116</run_address>
         <size>0x16</size>
         <input_file_ref idref="fl-72"/>
      </object_component>
      <object_component id="oc-7dc">
         <name>.text</name>
         <load_address>0x1112c</load_address>
         <run_address>0x1112c</run_address>
         <size>0x16</size>
         <input_file_ref idref="fl-5d"/>
      </object_component>
      <object_component id="oc-5c0">
         <name>.text:memcpy</name>
         <load_address>0x11142</load_address>
         <run_address>0x11142</run_address>
         <size>0x14</size>
         <input_file_ref idref="fl-5a"/>
      </object_component>
      <object_component id="oc-7f">
         <name>.text:decompress:none:__TI_decompress_none</name>
         <load_address>0x11156</load_address>
         <run_address>0x11156</run_address>
         <size>0x12</size>
         <input_file_ref idref="fl-2c"/>
      </object_component>
      <object_component id="oc-8a9">
         <name>.text:strcpy</name>
         <load_address>0x11168</load_address>
         <run_address>0x11168</run_address>
         <size>0x12</size>
         <input_file_ref idref="fl-7e"/>
      </object_component>
      <object_component id="oc-71b">
         <name>.text:strlen</name>
         <load_address>0x1117a</load_address>
         <run_address>0x1117a</run_address>
         <size>0xe</size>
         <input_file_ref idref="fl-7f"/>
      </object_component>
      <object_component id="oc-6bd">
         <name>.text:_outc</name>
         <load_address>0x11188</load_address>
         <run_address>0x11188</run_address>
         <size>0x6</size>
         <input_file_ref idref="fl-5b"/>
      </object_component>
      <object_component id="oc-66d">
         <name>.text:abort</name>
         <load_address>0x1118e</load_address>
         <run_address>0x1118e</run_address>
         <size>0x6</size>
         <input_file_ref idref="fl-57"/>
      </object_component>
      <object_component id="oc-6b7">
         <name>.text:_outs</name>
         <load_address>0x11194</load_address>
         <run_address>0x11194</run_address>
         <size>0x4</size>
         <input_file_ref idref="fl-5b"/>
      </object_component>
      <object_component id="oc-62b">
         <name>.text:_system_pre_init</name>
         <load_address>0x11198</load_address>
         <run_address>0x11198</run_address>
         <size>0x4</size>
         <input_file_ref idref="fl-54"/>
      </object_component>
      <object_component id="oc-700">
         <name>.text:_nop</name>
         <load_address>0x1119c</load_address>
         <run_address>0x1119c</run_address>
         <size>0x2</size>
         <input_file_ref idref="fl-59"/>
      </object_component>
      <object_component id="oc-6df">
         <name>.text:_system_post_cinit</name>
         <load_address>0x1119e</load_address>
         <run_address>0x1119e</run_address>
         <size>0x2</size>
         <input_file_ref idref="fl-53"/>
      </object_component>
      <object_component id="oc-82c">
         <name>.bss</name>
         <uninitialized>true</uninitialized>
         <run_address>0x1e32</run_address>
         <size>0xa</size>
         <input_file_ref idref="fl-77"/>
      </object_component>
      <object_component id="oc-87f">
         <name>.common:__TI_tmpnams</name>
         <uninitialized>true</uninitialized>
         <run_address>0x1d92</run_address>
         <size>0xa0</size>
      </object_component>
      <object_component id="oc-88a">
         <name>.common:parmbuf</name>
         <uninitialized>true</uninitialized>
         <run_address>0x1e3c</run_address>
         <size>0x8</size>
      </object_component>
      <object_component id="oc-6d4">
         <name>.data</name>
         <load_address>0x1d8e</load_address>
         <run_address>0x1d8e</run_address>
         <size>0x2</size>
         <input_file_ref idref="fl-57"/>
      </object_component>
      <object_component id="oc-6da">
         <name>.data:__TI_cleanup_ptr</name>
         <load_address>0x1d7c</load_address>
         <run_address>0x1d7c</run_address>
         <size>0x4</size>
         <input_file_ref idref="fl-58"/>
      </object_component>
      <object_component id="oc-6d7">
         <name>.data:__TI_dtors_ptr</name>
         <load_address>0x1d80</load_address>
         <run_address>0x1d80</run_address>
         <size>0x4</size>
         <input_file_ref idref="fl-58"/>
      </object_component>
      <object_component id="oc-6b1">
         <name>.data:_lock</name>
         <load_address>0x1d84</load_address>
         <run_address>0x1d84</run_address>
         <size>0x4</size>
         <input_file_ref idref="fl-59"/>
      </object_component>
      <object_component id="oc-6c9">
         <name>.data:_unlock</name>
         <load_address>0x1d88</load_address>
         <run_address>0x1d88</run_address>
         <size>0x4</size>
         <input_file_ref idref="fl-59"/>
      </object_component>
      <object_component id="oc-6b4">
         <name>.data:_ftable</name>
         <load_address>0x1c00</load_address>
         <run_address>0x1c00</run_address>
         <size>0xc8</size>
         <input_file_ref idref="fl-5f"/>
      </object_component>
      <object_component id="oc-840">
         <name>.data</name>
         <load_address>0x1d8c</load_address>
         <run_address>0x1d8c</run_address>
         <size>0x2</size>
         <input_file_ref idref="fl-5f"/>
      </object_component>
      <object_component id="oc-812">
         <name>.data:_device</name>
         <load_address>0x1cc8</load_address>
         <run_address>0x1cc8</run_address>
         <size>0x78</size>
         <input_file_ref idref="fl-66"/>
      </object_component>
      <object_component id="oc-7cf">
         <name>.data:_stream</name>
         <load_address>0x1d40</load_address>
         <run_address>0x1d40</run_address>
         <size>0x3c</size>
         <input_file_ref idref="fl-66"/>
      </object_component>
      <object_component id="oc-830">
         <name>.data</name>
         <load_address>0x1d90</load_address>
         <run_address>0x1d90</run_address>
         <size>0x2</size>
         <input_file_ref idref="fl-77"/>
      </object_component>
      <object_component id="oc-5ae">
         <name>.stack</name>
         <uninitialized>true</uninitialized>
         <run_address>0x20e0</run_address>
         <size>0x4</size>
         <input_file_ref idref="fl-4f"/>
      </object_component>
      <object_component id="oc-980">
         <name>.stack</name>
         <uninitialized>true</uninitialized>
         <run_address>0x20e0</run_address>
         <size>0x0</size>
      </object_component>
      <object_component id="oc-85">
         <name>.int27</name>
         <load_address>0xffc6</load_address>
         <run_address>0xffc6</run_address>
         <size>0x2</size>
         <input_file_ref idref="fl-2d"/>
      </object_component>
      <object_component id="oc-86">
         <name>.int28</name>
         <load_address>0xffc8</load_address>
         <run_address>0xffc8</run_address>
         <size>0x2</size>
         <input_file_ref idref="fl-2f"/>
      </object_component>
      <object_component id="oc-87">
         <name>.int30</name>
         <load_address>0xffcc</load_address>
         <run_address>0xffcc</run_address>
         <size>0x2</size>
         <input_file_ref idref="fl-30"/>
      </object_component>
      <object_component id="oc-88">
         <name>.int31</name>
         <load_address>0xffce</load_address>
         <run_address>0xffce</run_address>
         <size>0x2</size>
         <input_file_ref idref="fl-31"/>
      </object_component>
      <object_component id="oc-89">
         <name>.int32</name>
         <load_address>0xffd0</load_address>
         <run_address>0xffd0</run_address>
         <size>0x2</size>
         <input_file_ref idref="fl-32"/>
      </object_component>
      <object_component id="oc-8a">
         <name>.int33</name>
         <load_address>0xffd2</load_address>
         <run_address>0xffd2</run_address>
         <size>0x2</size>
         <input_file_ref idref="fl-33"/>
      </object_component>
      <object_component id="oc-8b">
         <name>.int34</name>
         <load_address>0xffd4</load_address>
         <run_address>0xffd4</run_address>
         <size>0x2</size>
         <input_file_ref idref="fl-34"/>
      </object_component>
      <object_component id="oc-8c">
         <name>.int35</name>
         <load_address>0xffd6</load_address>
         <run_address>0xffd6</run_address>
         <size>0x2</size>
         <input_file_ref idref="fl-35"/>
      </object_component>
      <object_component id="oc-8d">
         <name>.int36</name>
         <load_address>0xffd8</load_address>
         <run_address>0xffd8</run_address>
         <size>0x2</size>
         <input_file_ref idref="fl-36"/>
      </object_component>
      <object_component id="oc-8e">
         <name>.int37</name>
         <load_address>0xffda</load_address>
         <run_address>0xffda</run_address>
         <size>0x2</size>
         <input_file_ref idref="fl-37"/>
      </object_component>
      <object_component id="oc-8f">
         <name>.int38</name>
         <load_address>0xffdc</load_address>
         <run_address>0xffdc</run_address>
         <size>0x2</size>
         <input_file_ref idref="fl-38"/>
      </object_component>
      <object_component id="oc-90">
         <name>.int39</name>
         <load_address>0xffde</load_address>
         <run_address>0xffde</run_address>
         <size>0x2</size>
         <input_file_ref idref="fl-39"/>
      </object_component>
      <object_component id="oc-91">
         <name>.int40</name>
         <load_address>0xffe0</load_address>
         <run_address>0xffe0</run_address>
         <size>0x2</size>
         <input_file_ref idref="fl-3a"/>
      </object_component>
      <object_component id="oc-92">
         <name>.int41</name>
         <load_address>0xffe2</load_address>
         <run_address>0xffe2</run_address>
         <size>0x2</size>
         <input_file_ref idref="fl-3b"/>
      </object_component>
      <object_component id="oc-93">
         <name>.int42</name>
         <load_address>0xffe4</load_address>
         <run_address>0xffe4</run_address>
         <size>0x2</size>
         <input_file_ref idref="fl-3c"/>
      </object_component>
      <object_component id="oc-94">
         <name>.int43</name>
         <load_address>0xffe6</load_address>
         <run_address>0xffe6</run_address>
         <size>0x2</size>
         <input_file_ref idref="fl-3d"/>
      </object_component>
      <object_component id="oc-95">
         <name>.int44</name>
         <load_address>0xffe8</load_address>
         <run_address>0xffe8</run_address>
         <size>0x2</size>
         <input_file_ref idref="fl-3e"/>
      </object_component>
      <object_component id="oc-96">
         <name>.int45</name>
         <load_address>0xffea</load_address>
         <run_address>0xffea</run_address>
         <size>0x2</size>
         <input_file_ref idref="fl-3f"/>
      </object_component>
      <object_component id="oc-97">
         <name>.int46</name>
         <load_address>0xffec</load_address>
         <run_address>0xffec</run_address>
         <size>0x2</size>
         <input_file_ref idref="fl-40"/>
      </object_component>
      <object_component id="oc-98">
         <name>.int47</name>
         <load_address>0xffee</load_address>
         <run_address>0xffee</run_address>
         <size>0x2</size>
         <input_file_ref idref="fl-41"/>
      </object_component>
      <object_component id="oc-99">
         <name>.int48</name>
         <load_address>0xfff0</load_address>
         <run_address>0xfff0</run_address>
         <size>0x2</size>
         <input_file_ref idref="fl-42"/>
      </object_component>
      <object_component id="oc-9a">
         <name>.int49</name>
         <load_address>0xfff2</load_address>
         <run_address>0xfff2</run_address>
         <size>0x2</size>
         <input_file_ref idref="fl-43"/>
      </object_component>
      <object_component id="oc-9b">
         <name>.int50</name>
         <load_address>0xfff4</load_address>
         <run_address>0xfff4</run_address>
         <size>0x2</size>
         <input_file_ref idref="fl-44"/>
      </object_component>
      <object_component id="oc-9c">
         <name>.int51</name>
         <load_address>0xfff6</load_address>
         <run_address>0xfff6</run_address>
         <size>0x2</size>
         <input_file_ref idref="fl-45"/>
      </object_component>
      <object_component id="oc-9d">
         <name>.int52</name>
         <load_address>0xfff8</load_address>
         <run_address>0xfff8</run_address>
         <size>0x2</size>
         <input_file_ref idref="fl-46"/>
      </object_component>
      <object_component id="oc-9e">
         <name>.int53</name>
         <load_address>0xfffa</load_address>
         <run_address>0xfffa</run_address>
         <size>0x2</size>
         <input_file_ref idref="fl-47"/>
      </object_component>
      <object_component id="oc-9f">
         <name>.int54</name>
         <load_address>0xfffc</load_address>
         <run_address>0xfffc</run_address>
         <size>0x2</size>
         <input_file_ref idref="fl-48"/>
      </object_component>
      <object_component id="oc-5b1">
         <name>.reset</name>
         <load_address>0xfffe</load_address>
         <run_address>0xfffe</run_address>
         <size>0x2</size>
         <input_file_ref idref="fl-4f"/>
      </object_component>
      <object_component id="oc-7b2">
         <name>.debug_info</name>
         <load_address>0x0</load_address>
         <run_address>0x0</run_address>
         <size>0x298</size>
         <input_file_ref idref="fl-2"/>
      </object_component>
      <object_component id="oc-668">
         <name>.debug_info</name>
         <load_address>0x298</load_address>
         <run_address>0x298</run_address>
         <size>0xed</size>
         <input_file_ref idref="fl-2"/>
      </object_component>
      <object_component id="oc-7e6">
         <name>.debug_info</name>
         <load_address>0x385</load_address>
         <run_address>0x385</run_address>
         <size>0x26b</size>
         <input_file_ref idref="fl-2"/>
      </object_component>
      <object_component id="oc-7ad">
         <name>.debug_info</name>
         <load_address>0x5f0</load_address>
         <run_address>0x5f0</run_address>
         <size>0x8b</size>
         <input_file_ref idref="fl-2"/>
      </object_component>
      <object_component id="oc-742">
         <name>.debug_info</name>
         <load_address>0x67b</load_address>
         <run_address>0x67b</run_address>
         <size>0x275</size>
         <input_file_ref idref="fl-2"/>
      </object_component>
      <object_component id="oc-6ce">
         <name>.debug_info</name>
         <load_address>0x8f0</load_address>
         <run_address>0x8f0</run_address>
         <size>0xbb</size>
         <input_file_ref idref="fl-2"/>
      </object_component>
      <object_component id="oc-632">
         <name>.debug_info</name>
         <load_address>0x9ab</load_address>
         <run_address>0x9ab</run_address>
         <size>0x115</size>
         <input_file_ref idref="fl-3"/>
      </object_component>
      <object_component id="oc-5bb">
         <name>.debug_info</name>
         <load_address>0xac0</load_address>
         <run_address>0xac0</run_address>
         <size>0x84</size>
         <input_file_ref idref="fl-3"/>
      </object_component>
      <object_component id="oc-72f">
         <name>.debug_info</name>
         <load_address>0xb44</load_address>
         <run_address>0xb44</run_address>
         <size>0x2c</size>
         <input_file_ref idref="fl-3"/>
      </object_component>
      <object_component id="oc-618">
         <name>.debug_info</name>
         <load_address>0xb70</load_address>
         <run_address>0xb70</run_address>
         <size>0x17b</size>
         <input_file_ref idref="fl-2b"/>
      </object_component>
      <object_component id="oc-7a">
         <name>.debug_info</name>
         <load_address>0xceb</load_address>
         <run_address>0xceb</run_address>
         <size>0x250</size>
         <input_file_ref idref="fl-2b"/>
      </object_component>
      <object_component id="oc-5b6">
         <name>.debug_info</name>
         <load_address>0xf3b</load_address>
         <run_address>0xf3b</run_address>
         <size>0x60</size>
         <input_file_ref idref="fl-2b"/>
      </object_component>
      <object_component id="oc-654">
         <name>.debug_info</name>
         <load_address>0xf9b</load_address>
         <run_address>0xf9b</run_address>
         <size>0x46</size>
         <input_file_ref idref="fl-2b"/>
      </object_component>
      <object_component id="oc-613">
         <name>.debug_info</name>
         <load_address>0xfe1</load_address>
         <run_address>0xfe1</run_address>
         <size>0x39</size>
         <input_file_ref idref="fl-2b"/>
      </object_component>
      <object_component id="oc-5cc">
         <name>.debug_info</name>
         <load_address>0x101a</load_address>
         <run_address>0x101a</run_address>
         <size>0x18f</size>
         <input_file_ref idref="fl-2c"/>
      </object_component>
      <object_component id="oc-80">
         <name>.debug_info</name>
         <load_address>0x11a9</load_address>
         <run_address>0x11a9</run_address>
         <size>0x1d3</size>
         <input_file_ref idref="fl-2c"/>
      </object_component>
      <object_component id="oc-5c7">
         <name>.debug_info</name>
         <load_address>0x137c</load_address>
         <run_address>0x137c</run_address>
         <size>0x46</size>
         <input_file_ref idref="fl-2c"/>
      </object_component>
      <object_component id="oc-5ce">
         <name>.debug_info</name>
         <load_address>0x13c2</load_address>
         <run_address>0x13c2</run_address>
         <size>0x112</size>
         <input_file_ref idref="fl-2e"/>
      </object_component>
      <object_component id="oc-629">
         <name>.debug_info</name>
         <load_address>0x14d4</load_address>
         <run_address>0x14d4</run_address>
         <size>0x1c9</size>
         <input_file_ref idref="fl-49"/>
      </object_component>
      <object_component id="oc-5d3">
         <name>.debug_info</name>
         <load_address>0x169d</load_address>
         <run_address>0x169d</run_address>
         <size>0x1d7</size>
         <input_file_ref idref="fl-49"/>
      </object_component>
      <object_component id="oc-624">
         <name>.debug_info</name>
         <load_address>0x1874</load_address>
         <run_address>0x1874</run_address>
         <size>0x46</size>
         <input_file_ref idref="fl-49"/>
      </object_component>
      <object_component id="oc-75e">
         <name>.debug_info</name>
         <load_address>0x18ba</load_address>
         <run_address>0x18ba</run_address>
         <size>0x133</size>
         <input_file_ref idref="fl-4a"/>
      </object_component>
      <object_component id="oc-5af">
         <name>.debug_info</name>
         <load_address>0x19ed</load_address>
         <run_address>0x19ed</run_address>
         <size>0x100</size>
         <input_file_ref idref="fl-4f"/>
      </object_component>
      <object_component id="oc-5fd">
         <name>.debug_info</name>
         <load_address>0x1aed</load_address>
         <run_address>0x1aed</run_address>
         <size>0x193</size>
         <input_file_ref idref="fl-4f"/>
      </object_component>
      <object_component id="oc-644">
         <name>.debug_info</name>
         <load_address>0x1c80</load_address>
         <run_address>0x1c80</run_address>
         <size>0xf2</size>
         <input_file_ref idref="fl-50"/>
      </object_component>
      <object_component id="oc-6e6">
         <name>.debug_info</name>
         <load_address>0x1d72</load_address>
         <run_address>0x1d72</run_address>
         <size>0x49b</size>
         <input_file_ref idref="fl-52"/>
      </object_component>
      <object_component id="oc-692">
         <name>.debug_info</name>
         <load_address>0x220d</load_address>
         <run_address>0x220d</run_address>
         <size>0x230</size>
         <input_file_ref idref="fl-52"/>
      </object_component>
      <object_component id="oc-753">
         <name>.debug_info</name>
         <load_address>0x243d</load_address>
         <run_address>0x243d</run_address>
         <size>0x39</size>
         <input_file_ref idref="fl-52"/>
      </object_component>
      <object_component id="oc-764">
         <name>.debug_info</name>
         <load_address>0x2476</load_address>
         <run_address>0x2476</run_address>
         <size>0x2c</size>
         <input_file_ref idref="fl-52"/>
      </object_component>
      <object_component id="oc-6f1">
         <name>.debug_info</name>
         <load_address>0x24a2</load_address>
         <run_address>0x24a2</run_address>
         <size>0x2c</size>
         <input_file_ref idref="fl-52"/>
      </object_component>
      <object_component id="oc-758">
         <name>.debug_info</name>
         <load_address>0x24ce</load_address>
         <run_address>0x24ce</run_address>
         <size>0xcd</size>
         <input_file_ref idref="fl-52"/>
      </object_component>
      <object_component id="oc-6e0">
         <name>.debug_info</name>
         <load_address>0x259b</load_address>
         <run_address>0x259b</run_address>
         <size>0x150</size>
         <input_file_ref idref="fl-53"/>
      </object_component>
      <object_component id="oc-62c">
         <name>.debug_info</name>
         <load_address>0x26eb</load_address>
         <run_address>0x26eb</run_address>
         <size>0x153</size>
         <input_file_ref idref="fl-54"/>
      </object_component>
      <object_component id="oc-61b">
         <name>.debug_info</name>
         <load_address>0x283e</load_address>
         <run_address>0x283e</run_address>
         <size>0x2c</size>
         <input_file_ref idref="fl-55"/>
      </object_component>
      <object_component id="oc-6de">
         <name>.debug_info</name>
         <load_address>0x286a</load_address>
         <run_address>0x286a</run_address>
         <size>0x233</size>
         <input_file_ref idref="fl-57"/>
      </object_component>
      <object_component id="oc-6d5">
         <name>.debug_info</name>
         <load_address>0x2a9d</load_address>
         <run_address>0x2a9d</run_address>
         <size>0x132</size>
         <input_file_ref idref="fl-57"/>
      </object_component>
      <object_component id="oc-66e">
         <name>.debug_info</name>
         <load_address>0x2bcf</load_address>
         <run_address>0x2bcf</run_address>
         <size>0x122</size>
         <input_file_ref idref="fl-57"/>
      </object_component>
      <object_component id="oc-674">
         <name>.debug_info</name>
         <load_address>0x2cf1</load_address>
         <run_address>0x2cf1</run_address>
         <size>0x197</size>
         <input_file_ref idref="fl-57"/>
      </object_component>
      <object_component id="oc-74b">
         <name>.debug_info</name>
         <load_address>0x2e88</load_address>
         <run_address>0x2e88</run_address>
         <size>0x103</size>
         <input_file_ref idref="fl-58"/>
      </object_component>
      <object_component id="oc-6db">
         <name>.debug_info</name>
         <load_address>0x2f8b</load_address>
         <run_address>0x2f8b</run_address>
         <size>0x11a</size>
         <input_file_ref idref="fl-58"/>
      </object_component>
      <object_component id="oc-6d8">
         <name>.debug_info</name>
         <load_address>0x30a5</load_address>
         <run_address>0x30a5</run_address>
         <size>0x116</size>
         <input_file_ref idref="fl-58"/>
      </object_component>
      <object_component id="oc-708">
         <name>.debug_info</name>
         <load_address>0x31bb</load_address>
         <run_address>0x31bb</run_address>
         <size>0x168</size>
         <input_file_ref idref="fl-59"/>
      </object_component>
      <object_component id="oc-6b2">
         <name>.debug_info</name>
         <load_address>0x3323</load_address>
         <run_address>0x3323</run_address>
         <size>0xff</size>
         <input_file_ref idref="fl-59"/>
      </object_component>
      <object_component id="oc-6ca">
         <name>.debug_info</name>
         <load_address>0x3422</load_address>
         <run_address>0x3422</run_address>
         <size>0x103</size>
         <input_file_ref idref="fl-59"/>
      </object_component>
      <object_component id="oc-701">
         <name>.debug_info</name>
         <load_address>0x3525</load_address>
         <run_address>0x3525</run_address>
         <size>0x12e</size>
         <input_file_ref idref="fl-59"/>
      </object_component>
      <object_component id="oc-61a">
         <name>.debug_info</name>
         <load_address>0x3653</load_address>
         <run_address>0x3653</run_address>
         <size>0x19a</size>
         <input_file_ref idref="fl-5a"/>
      </object_component>
      <object_component id="oc-5c1">
         <name>.debug_info</name>
         <load_address>0x37ed</load_address>
         <run_address>0x37ed</run_address>
         <size>0x17a</size>
         <input_file_ref idref="fl-5a"/>
      </object_component>
      <object_component id="oc-6cd">
         <name>.debug_info</name>
         <load_address>0x3967</load_address>
         <run_address>0x3967</run_address>
         <size>0x2d6</size>
         <input_file_ref idref="fl-5b"/>
      </object_component>
      <object_component id="oc-6be">
         <name>.debug_info</name>
         <load_address>0x3c3d</load_address>
         <run_address>0x3c3d</run_address>
         <size>0x162</size>
         <input_file_ref idref="fl-5b"/>
      </object_component>
      <object_component id="oc-6b8">
         <name>.debug_info</name>
         <load_address>0x3d9f</load_address>
         <run_address>0x3d9f</run_address>
         <size>0x166</size>
         <input_file_ref idref="fl-5b"/>
      </object_component>
      <object_component id="oc-662">
         <name>.debug_info</name>
         <load_address>0x3f05</load_address>
         <run_address>0x3f05</run_address>
         <size>0x184</size>
         <input_file_ref idref="fl-5b"/>
      </object_component>
      <object_component id="oc-73d">
         <name>.debug_info</name>
         <load_address>0x4089</load_address>
         <run_address>0x4089</run_address>
         <size>0xb2</size>
         <input_file_ref idref="fl-5b"/>
      </object_component>
      <object_component id="oc-72e">
         <name>.debug_info</name>
         <load_address>0x413b</load_address>
         <run_address>0x413b</run_address>
         <size>0x3bc</size>
         <input_file_ref idref="fl-5c"/>
      </object_component>
      <object_component id="oc-794">
         <name>.debug_info</name>
         <load_address>0x44f7</load_address>
         <run_address>0x44f7</run_address>
         <size>0x29b</size>
         <input_file_ref idref="fl-5c"/>
      </object_component>
      <object_component id="oc-722">
         <name>.debug_info</name>
         <load_address>0x4792</load_address>
         <run_address>0x4792</run_address>
         <size>0x28f</size>
         <input_file_ref idref="fl-5c"/>
      </object_component>
      <object_component id="oc-728">
         <name>.debug_info</name>
         <load_address>0x4a21</load_address>
         <run_address>0x4a21</run_address>
         <size>0x22c</size>
         <input_file_ref idref="fl-5c"/>
      </object_component>
      <object_component id="oc-6c4">
         <name>.debug_info</name>
         <load_address>0x4c4d</load_address>
         <run_address>0x4c4d</run_address>
         <size>0x2d4</size>
         <input_file_ref idref="fl-5c"/>
      </object_component>
      <object_component id="oc-734">
         <name>.debug_info</name>
         <load_address>0x4f21</load_address>
         <run_address>0x4f21</run_address>
         <size>0x86</size>
         <input_file_ref idref="fl-5c"/>
      </object_component>
      <object_component id="oc-7a8">
         <name>.debug_info</name>
         <load_address>0x4fa7</load_address>
         <run_address>0x4fa7</run_address>
         <size>0x39</size>
         <input_file_ref idref="fl-5c"/>
      </object_component>
      <object_component id="oc-7a3">
         <name>.debug_info</name>
         <load_address>0x4fe0</load_address>
         <run_address>0x4fe0</run_address>
         <size>0x2c</size>
         <input_file_ref idref="fl-5c"/>
      </object_component>
      <object_component id="oc-7dd">
         <name>.debug_info</name>
         <load_address>0x500c</load_address>
         <run_address>0x500c</run_address>
         <size>0x124</size>
         <input_file_ref idref="fl-5d"/>
      </object_component>
      <object_component id="oc-70b">
         <name>.debug_info</name>
         <load_address>0x5130</load_address>
         <run_address>0x5130</run_address>
         <size>0x13e</size>
         <input_file_ref idref="fl-5f"/>
      </object_component>
      <object_component id="oc-6b5">
         <name>.debug_info</name>
         <load_address>0x526e</load_address>
         <run_address>0x526e</run_address>
         <size>0x102</size>
         <input_file_ref idref="fl-5f"/>
      </object_component>
      <object_component id="oc-841">
         <name>.debug_info</name>
         <load_address>0x5370</load_address>
         <run_address>0x5370</run_address>
         <size>0x10a</size>
         <input_file_ref idref="fl-5f"/>
      </object_component>
      <object_component id="oc-789">
         <name>.debug_info</name>
         <load_address>0x547a</load_address>
         <run_address>0x547a</run_address>
         <size>0x26a</size>
         <input_file_ref idref="fl-60"/>
      </object_component>
      <object_component id="oc-715">
         <name>.debug_info</name>
         <load_address>0x56e4</load_address>
         <run_address>0x56e4</run_address>
         <size>0x1d0</size>
         <input_file_ref idref="fl-60"/>
      </object_component>
      <object_component id="oc-7ce">
         <name>.debug_info</name>
         <load_address>0x58b4</load_address>
         <run_address>0x58b4</run_address>
         <size>0x229</size>
         <input_file_ref idref="fl-61"/>
      </object_component>
      <object_component id="oc-77b">
         <name>.debug_info</name>
         <load_address>0x5add</load_address>
         <run_address>0x5add</run_address>
         <size>0x184</size>
         <input_file_ref idref="fl-61"/>
      </object_component>
      <object_component id="oc-7ca">
         <name>.debug_info</name>
         <load_address>0x5c61</load_address>
         <run_address>0x5c61</run_address>
         <size>0x1e7</size>
         <input_file_ref idref="fl-62"/>
      </object_component>
      <object_component id="oc-76f">
         <name>.debug_info</name>
         <load_address>0x5e48</load_address>
         <run_address>0x5e48</run_address>
         <size>0x196</size>
         <input_file_ref idref="fl-62"/>
      </object_component>
      <object_component id="oc-807">
         <name>.debug_info</name>
         <load_address>0x5fde</load_address>
         <run_address>0x5fde</run_address>
         <size>0xbf</size>
         <input_file_ref idref="fl-62"/>
      </object_component>
      <object_component id="oc-787">
         <name>.debug_info</name>
         <load_address>0x609d</load_address>
         <run_address>0x609d</run_address>
         <size>0x2f2</size>
         <input_file_ref idref="fl-63"/>
      </object_component>
      <object_component id="oc-70e">
         <name>.debug_info</name>
         <load_address>0x638f</load_address>
         <run_address>0x638f</run_address>
         <size>0x2c7</size>
         <input_file_ref idref="fl-63"/>
      </object_component>
      <object_component id="oc-7f2">
         <name>.debug_info</name>
         <load_address>0x6656</load_address>
         <run_address>0x6656</run_address>
         <size>0x206</size>
         <input_file_ref idref="fl-64"/>
      </object_component>
      <object_component id="oc-7be">
         <name>.debug_info</name>
         <load_address>0x685c</load_address>
         <run_address>0x685c</run_address>
         <size>0x1e9</size>
         <input_file_ref idref="fl-64"/>
      </object_component>
      <object_component id="oc-81e">
         <name>.debug_info</name>
         <load_address>0x6a45</load_address>
         <run_address>0x6a45</run_address>
         <size>0x2c</size>
         <input_file_ref idref="fl-64"/>
      </object_component>
      <object_component id="oc-829">
         <name>.debug_info</name>
         <load_address>0x6a71</load_address>
         <run_address>0x6a71</run_address>
         <size>0x283</size>
         <input_file_ref idref="fl-65"/>
      </object_component>
      <object_component id="oc-7ec">
         <name>.debug_info</name>
         <load_address>0x6cf4</load_address>
         <run_address>0x6cf4</run_address>
         <size>0x1c2</size>
         <input_file_ref idref="fl-65"/>
      </object_component>
      <object_component id="oc-819">
         <name>.debug_info</name>
         <load_address>0x6eb6</load_address>
         <run_address>0x6eb6</run_address>
         <size>0x120</size>
         <input_file_ref idref="fl-65"/>
      </object_component>
      <object_component id="oc-7d3">
         <name>.debug_info</name>
         <load_address>0x6fd6</load_address>
         <run_address>0x6fd6</run_address>
         <size>0x3c6</size>
         <input_file_ref idref="fl-66"/>
      </object_component>
      <object_component id="oc-813">
         <name>.debug_info</name>
         <load_address>0x739c</load_address>
         <run_address>0x739c</run_address>
         <size>0x103</size>
         <input_file_ref idref="fl-66"/>
      </object_component>
      <object_component id="oc-7d0">
         <name>.debug_info</name>
         <load_address>0x749f</load_address>
         <run_address>0x749f</run_address>
         <size>0x103</size>
         <input_file_ref idref="fl-66"/>
      </object_component>
      <object_component id="oc-781">
         <name>.debug_info</name>
         <load_address>0x75a2</load_address>
         <run_address>0x75a2</run_address>
         <size>0x1c1</size>
         <input_file_ref idref="fl-66"/>
      </object_component>
      <object_component id="oc-89b">
         <name>.debug_info</name>
         <load_address>0x7763</load_address>
         <run_address>0x7763</run_address>
         <size>0x25a</size>
         <input_file_ref idref="fl-67"/>
      </object_component>
      <object_component id="oc-84d">
         <name>.debug_info</name>
         <load_address>0x79bd</load_address>
         <run_address>0x79bd</run_address>
         <size>0x1bc</size>
         <input_file_ref idref="fl-67"/>
      </object_component>
      <object_component id="oc-8a6">
         <name>.debug_info</name>
         <load_address>0x7b79</load_address>
         <run_address>0x7b79</run_address>
         <size>0x264</size>
         <input_file_ref idref="fl-68"/>
      </object_component>
      <object_component id="oc-85f">
         <name>.debug_info</name>
         <load_address>0x7ddd</load_address>
         <run_address>0x7ddd</run_address>
         <size>0x235</size>
         <input_file_ref idref="fl-68"/>
      </object_component>
      <object_component id="oc-88b">
         <name>.debug_info</name>
         <load_address>0x8012</load_address>
         <run_address>0x8012</run_address>
         <size>0x294</size>
         <input_file_ref idref="fl-69"/>
      </object_component>
      <object_component id="oc-847">
         <name>.debug_info</name>
         <load_address>0x82a6</load_address>
         <run_address>0x82a6</run_address>
         <size>0x20c</size>
         <input_file_ref idref="fl-69"/>
      </object_component>
      <object_component id="oc-89d">
         <name>.debug_info</name>
         <load_address>0x84b2</load_address>
         <run_address>0x84b2</run_address>
         <size>0x263</size>
         <input_file_ref idref="fl-6a"/>
      </object_component>
      <object_component id="oc-855">
         <name>.debug_info</name>
         <load_address>0x8715</load_address>
         <run_address>0x8715</run_address>
         <size>0x1fb</size>
         <input_file_ref idref="fl-6a"/>
      </object_component>
      <object_component id="oc-8b0">
         <name>.debug_info</name>
         <load_address>0x8910</load_address>
         <run_address>0x8910</run_address>
         <size>0x2c6</size>
         <input_file_ref idref="fl-6b"/>
      </object_component>
      <object_component id="oc-86c">
         <name>.debug_info</name>
         <load_address>0x8bd6</load_address>
         <run_address>0x8bd6</run_address>
         <size>0x236</size>
         <input_file_ref idref="fl-6b"/>
      </object_component>
      <object_component id="oc-8a8">
         <name>.debug_info</name>
         <load_address>0x8e0c</load_address>
         <run_address>0x8e0c</run_address>
         <size>0x27d</size>
         <input_file_ref idref="fl-6c"/>
      </object_component>
      <object_component id="oc-866">
         <name>.debug_info</name>
         <load_address>0x9089</load_address>
         <run_address>0x9089</run_address>
         <size>0x1c6</size>
         <input_file_ref idref="fl-6c"/>
      </object_component>
      <object_component id="oc-89f">
         <name>.debug_info</name>
         <load_address>0x924f</load_address>
         <run_address>0x924f</run_address>
         <size>0x264</size>
         <input_file_ref idref="fl-6d"/>
      </object_component>
      <object_component id="oc-85b">
         <name>.debug_info</name>
         <load_address>0x94b3</load_address>
         <run_address>0x94b3</run_address>
         <size>0x200</size>
         <input_file_ref idref="fl-6d"/>
      </object_component>
      <object_component id="oc-8c3">
         <name>.debug_info</name>
         <load_address>0x96b3</load_address>
         <run_address>0x96b3</run_address>
         <size>0x1a7</size>
         <input_file_ref idref="fl-6e"/>
      </object_component>
      <object_component id="oc-8c0">
         <name>.debug_info</name>
         <load_address>0x985a</load_address>
         <run_address>0x985a</run_address>
         <size>0x106</size>
         <input_file_ref idref="fl-6e"/>
      </object_component>
      <object_component id="oc-88e">
         <name>.debug_info</name>
         <load_address>0x9960</load_address>
         <run_address>0x9960</run_address>
         <size>0x1df</size>
         <input_file_ref idref="fl-6e"/>
      </object_component>
      <object_component id="oc-894">
         <name>.debug_info</name>
         <load_address>0x9b3f</load_address>
         <run_address>0x9b3f</run_address>
         <size>0x19a</size>
         <input_file_ref idref="fl-6e"/>
      </object_component>
      <object_component id="oc-8a1">
         <name>.debug_info</name>
         <load_address>0x9cd9</load_address>
         <run_address>0x9cd9</run_address>
         <size>0x129</size>
         <input_file_ref idref="fl-6f"/>
      </object_component>
      <object_component id="oc-7e3">
         <name>.debug_info</name>
         <load_address>0x9e02</load_address>
         <run_address>0x9e02</run_address>
         <size>0x178</size>
         <input_file_ref idref="fl-70"/>
      </object_component>
      <object_component id="oc-79a">
         <name>.debug_info</name>
         <load_address>0x9f7a</load_address>
         <run_address>0x9f7a</run_address>
         <size>0x1b6</size>
         <input_file_ref idref="fl-70"/>
      </object_component>
      <object_component id="oc-7cc">
         <name>.debug_info</name>
         <load_address>0xa130</load_address>
         <run_address>0xa130</run_address>
         <size>0x187</size>
         <input_file_ref idref="fl-71"/>
      </object_component>
      <object_component id="oc-775">
         <name>.debug_info</name>
         <load_address>0xa2b7</load_address>
         <run_address>0xa2b7</run_address>
         <size>0x256</size>
         <input_file_ref idref="fl-71"/>
      </object_component>
      <object_component id="oc-7db">
         <name>.debug_info</name>
         <load_address>0xa50d</load_address>
         <run_address>0xa50d</run_address>
         <size>0x177</size>
         <input_file_ref idref="fl-72"/>
      </object_component>
      <object_component id="oc-78d">
         <name>.debug_info</name>
         <load_address>0xa684</load_address>
         <run_address>0xa684</run_address>
         <size>0x27b</size>
         <input_file_ref idref="fl-72"/>
      </object_component>
      <object_component id="oc-806">
         <name>.debug_info</name>
         <load_address>0xa8ff</load_address>
         <run_address>0xa8ff</run_address>
         <size>0x25b</size>
         <input_file_ref idref="fl-73"/>
      </object_component>
      <object_component id="oc-7c4">
         <name>.debug_info</name>
         <load_address>0xab5a</load_address>
         <run_address>0xab5a</run_address>
         <size>0x1fe</size>
         <input_file_ref idref="fl-73"/>
      </object_component>
      <object_component id="oc-800">
         <name>.debug_info</name>
         <load_address>0xad58</load_address>
         <run_address>0xad58</run_address>
         <size>0x176</size>
         <input_file_ref idref="fl-74"/>
      </object_component>
      <object_component id="oc-887">
         <name>.debug_info</name>
         <load_address>0xaece</load_address>
         <run_address>0xaece</run_address>
         <size>0x287</size>
         <input_file_ref idref="fl-75"/>
[...]
         <value>0x6ac</value>
      </symbol>
      <symbol id="sm-504">
         <name>UCB1IFG_H</name>
         <value>0x6ad</value>
      </symbol>
      <symbol id="sm-505">
         <name>UCB1IV</name>
         <value>0x6ae</value>
      </symbol>
      <symbol id="sm-506">
         <name>WDTCTL</name>
         <value>0x15c</value>
      </symbol>
      <symbol id="sm-507">
         <name>WDTCTL_L</name>
         <value>0x15c</value>
      </symbol>
      <symbol id="sm-508">
         <name>WDTCTL_H</name>
         <value>0x15d</value>
      </symbol>
      <symbol id="sm-509">
         <name>fram_rw_start</name>
         <value>0x4400</value>
      </symbol>
      <symbol id="sm-50a">
         <name>fram_ipe_start</name>
         <value>0x4c00</value>
      </symbol>
      <symbol id="sm-50b">
         <name>fram_ipe_end</name>
         <value>0x4c00</value>
      </symbol>
      <symbol id="sm-50c">
         <name>fram_rx_start</name>
         <value>0x4c00</value>
      </symbol>
      <symbol id="sm-50d">
         <name>__TI_CINIT_Base</name>
         <value>0x4cbe</value>
      </symbol>
      <symbol id="sm-50e">
         <name>__TI_CINIT_Limit</name>
         <value>0x4cce</value>
      </symbol>
      <symbol id="sm-50f">
         <name>__TI_Handler_Table_Base</name>
         <value>0x4cac</value>
      </symbol>
      <symbol id="sm-510">
         <name>__TI_Handler_Table_Limit</name>
         <value>0x4cb8</value>
      </symbol>
      <symbol id="sm-511">
         <name>__STACK_SIZE</name>
         <value>0x320</value>
      </symbol>
      <symbol id="sm-512">
         <name>__STACK_END</name>
         <value>0x2400</value>
      </symbol>
      <symbol id="sm-513">
         <name>__SYSMEM_SIZE</name>
         <value>0x400</value>
      </symbol>
      <symbol id="sm-514">
         <name>__c_args__</name>
         <value>0xffffffff</value>
      </symbol>
      <symbol id="sm-515">
         <name>__TI_pprof_out_hndl</name>
         <value>0xffffffff</value>
      </symbol>
      <symbol id="sm-516">
         <name>__TI_prof_data_start</name>
         <value>0xffffffff</value>
      </symbol>
      <symbol id="sm-517">
         <name>__TI_prof_data_size</name>
         <value>0xffffffff</value>
      </symbol>
      <symbol id="sm-5aa">
         <name>main</name>
         <value>0x1072a</value>
         <object_component_ref idref="oc-631"/>
      </symbol>
      <symbol id="sm-5ce">
         <name>__TI_decompress_lzss</name>
         <value>0x10830</value>
         <object_component_ref idref="oc-79"/>
      </symbol>
      <symbol id="sm-5df">
         <name>__TI_decompress_none</name>
         <value>0x11156</value>
         <object_component_ref idref="oc-7f"/>
      </symbol>
      <symbol id="sm-5e2">
         <name>__TI_int27</name>
         <value>0xffc6</value>
         <object_component_ref idref="oc-85"/>
      </symbol>
      <symbol id="sm-5ea">
         <name>__TI_ISR_TRAP</name>
         <value>0x4c20</value>
         <object_component_ref idref="oc-5cd"/>
      </symbol>
      <symbol id="sm-5ed">
         <name>__TI_int28</name>
         <value>0xffc8</value>
         <object_component_ref idref="oc-86"/>
      </symbol>
      <symbol id="sm-5f0">
         <name>__TI_int30</name>
         <value>0xffcc</value>
         <object_component_ref idref="oc-87"/>
      </symbol>
      <symbol id="sm-5f3">
         <name>__TI_int31</name>
         <value>0xffce</value>
         <object_component_ref idref="oc-88"/>
      </symbol>
      <symbol id="sm-5f6">
         <name>__TI_int32</name>
         <value>0xffd0</value>
         <object_component_ref idref="oc-89"/>
      </symbol>
      <symbol id="sm-5f9">
         <name>__TI_int33</name>
         <value>0xffd2</value>
         <object_component_ref idref="oc-8a"/>
      </symbol>
      <symbol id="sm-5fc">
         <name>__TI_int34</name>
         <value>0xffd4</value>
         <object_component_ref idref="oc-8b"/>
      </symbol>
      <symbol id="sm-5ff">
         <name>__TI_int35</name>
         <value>0xffd6</value>
         <object_component_ref idref="oc-8c"/>
      </symbol>
      <symbol id="sm-602">
         <name>__TI_int36</name>
         <value>0xffd8</value>
         <object_component_ref idref="oc-8d"/>
      </symbol>
      <symbol id="sm-605">
         <name>__TI_int37</name>
         <value>0xffda</value>
         <object_component_ref idref="oc-8e"/>
      </symbol>
      <symbol id="sm-608">
         <name>__TI_int38</name>
         <value>0xffdc</value>
         <object_component_ref idref="oc-8f"/>
      </symbol>
      <symbol id="sm-60b">
         <name>__TI_int39</name>
         <value>0xffde</value>
         <object_component_ref idref="oc-90"/>
      </symbol>
      <symbol id="sm-60e">
         <name>__TI_int40</name>
         <value>0xffe0</value>
         <object_component_ref idref="oc-91"/>
      </symbol>
      <symbol id="sm-611">
         <name>__TI_int41</name>
         <value>0xffe2</value>
         <object_component_ref idref="oc-92"/>
      </symbol>
      <symbol id="sm-614">
         <name>__TI_int42</name>
         <value>0xffe4</value>
         <object_component_ref idref="oc-93"/>
      </symbol>
      <symbol id="sm-617">
         <name>__TI_int43</name>
         <value>0xffe6</value>
         <object_component_ref idref="oc-94"/>
      </symbol>
      <symbol id="sm-61a">
         <name>__TI_int44</name>
         <value>0xffe8</value>
         <object_component_ref idref="oc-95"/>
      </symbol>
      <symbol id="sm-61d">
         <name>__TI_int45</name>
         <value>0xffea</value>
         <object_component_ref idref="oc-96"/>
      </symbol>
      <symbol id="sm-620">
         <name>__TI_int46</name>
         <value>0xffec</value>
         <object_component_ref idref="oc-97"/>
      </symbol>
      <symbol id="sm-623">
         <name>__TI_int47</name>
         <value>0xffee</value>
         <object_component_ref idref="oc-98"/>
      </symbol>
      <symbol id="sm-626">
         <name>__TI_int48</name>
         <value>0xfff0</value>
         <object_component_ref idref="oc-99"/>
      </symbol>
      <symbol id="sm-629">
         <name>__TI_int49</name>
         <value>0xfff2</value>
         <object_component_ref idref="oc-9a"/>
      </symbol>
      <symbol id="sm-62c">
         <name>__TI_int50</name>
         <value>0xfff4</value>
         <object_component_ref idref="oc-9b"/>
      </symbol>
      <symbol id="sm-62f">
         <name>__TI_int51</name>
         <value>0xfff6</value>
         <object_component_ref idref="oc-9c"/>
      </symbol>
      <symbol id="sm-632">
         <name>__TI_int52</name>
         <value>0xfff8</value>
         <object_component_ref idref="oc-9d"/>
      </symbol>
      <symbol id="sm-635">
         <name>__TI_int53</name>
         <value>0xfffa</value>
         <object_component_ref idref="oc-9e"/>
      </symbol>
      <symbol id="sm-638">
         <name>__TI_int54</name>
         <value>0xfffc</value>
         <object_component_ref idref="oc-9f"/>
      </symbol>
      <symbol id="sm-64b">
         <name>__TI_zero_init_nomemset</name>
         <value>0x1106e</value>
         <object_component_ref idref="oc-5d2"/>
      </symbol>
      <symbol id="sm-653">
         <name>__mspabi_mpyi_f5hw</name>
         <value>0x110e8</value>
         <object_component_ref idref="oc-75d"/>
      </symbol>
      <symbol id="sm-667">
         <name>_c_int00_noargs_mpu</name>
         <value>0x4c00</value>
         <object_component_ref idref="oc-5fc"/>
      </symbol>
      <symbol id="sm-668">
         <name>_stack</name>
         <value>0x20e0</value>
         <object_component_ref idref="oc-5ae"/>
      </symbol>
      <symbol id="sm-669">
         <name>_reset_vector</name>
         <value>0xfffe</value>
         <object_component_ref idref="oc-5b1"/>
      </symbol>
      <symbol id="sm-672">
         <name>__mpu_init</name>
         <value>0x11042</value>
         <object_component_ref idref="oc-643"/>
      </symbol>
      <symbol id="sm-696">
         <name>__TI_auto_init_nobinit_nopinit_hold_wdt</name>
         <value>0x10c56</value>
         <object_component_ref idref="oc-691"/>
      </symbol>
      <symbol id="sm-69f">
         <name>_system_post_cinit</name>
         <value>0x1119e</value>
         <object_component_ref idref="oc-6df"/>
      </symbol>
      <symbol id="sm-6a8">
         <name>_system_pre_init</name>
         <value>0x11198</value>
         <object_component_ref idref="oc-62b"/>
      </symbol>
      <symbol id="sm-6cc">
         <name>C$$EXIT</name>
         <value>0x1118e</value>
         <object_component_ref idref="oc-66d"/>
      </symbol>
      <symbol id="sm-6cd">
         <name>abort</name>
         <value>0x1118e</value>
         <object_component_ref idref="oc-66d"/>
      </symbol>
      <symbol id="sm-6ce">
         <name>__TI_enable_exit_profile_output</name>
         <value>0x1d8e</value>
         <object_component_ref idref="oc-6d4"/>
      </symbol>
      <symbol id="sm-6cf">
         <name>exit</name>
         <value>0x10cf8</value>
         <object_component_ref idref="oc-673"/>
      </symbol>
      <symbol id="sm-6de">
         <name>__TI_dtors_ptr</name>
         <value>0x1d80</value>
         <object_component_ref idref="oc-6d7"/>
      </symbol>
      <symbol id="sm-6df">
         <name>__TI_cleanup_ptr</name>
         <value>0x1d7c</value>
         <object_component_ref idref="oc-6da"/>
      </symbol>
      <symbol id="sm-6f5">
         <name>_nop</name>
         <value>0x1119c</value>
         <object_component_ref idref="oc-700"/>
      </symbol>
      <symbol id="sm-6f6">
         <name>_lock</name>
         <value>0x1d84</value>
         <object_component_ref idref="oc-6b1"/>
      </symbol>
      <symbol id="sm-6f7">
         <name>_unlock</name>
         <value>0x1d88</value>
         <object_component_ref idref="oc-6c9"/>
      </symbol>
      <symbol id="sm-705">
         <name>memcpy</name>
         <value>0x11142</value>
         <object_component_ref idref="oc-5c0"/>
      </symbol>
      <symbol id="sm-728">
         <name>printf</name>
         <value>0x10d42</value>
         <object_component_ref idref="oc-661"/>
      </symbol>
      <symbol id="sm-781">
         <name>__TI_printfi_minimal</name>
         <value>0x10300</value>
         <object_component_ref idref="oc-6c3"/>
      </symbol>
      <symbol id="sm-78b">
         <name>__mspabi_remu</name>
         <value>0x1112c</value>
         <object_component_ref idref="oc-7dc"/>
      </symbol>
      <symbol id="sm-78c">
         <name>__mspabi_divu</name>
         <value>0x1112c</value>
         <object_component_ref idref="oc-7dc"/>
      </symbol>
      <symbol id="sm-79d">
         <name>__TI_tmpnams</name>
         <value>0x1d92</value>
      </symbol>
      <symbol id="sm-79e">
         <name>_ftable</name>
         <value>0x1c00</value>
         <object_component_ref idref="oc-6b4"/>
      </symbol>
      <symbol id="sm-79f">
         <name>__TI_ft_end</name>
         <value>0x1d8c</value>
         <object_component_ref idref="oc-840"/>
      </symbol>
      <symbol id="sm-7b2">
         <name>putc</name>
         <value>0x1060c</value>
         <object_component_ref idref="oc-714"/>
      </symbol>
      <symbol id="sm-7b3">
         <name>fputc</name>
         <value>0x1060c</value>
         <object_component_ref idref="oc-714"/>
      </symbol>
      <symbol id="sm-7c4">
         <name>__TI_doflush</name>
         <value>0x10b3e</value>
         <object_component_ref idref="oc-77a"/>
      </symbol>
      <symbol id="sm-7dc">
         <name>__TI_wrt_ok</name>
         <value>0x107b2</value>
         <object_component_ref idref="oc-76e"/>
      </symbol>
      <symbol id="sm-7f4">
         <name>fputs</name>
         <value>0x10132</value>
         <object_component_ref idref="oc-70d"/>
      </symbol>
      <symbol id="sm-809">
         <name>fseek</name>
         <value>0x10ad4</value>
         <object_component_ref idref="oc-7bd"/>
      </symbol>
      <symbol id="sm-81c">
         <name>lseek</name>
         <value>0x10e9a</value>
         <object_component_ref idref="oc-7eb"/>
      </symbol>
      <symbol id="sm-834">
         <name>_stream</name>
         <value>0x1d40</value>
         <object_component_ref idref="oc-7cf"/>
      </symbol>
      <symbol id="sm-835">
         <name>_device</name>
         <value>0x1cc8</value>
         <object_component_ref idref="oc-812"/>
      </symbol>
      <symbol id="sm-836">
         <name>write</name>
         <value>0x10ed8</value>
         <object_component_ref idref="oc-780"/>
      </symbol>
      <symbol id="sm-842">
         <name>HOSTclose</name>
         <value>0x10caa</value>
         <object_component_ref idref="oc-84c"/>
      </symbol>
      <symbol id="sm-84e">
         <name>HOSTlseek</name>
         <value>0x10572</value>
         <object_component_ref idref="oc-85e"/>
      </symbol>
      <symbol id="sm-85c">
         <name>parmbuf</name>
         <value>0x1e3c</value>
      </symbol>
      <symbol id="sm-85d">
         <name>HOSTopen</name>
         <value>0x1098e</value>
         <object_component_ref idref="oc-846"/>
      </symbol>
      <symbol id="sm-86a">
         <name>HOSTread</name>
         <value>0x10a6a</value>
         <object_component_ref idref="oc-852"/>
      </symbol>
      <symbol id="sm-876">
         <name>HOSTrename</name>
         <value>0x108a6</value>
         <object_component_ref idref="oc-86a"/>
      </symbol>
      <symbol id="sm-882">
         <name>HOSTunlink</name>
         <value>0x10dd4</value>
         <object_component_ref idref="oc-864"/>
      </symbol>
      <symbol id="sm-88f">
         <name>HOSTwrite</name>
         <value>0x109fe</value>
         <object_component_ref idref="oc-858"/>
      </symbol>
      <symbol id="sm-8ad">
         <name>__TI_readmsg</name>
         <value>0x10f80</value>
         <object_component_ref idref="oc-893"/>
      </symbol>
      <symbol id="sm-8ae">
         <name>C$$IO$$</name>
         <value>0x10f7c</value>
         <object_component_ref idref="oc-88d"/>
      </symbol>
      <symbol id="sm-8af">
         <name>_CIOBUF_</name>
         <value>0x4400</value>
         <object_component_ref idref="oc-8bf"/>
      </symbol>
      <symbol id="sm-8b0">
         <name>__TI_writemsg</name>
         <value>0x10f4a</value>
         <object_component_ref idref="oc-88d"/>
      </symbol>
      <symbol id="sm-8b8">
         <name>__mspabi_slll_9</name>
         <value>0x10e74</value>
         <object_component_ref idref="oc-8a0"/>
      </symbol>
      <symbol id="sm-8b9">
         <name>__mspabi_slll_8</name>
         <value>0x10e78</value>
         <object_component_ref idref="oc-8a0"/>
      </symbol>
      <symbol id="sm-8ba">
         <name>__mspabi_slll_7</name>
         <value>0x10e7c</value>
         <object_component_ref idref="oc-8a0"/>
      </symbol>
      <symbol id="sm-8bb">
         <name>__mspabi_slll_6</name>
         <value>0x10e80</value>
         <object_component_ref idref="oc-8a0"/>
      </symbol>
      <symbol id="sm-8bc">
         <name>__mspabi_slll_5</name>
         <value>0x10e84</value>
         <object_component_ref idref="oc-8a0"/>
      </symbol>
      <symbol id="sm-8bd">
         <name>__mspabi_slll_4</name>
         <value>0x10e88</value>
         <object_component_ref idref="oc-8a0"/>
      </symbol>
      <symbol id="sm-8be">
         <name>__mspabi_slll_3</name>
         <value>0x10e8c</value>
         <object_component_ref idref="oc-8a0"/>
      </symbol>
      <symbol id="sm-8bf">
         <name>__mspabi_slll_2</name>
         <value>0x10e90</value>
         <object_component_ref idref="oc-8a0"/>
      </symbol>
      <symbol id="sm-8c0">
         <name>__mspabi_slll_1</name>
         <value>0x10e94</value>
         <object_component_ref idref="oc-8a0"/>
      </symbol>
      <symbol id="sm-8c1">
         <name>__mspabi_slll_15</name>
         <value>0x10e5c</value>
         <object_component_ref idref="oc-8a0"/>
      </symbol>
      <symbol id="sm-8c2">
         <name>__mspabi_slll_14</name>
         <value>0x10e60</value>
         <object_component_ref idref="oc-8a0"/>
      </symbol>
      <symbol id="sm-8c3">
         <name>__mspabi_slll_13</name>
         <value>0x10e64</value>
         <object_component_ref idref="oc-8a0"/>
      </symbol>
      <symbol id="sm-8c4">
         <name>__mspabi_slll_12</name>
         <value>0x10e68</value>
         <object_component_ref idref="oc-8a0"/>
      </symbol>
      <symbol id="sm-8c5">
         <name>__mspabi_slll_11</name>
         <value>0x10e6c</value>
         <object_component_ref idref="oc-8a0"/>
      </symbol>
      <symbol id="sm-8c6">
         <name>__mspabi_slll_10</name>
         <value>0x10e70</value>
         <object_component_ref idref="oc-8a0"/>
      </symbol>
      <symbol id="sm-8d5">
         <name>memccpy</name>
         <value>0x11092</value>
         <object_component_ref idref="oc-799"/>
      </symbol>
      <symbol id="sm-8e4">
         <name>memchr</name>
         <value>0x11100</value>
         <object_component_ref idref="oc-774"/>
      </symbol>
      <symbol id="sm-8f2">
         <name>memset</name>
         <value>0x11116</value>
         <object_component_ref idref="oc-78c"/>
      </symbol>
      <symbol id="sm-90a">
         <name>setvbuf</name>
         <value>0x10222</value>
         <object_component_ref idref="oc-7c3"/>
      </symbol>
      <symbol id="sm-916">
         <name>__TI_cleanup</name>
         <value>0x10f14</value>
         <object_component_ref idref="oc-7ff"/>
      </symbol>
      <symbol id="sm-927">
         <name>__TI_closefile</name>
         <value>0x1091a</value>
         <object_component_ref idref="oc-83a"/>
      </symbol>
      <symbol id="sm-939">
         <name>close</name>
         <value>0x10ba2</value>
         <object_component_ref idref="oc-879"/>
      </symbol>
      <symbol id="sm-988">
         <name>_sys_memory</name>
         <value>0x4520</value>
         <object_component_ref idref="oc-5b2"/>
      </symbol>
      <symbol id="sm-989">
         <name>free</name>
         <value>0x1069c</value>
         <object_component_ref idref="oc-7f3"/>
      </symbol>
      <symbol id="sm-98a">
         <name>malloc</name>
         <value>0x104b6</value>
         <object_component_ref idref="oc-7f9"/>
      </symbol>
      <symbol id="sm-98b">
         <name>minit</name>
         <value>0x10e1a</value>
         <object_component_ref idref="oc-833"/>
      </symbol>
      <symbol id="sm-9ac">
         <name>finddevice</name>
         <value>0x11014</value>
         <object_component_ref idref="oc-8e2"/>
      </symbol>
      <symbol id="sm-9ad">
         <name>getdevice</name>
         <value>0x10bfc</value>
         <object_component_ref idref="oc-8b3"/>
      </symbol>
      <symbol id="sm-9bd">
         <name>strchr</name>
         <value>0x110b0</value>
         <object_component_ref idref="oc-8d6"/>
      </symbol>
      <symbol id="sm-9cb">
         <name>strcmp</name>
         <value>0x110cc</value>
         <object_component_ref idref="oc-8fb"/>
      </symbol>
      <symbol id="sm-9d8">
         <name>strcpy</name>
         <value>0x11168</value>
         <object_component_ref idref="oc-8a9"/>
      </symbol>
      <symbol id="sm-9e5">
         <name>strlen</name>
         <value>0x1117a</value>
         <object_component_ref idref="oc-71b"/>
      </symbol>
      <symbol id="sm-9f5">
         <name>strncpy</name>
         <value>0x10fb2</value>
         <object_component_ref idref="oc-8dc"/>
      </symbol>
      <symbol id="sm-a01">
         <name>unlink</name>
         <value>0x10fe4</value>
         <object_component_ref idref="oc-880"/>
      </symbol>
      <symbol id="sm-a06">
         <name>remove</name>
         <value>0x10fe4</value>
      </symbol>
   </symbol_table>
   <title>Link successful</title>
</link_info>
