<?xml version="1.0" encoding="ISO-8859-1" ?>
<link_info>
   <banner>MSP430 Linker Unix v18.12.3.LTS</banner>
   <copyright>Copyright (c) 2003-2018 Texas Instruments Incorporated</copyright>
   <link_time>0x5ddbde02</link_time>
   <link_errors>0x0</link_errors>
   <output_file>ULPSense.out</output_file>
   <entry_point>
      <name>_c_int00_noargs_mpu</name>
      <address>0x4c00</address>
   </entry_point>
   <input_file_list>
      <input_file id="fl-2">
         <path>./</path>
         <kind>object</kind>
         <file>adxl.obj</file>
         <name>adxl.obj</name>
      </input_file>
      <input_file id="fl-3">
         <path>./</path>
         <kind>object</kind>
         <file>cc1101.obj</file>
         <name>cc1101.obj</name>
      </input_file>
      <input_file id="fl-4">
         <path>./</path>
         <kind>object</kind>
         <file>main.obj</file>
         <name>main.obj</name>
      </input_file>
      <input_file id="fl-5">
         <path>./</path>
         <kind>object</kind>
         <file>spi.obj</file>
         <name>spi.obj</name>
      </input_file>
      <input_file id="fl-c">
         <kind>object</kind>
         <file>&lt;internal&gt;</file>
         <name>&lt;internal&gt;</name>
      </input_file>
      <input_file id="fl-2c">
         <path>/Applications/ti/ccs920/ccs/tools/compiler/ti-cgt-msp430_18.12.3.LTS/lib/</path>
         <kind>archive</kind>
         <file>rts430x_lc_rd_eabi.lib</file>
         <name>copy_decompress_lzss.c.obj</name>
      </input_file>
      <input_file id="fl-2d">
         <path>/Applications/ti/ccs920/ccs/tools/compiler/ti-cgt-msp430_18.12.3.LTS/lib/</path>
         <kind>archive</kind>
         <file>rts430x_lc_rd_eabi.lib</file>
         <name>copy_decompress_none.c.obj</name>
      </input_file>
      <input_file id="fl-2e">
         <path>/Applications/ti/ccs920/ccs/tools/compiler/ti-cgt-msp430_18.12.3.LTS/lib/</path>
         <kind>archive</kind>
         <file>rts430x_lc_rd_eabi.lib</file>
         <name>int27.asm.obj</name>
      </input_file>
      <input_file id="fl-2f">
         <path>/Applications/ti/ccs920/ccs/tools/compiler/ti-cgt-msp430_18.12.3.LTS/lib/</path>
         <kind>archive</kind>
         <file>rts430x_lc_rd_eabi.lib</file>
         <name>isr_trap.asm.obj</name>
      </input_file>
      <input_file id="fl-30">
         <path>/Applications/ti/ccs920/ccs/tools/compiler/ti-cgt-msp430_18.12.3.LTS/lib/</path>
         <kind>archive</kind>
         <file>rts430x_lc_rd_eabi.lib</file>
         <name>int28.asm.obj</name>
      </input_file>
      <input_file id="fl-31">
         <path>/Applications/ti/ccs920/ccs/tools/compiler/ti-cgt-msp430_18.12.3.LTS/lib/</path>
         <kind>archive</kind>
         <file>rts430x_lc_rd_eabi.lib</file>
         <name>int30.asm.obj</name>
      </input_file>
      <input_file id="fl-32">
         <path>/Applications/ti/ccs920/ccs/tools/compiler/ti-cgt-msp430_18.12.3.LTS/lib/</path>
         <kind>archive</kind>
         <file>rts430x_lc_rd_eabi.lib</file>
         <name>int31.asm.obj</name>
      </input_file>
      <input_file id="fl-33">
         <path>/Applications/ti/ccs920/ccs/tools/compiler/ti-cgt-msp430_18.12.3.LTS/lib/</path>
         <kind>archive</kind>
         <file>rts430x_lc_rd_eabi.lib</file>
         <name>int32.asm.obj</name>
      </input_file>
      <input_file id="fl-34">
         <path>/Applications/ti/ccs920/ccs/tools/compiler/ti-cgt-msp430_18.12.3.LTS/lib/</path>
         <kind>archive</kind>
         <file>rts430x_lc_rd_eabi.lib</file>
         <name>int33.asm.obj</name>
      </input_file>
      <input_file id="fl-35">
         <path>/Applications/ti/ccs920/ccs/tools/compiler/ti-cgt-msp430_18.12.3.LTS/lib/</path>
         <kind>archive</kind>
         <file>rts430x_lc_rd_eabi.lib</file>
         <name>int34.asm.obj</name>
      </input_file>
      <input_file id="fl-36">
         <path>/Applications/ti/ccs920/ccs/tools/compiler/ti-cgt-msp430_18.12.3.LTS/lib/</path>
         <kind>archive</kind>
         <file>rts430x_lc_rd_eabi.lib</file>
         <name>int35.asm.obj</name>
      </input_file>
      <input_file id="fl-37">
         <path>/Applications/ti/ccs920/ccs/tools/compiler/ti-cgt-msp430_18.12.3.LTS/lib/</path>
         <kind>archive</kind>
         <file>rts430x_lc_rd_eabi.lib</file>
         <name>int37.asm.obj</name>
      </input_file>
      <input_file id="fl-38">
         <path>/Applications/ti/ccs920/ccs/tools/compiler/ti-cgt-msp430_18.12.3.LTS/lib/</path>
         <kind>archive</kind>
         <file>rts430x_lc_rd_eabi.lib</file>
         <name>int38.asm.obj</name>
      </input_file>
      <input_file id="fl-39">
         <path>/Applications/ti/ccs920/ccs/tools/compiler/ti-cgt-msp430_18.12.3.LTS/lib/</path>
         <kind>archive</kind>
         <file>rts430x_lc_rd_eabi.lib</file>
         <name>int39.asm.obj</name>
      </input_file>
      <input_file id="fl-3a">
         <path>/Applications/ti/ccs920/ccs/tools/compiler/ti-cgt-msp430_18.12.3.LTS/lib/</path>
         <kind>archive</kind>
         <file>rts430x_lc_rd_eabi.lib</file>
         <name>int40.asm.obj</name>
      </input_file>
      <input_file id="fl-3b">
         <path>/Applications/ti/ccs920/ccs/tools/compiler/ti-cgt-msp430_18.12.3.LTS/lib/</path>
         <kind>archive</kind>
         <file>rts430x_lc_rd_eabi.lib</file>
         <name>int41.asm.obj</name>
      </input_file>
      <input_file id="fl-3c">
         <path>/Applications/ti/ccs920/ccs/tools/compiler/ti-cgt-msp430_18.12.3.LTS/lib/</path>
         <kind>archive</kind>
         <file>rts430x_lc_rd_eabi.lib</file>
         <name>int42.asm.obj</name>
      </input_file>
      <input_file id="fl-3d">
         <path>/Applications/ti/ccs920/ccs/tools/compiler/ti-cgt-msp430_18.12.3.LTS/lib/</path>
         <kind>archive</kind>
         <file>rts430x_lc_rd_eabi.lib</file>
         <name>int43.asm.obj</name>
      </input_file>
      <input_file id="fl-3e">
         <path>/Applications/ti/ccs920/ccs/tools/compiler/ti-cgt-msp430_18.12.3.LTS/lib/</path>
         <kind>archive</kind>
         <file>rts430x_lc_rd_eabi.lib</file>
         <name>int44.asm.obj</name>
      </input_file>
      <input_file id="fl-3f">
         <path>/Applications/ti/ccs920/ccs/tools/compiler/ti-cgt-msp430_18.12.3.LTS/lib/</path>
         <kind>archive</kind>
         <file>rts430x_lc_rd_eabi.lib</file>
         <name>int45.asm.obj</name>
      </input_file>
      <input_file id="fl-40">
         <path>/Applications/ti/ccs920/ccs/tools/compiler/ti-cgt-msp430_18.12.3.LTS/lib/</path>
         <kind>archive</kind>
         <file>rts430x_lc_rd_eabi.lib</file>
         <name>int46.asm.obj</name>
      </input_file>
      <input_file id="fl-41">
         <path>/Applications/ti/ccs920/ccs/tools/compiler/ti-cgt-msp430_18.12.3.LTS/lib/</path>
         <kind>archive</kind>
         <file>rts430x_lc_rd_eabi.lib</file>
         <name>int47.asm.obj</name>
      </input_file>
      <input_file id="fl-42">
         <path>/Applications/ti/ccs920/ccs/tools/compiler/ti-cgt-msp430_18.12.3.LTS/lib/</path>
         <kind>archive</kind>
         <file>rts430x_lc_rd_eabi.lib</file>
         <name>int48.asm.obj</name>
      </input_file>
      <input_file id="fl-43">
         <path>/Applications/ti/ccs920/ccs/tools/compiler/ti-cgt-msp430_18.12.3.LTS/lib/</path>
         <kind>archive</kind>
         <file>rts430x_lc_rd_eabi.lib</file>
         <name>int49.asm.obj</name>
      </input_file>
      <input_file id="fl-44">
         <path>/Applications/ti/ccs920/ccs/tools/compiler/ti-cgt-msp430_18.12.3.LTS/lib/</path>
         <kind>archive</kind>
         <file>rts430x_lc_rd_eabi.lib</file>
         <name>int50.asm.obj</name>
      </input_file>
      <input_file id="fl-45">
         <path>/Applications/ti/ccs920/ccs/tools/compiler/ti-cgt-msp430_18.12.3.LTS/lib/</path>
         <kind>archive</kind>
         <file>rts430x_lc_rd_eabi.lib</file>
         <name>int51.asm.obj</name>
      </input_file>
      <input_file id="fl-46">
         <path>/Applications/ti/ccs920/ccs/tools/compiler/ti-cgt-msp430_18.12.3.LTS/lib/</path>
         <kind>archive</kind>
         <file>rts430x_lc_rd_eabi.lib</file>
         <name>int52.asm.obj</name>
      </input_file>
      <input_file id="fl-47">
         <path>/Applications/ti/ccs920/ccs/tools/compiler/ti-cgt-msp430_18.12.3.LTS/lib/</path>
         <kind>archive</kind>
         <file>rts430x_lc_rd_eabi.lib</file>
         <name>int53.asm.obj</name>
      </input_file>
      <input_file id="fl-48">
         <path>/Applications/ti/ccs920/ccs/tools/compiler/ti-cgt-msp430_18.12.3.LTS/lib/</path>
         <kind>archive</kind>
         <file>rts430x_lc_rd_eabi.lib</file>
         <name>int54.asm.obj</name>
      </input_file>
      <input_file id="fl-49">
         <path>/Applications/ti/ccs920/ccs/tools/compiler/ti-cgt-msp430_18.12.3.LTS/lib/</path>
         <kind>archive</kind>
         <file>rts430x_lc_rd_eabi.lib</file>
         <name>copy_zero_init.c.obj</name>
      </input_file>
      <input_file id="fl-4a">
         <path>/Applications/ti/ccs920/ccs/tools/compiler/ti-cgt-msp430_18.12.3.LTS/lib/</path>
         <kind>archive</kind>
         <file>rts430x_lc_rd_eabi.lib</file>
         <name>mult16.asm.obj</name>
      </input_file>
      <input_file id="fl-4b">
         <path>/Applications/ti/ccs920/ccs/tools/compiler/ti-cgt-msp430_18.12.3.LTS/lib/</path>
         <kind>archive</kind>
         <file>rts430x_lc_rd_eabi.lib</file>
         <name>mult16_f5hw.asm.obj</name>
      </input_file>
      <input_file id="fl-4c">
         <path>/Applications/ti/ccs920/ccs/tools/compiler/ti-cgt-msp430_18.12.3.LTS/lib/</path>
         <kind>archive</kind>
         <file>rts430x_lc_rd_eabi.lib</file>
         <name>mult32_f5hw.asm.obj</name>
      </input_file>
      <input_file id="fl-4d">
         <path>/Applications/ti/ccs920/ccs/tools/compiler/ti-cgt-msp430_18.12.3.LTS/lib/</path>
         <kind>archive</kind>
         <file>rts430x_lc_rd_eabi.lib</file>
         <name>mult64_f5hw.asm.obj</name>
      </input_file>
      <input_file id="fl-4e">
         <path>/Applications/ti/ccs920/ccs/tools/compiler/ti-cgt-msp430_18.12.3.LTS/lib/</path>
         <kind>archive</kind>
         <file>rts430x_lc_rd_eabi.lib</file>
         <name>mult1632_f5hw.asm.obj</name>
      </input_file>
      <input_file id="fl-4f">
         <path>/Applications/ti/ccs920/ccs/tools/compiler/ti-cgt-msp430_18.12.3.LTS/lib/</path>
         <kind>archive</kind>
         <file>rts430x_lc_rd_eabi.lib</file>
         <name>mult3264_f5hw.asm.obj</name>
      </input_file>
      <input_file id="fl-50">
         <path>/Applications/ti/ccs920/ccs/tools/compiler/ti-cgt-msp430_18.12.3.LTS/lib/</path>
         <kind>archive</kind>
         <file>rts430x_lc_rd_eabi.lib</file>
         <name>boot.c.obj</name>
      </input_file>
      <input_file id="fl-51">
         <path>/Applications/ti/ccs920/ccs/ccs_base/msp430/lib/FR59xx/</path>
         <kind>archive</kind>
         <file>MSPMPU_INIT_LIB_CCS_msp430_large_code_restricted_data.lib</file>
         <name>mpu_init.o</name>
      </input_file>
      <input_file id="fl-52">
         <path>/Applications/ti/ccs920/ccs/tools/compiler/ti-cgt-msp430_18.12.3.LTS/lib/</path>
         <kind>archive</kind>
         <file>rts430x_lc_rd_eabi.lib</file>
         <name>args_main.c.obj</name>
      </input_file>
      <input_file id="fl-53">
         <path>/Applications/ti/ccs920/ccs/tools/compiler/ti-cgt-msp430_18.12.3.LTS/lib/</path>
         <kind>archive</kind>
         <file>rts430x_lc_rd_eabi.lib</file>
         <name>autoinit.c.obj</name>
      </input_file>
      <input_file id="fl-54">
         <path>/Applications/ti/ccs920/ccs/tools/compiler/ti-cgt-msp430_18.12.3.LTS/lib/</path>
         <kind>archive</kind>
         <file>rts430x_lc_rd_eabi.lib</file>
         <name>startup.c.obj</name>
      </input_file>
      <input_file id="fl-55">
         <path>/Applications/ti/ccs920/ccs/tools/compiler/ti-cgt-msp430_18.12.3.LTS/lib/</path>
         <kind>archive</kind>
         <file>rts430x_lc_rd_eabi.lib</file>
         <name>pre_init.c.obj</name>
      </input_file>
      <input_file id="fl-56">
         <path>/Applications/ti/ccs920/ccs/tools/compiler/ti-cgt-msp430_18.12.3.LTS/lib/</path>
         <kind>archive</kind>
         <file>rts430x_lc_rd_eabi.lib</file>
         <name>cpy_tbl.c.obj</name>
      </input_file>
      <input_file id="fl-57">
         <path>/Applications/ti/ccs920/ccs/tools/compiler/ti-cgt-msp430_18.12.3.LTS/lib/</path>
         <kind>archive</kind>
         <file>rts430x_lc_rd_eabi.lib</file>
         <name>exit.c.obj</name>
      </input_file>
      <input_file id="fl-58">
         <path>/Applications/ti/ccs920/ccs/tools/compiler/ti-cgt-msp430_18.12.3.LTS/lib/</path>
         <kind>archive</kind>
         <file>rts430x_lc_rd_eabi.lib</file>
         <name>exit_gvars.c.obj</name>
      </input_file>
      <input_file id="fl-59">
         <path>/Applications/ti/ccs920/ccs/tools/compiler/ti-cgt-msp430_18.12.3.LTS/lib/</path>
         <kind>archive</kind>
         <file>rts430x_lc_rd_eabi.lib</file>
         <name>_lock.c.obj</name>
      </input_file>
      <input_file id="fl-5a">
         <path>/Applications/ti/ccs920/ccs/tools/compiler/ti-cgt-msp430_18.12.3.LTS/lib/</path>
         <kind>archive</kind>
         <file>rts430x_lc_rd_eabi.lib</file>
         <name>memcpy.c.obj</name>
      </input_file>
      <input_file id="fl-5b">
         <path>/Applications/ti/ccs920/ccs/tools/compiler/ti-cgt-msp430_18.12.3.LTS/lib/</path>
         <kind>archive</kind>
         <file>rts430x_lc_rd_eabi.lib</file>
         <name>printf.c.obj</name>
      </input_file>
      <input_file id="fl-5c">
         <path>/Applications/ti/ccs920/ccs/tools/compiler/ti-cgt-msp430_18.12.3.LTS/lib/</path>
         <kind>archive</kind>
         <file>rts430x_lc_rd_eabi.lib</file>
         <name>_printfi_min.c.obj</name>
      </input_file>
      <input_file id="fl-5d">
         <path>/Applications/ti/ccs920/ccs/tools/compiler/ti-cgt-msp430_18.12.3.LTS/lib/</path>
         <kind>archive</kind>
         <file>rts430x_lc_rd_eabi.lib</file>
         <name>div16u.asm.obj</name>
      </input_file>
      <input_file id="fl-5e">
         <path>/Applications/ti/ccs920/ccs/tools/compiler/ti-cgt-msp430_18.12.3.LTS/lib/</path>
         <kind>archive</kind>
         <file>rts430x_lc_rd_eabi.lib</file>
         <name>lsr64.c.obj</name>
      </input_file>
      <input_file id="fl-5f">
         <path>/Applications/ti/ccs920/ccs/tools/compiler/ti-cgt-msp430_18.12.3.LTS/lib/</path>
         <kind>archive</kind>
         <file>rts430x_lc_rd_eabi.lib</file>
         <name>defs.c.obj</name>
      </input_file>
      <input_file id="fl-60">
         <path>/Applications/ti/ccs920/ccs/tools/compiler/ti-cgt-msp430_18.12.3.LTS/lib/</path>
         <kind>archive</kind>
         <file>rts430x_lc_rd_eabi.lib</file>
         <name>fputc.c.obj</name>
      </input_file>
      <input_file id="fl-61">
         <path>/Applications/ti/ccs920/ccs/tools/compiler/ti-cgt-msp430_18.12.3.LTS/lib/</path>
         <kind>archive</kind>
         <file>rts430x_lc_rd_eabi.lib</file>
         <name>fflush.c.obj</name>
      </input_file>
      <input_file id="fl-62">
         <path>/Applications/ti/ccs920/ccs/tools/compiler/ti-cgt-msp430_18.12.3.LTS/lib/</path>
         <kind>archive</kind>
         <file>rts430x_lc_rd_eabi.lib</file>
         <name>_io_perm.c.obj</name>
      </input_file>
      <input_file id="fl-63">
         <path>/Applications/ti/ccs920/ccs/tools/compiler/ti-cgt-msp430_18.12.3.LTS/lib/</path>
         <kind>archive</kind>
         <file>rts430x_lc_rd_eabi.lib</file>
         <name>fputs.c.obj</name>
      </input_file>
      <input_file id="fl-64">
         <path>/Applications/ti/ccs920/ccs/tools/compiler/ti-cgt-msp430_18.12.3.LTS/lib/</path>
         <kind>archive</kind>
         <file>rts430x_lc_rd_eabi.lib</file>
         <name>fseek.c.obj</name>
      </input_file>
      <input_file id="fl-65">
         <path>/Applications/ti/ccs920/ccs/tools/compiler/ti-cgt-msp430_18.12.3.LTS/lib/</path>
         <kind>archive</kind>
         <file>rts430x_lc_rd_eabi.lib</file>
         <name>lseek.c.obj</name>
      </input_file>
      <input_file id="fl-66">
         <path>/Applications/ti/ccs920/ccs/tools/compiler/ti-cgt-msp430_18.12.3.LTS/lib/</path>
         <kind>archive</kind>
         <file>rts430x_lc_rd_eabi.lib</file>
         <name>host_device.c.obj</name>
      </input_file>
      <input_file id="fl-67">
         <path>/Applications/ti/ccs920/ccs/tools/compiler/ti-cgt-msp430_18.12.3.LTS/lib/</path>
         <kind>archive</kind>
         <file>rts430x_lc_rd_eabi.lib</file>
         <name>hostclose.c.obj</name>
      </input_file>
      <input_file id="fl-68">
         <path>/Applications/ti/ccs920/ccs/tools/compiler/ti-cgt-msp430_18.12.3.LTS/lib/</path>
         <kind>archive</kind>
         <file>rts430x_lc_rd_eabi.lib</file>
         <name>hostlseek.c.obj</name>
      </input_file>
      <input_file id="fl-69">
         <path>/Applications/ti/ccs920/ccs/tools/compiler/ti-cgt-msp430_18.12.3.LTS/lib/</path>
         <kind>archive</kind>
         <file>rts430x_lc_rd_eabi.lib</file>
         <name>hostopen.c.obj</name>
      </input_file>
      <input_file id="fl-6a">
         <path>/Applications/ti/ccs920/ccs/tools/compiler/ti-cgt-msp430_18.12.3.LTS/lib/</path>
         <kind>archive</kind>
         <file>rts430x_lc_rd_eabi.lib</file>
         <name>hostread.c.obj</name>
      </input_file>
      <input_file id="fl-6b">
         <path>/Applications/ti/ccs920/ccs/tools/compiler/ti-cgt-msp430_18.12.3.LTS/lib/</path>
         <kind>archive</kind>
         <file>rts430x_lc_rd_eabi.lib</file>
         <name>hostrename.c.obj</name>
      </input_file>
      <input_file id="fl-6c">
         <path>/Applications/ti/ccs920/ccs/tools/compiler/ti-cgt-msp430_18.12.3.LTS/lib/</path>
         <kind>archive</kind>
         <file>rts430x_lc_rd_eabi.lib</file>
         <name>hostunlink.c.obj</name>
      </input_file>
      <input_file id="fl-6d">
         <path>/Applications/ti/ccs920/ccs/tools/compiler/ti-cgt-msp430_18.12.3.LTS/lib/</path>
         <kind>archive</kind>
         <file>rts430x_lc_rd_eabi.lib</file>
         <name>hostwrite.c.obj</name>
      </input_file>
      <input_file id="fl-6e">
         <path>/Applications/ti/ccs920/ccs/tools/compiler/ti-cgt-msp430_18.12.3.LTS/lib/</path>
         <kind>archive</kind>
         <file>rts430x_lc_rd_eabi.lib</file>
         <name>trgmsg.c.obj</name>
      </input_file>
      <input_file id="fl-6f">
         <path>/Applications/ti/ccs920/ccs/tools/compiler/ti-cgt-msp430_18.12.3.LTS/lib/</path>
         <kind>archive</kind>
         <file>rts430x_lc_rd_eabi.lib</file>
         <name>lsl32.asm.obj</name>
      </input_file>
      <input_file id="fl-70">
         <path>/Applications/ti/ccs920/ccs/tools/compiler/ti-cgt-msp430_18.12.3.LTS/lib/</path>
         <kind>archive</kind>
         <file>rts430x_lc_rd_eabi.lib</file>
         <name>memccpy.c.obj</name>
      </input_file>
      <input_file id="fl-71">
         <path>/Applications/ti/ccs920/ccs/tools/compiler/ti-cgt-msp430_18.12.3.LTS/lib/</path>
         <kind>archive</kind>
         <file>rts430x_lc_rd_eabi.lib</file>
         <name>memchr.c.obj</name>
      </input_file>
      <input_file id="fl-72">
         <path>/Applications/ti/ccs920/ccs/tools/compiler/ti-cgt-msp430_18.12.3.LTS/lib/</path>
         <kind>archive</kind>
         <file>rts430x_lc_rd_eabi.lib</file>
         <name>memset.c.obj</name>
      </input_file>
      <input_file id="fl-73">
         <path>/Applications/ti/ccs920/ccs/tools/compiler/ti-cgt-msp430_18.12.3.LTS/lib/</path>
         <kind>archive</kind>
         <file>rts430x_lc_rd_eabi.lib</file>
         <name>setvbuf.c.obj</name>
      </input_file>
      <input_file id="fl-74">
         <path>/Applications/ti/ccs920/ccs/tools/compiler/ti-cgt-msp430_18.12.3.LTS/lib/</path>
         <kind>archive</kind>
         <file>rts430x_lc_rd_eabi.lib</file>
         <name>fopen.c.obj</name>
      </input_file>
      <input_file id="fl-75">
         <path>/Applications/ti/ccs920/ccs/tools/compiler/ti-cgt-msp430_18.12.3.LTS/lib/</path>
         <kind>archive</kind>
         <file>rts430x_lc_rd_eabi.lib</file>
         <name>fclose.c.obj</name>
      </input_file>
      <input_file id="fl-76">
         <path>/Applications/ti/ccs920/ccs/tools/compiler/ti-cgt-msp430_18.12.3.LTS/lib/</path>
         <kind>archive</kind>
         <file>rts430x_lc_rd_eabi.lib</file>
         <name>close.c.obj</name>
      </input_file>
      <input_file id="fl-77">
         <path>/Applications/ti/ccs920/ccs/tools/compiler/ti-cgt-msp430_18.12.3.LTS/lib/</path>
         <kind>archive</kind>
         <file>rts430x_lc_rd_eabi.lib</file>
         <name>memory.c.obj</name>
      </input_file>
      <input_file id="fl-78">
         <path>/Applications/ti/ccs920/ccs/tools/compiler/ti-cgt-msp430_18.12.3.LTS/lib/</path>
         <kind>archive</kind>
         <file>rts430x_lc_rd_eabi.lib</file>
         <name>open.c.obj</name>
      </input_file>
      <input_file id="fl-79">
         <path>/Applications/ti/ccs920/ccs/tools/compiler/ti-cgt-msp430_18.12.3.LTS/lib/</path>
         <kind>archive</kind>
         <file>rts430x_lc_rd_eabi.lib</file>
         <name>div16s.asm.obj</name>
      </input_file>
      <input_file id="fl-7a">
         <path>/Applications/ti/ccs920/ccs/tools/compiler/ti-cgt-msp430_18.12.3.LTS/lib/</path>
         <kind>archive</kind>
         <file>rts430x_lc_rd_eabi.lib</file>
         <name>getdevice.c.obj</name>
      </input_file>
      <input_file id="fl-7b">
         <path>/Applications/ti/ccs920/ccs/tools/compiler/ti-cgt-msp430_18.12.3.LTS/lib/</path>
         <kind>archive</kind>
         <file>rts430x_lc_rd_eabi.lib</file>
         <name>remove.c.obj</name>
      </input_file>
      <input_file id="fl-7c">
         <path>/Applications/ti/ccs920/ccs/tools/compiler/ti-cgt-msp430_18.12.3.LTS/lib/</path>
         <kind>archive</kind>
         <file>rts430x_lc_rd_eabi.lib</file>
         <name>strchr.c.obj</name>
      </input_file>
      <input_file id="fl-7d">
         <path>/Applications/ti/ccs920/ccs/tools/compiler/ti-cgt-msp430_18.12.3.LTS/lib/</path>
         <kind>archive</kind>
         <file>rts430x_lc_rd_eabi.lib</file>
         <name>strcmp.c.obj</name>
      </input_file>
      <input_file id="fl-7e">
         <path>/Applications/ti/ccs920/ccs/tools/compiler/ti-cgt-msp430_18.12.3.LTS/lib/</path>
         <kind>archive</kind>
         <file>rts430x_lc_rd_eabi.lib</file>
         <name>strcpy.c.obj</name>
      </input_file>
      <input_file id="fl-7f">
         <path>/Applications/ti/ccs920/ccs/tools/compiler/ti-cgt-msp430_18.12.3.LTS/lib/</path>
         <kind>archive</kind>
         <file>rts430x_lc_rd_eabi.lib</file>
         <name>strlen.c.obj</name>
      </input_file>
      <input_file id="fl-80">
         <path>/Applications/ti/ccs920/ccs/tools/compiler/ti-cgt-msp430_18.12.3.LTS/lib/</path>
         <kind>archive</kind>
         <file>rts430x_lc_rd_eabi.lib</file>
         <name>strncpy.c.obj</name>
      </input_file>
      <input_file id="fl-81">
         <path>/Applications/ti/ccs920/ccs/tools/compiler/ti-cgt-msp430_18.12.3.LTS/lib/</path>
         <kind>archive</kind>
         <file>rts430x_lc_rd_eabi.lib</file>
         <name>unlink.c.obj</name>
      </input_file>
      <input_file id="fl-82">
         <path>/Applications/ti/ccs920/ccs/tools/compiler/ti-cgt-msp430_18.12.3.LTS/lib/</path>
         <kind>archive</kind>
         <file>rts430x_lc_rd_eabi.lib</file>
         <name>write.c.obj</name>
      </input_file>
   </input_file_list>
   <object_component_list>
      <object_component id="oc-98b">
         <name>.cio</name>
         <uninitialized>true</uninitialized>
         <run_address>0x4400</run_address>
         <size>0x120</size>
         <input_file_ref idref="fl-6e"/>
      </object_component>
      <object_component id="oc-5b2">
         <name>.sysmem</name>
         <uninitialized>true</uninitialized>
         <run_address>0x4520</run_address>
         <size>0x8</size>
         <input_file_ref idref="fl-77"/>
      </object_component>
      <object_component id="oc-a4d">
         <name>.sysmem</name>
         <uninitialized>true</uninitialized>
         <run_address>0x4520</run_address>
         <size>0x0</size>
      </object_component>
      <object_component id="oc-a4b">
         <name>.cinit..data.load</name>
         <load_address>0x4caa</load_address>
         <run_address>0x4caa</run_address>
         <size>0x5b</size>
      </object_component>
      <object_component id="oc-a48">
         <name>__TI_handler_table</name>
         <load_address>0x4d06</load_address>
         <run_address>0x4d06</run_address>
         <size>0xc</size>
      </object_component>
      <object_component id="oc-a4a">
         <name>.cinit..bss.load</name>
         <load_address>0x4d12</load_address>
         <run_address>0x4d12</run_address>
         <size>0x6</size>
      </object_component>
      <object_component id="oc-a49">
         <name>__TI_cinit_table</name>
         <load_address>0x4d18</load_address>
         <run_address>0x4d18</run_address>
         <size>0x10</size>
      </object_component>
      <object_component id="oc-9d8">
         <name>.binit</name>
         <load_address>0x4400</load_address>
         <run_address>0x4400</run_address>
         <size>0x0</size>
      </object_component>
      <object_component id="oc-6da">
         <name>.const:.string</name>
         <load_address>0x4c38</load_address>
         <run_address>0x4c38</run_address>
         <size>0x26</size>
         <input_file_ref idref="fl-4"/>
      </object_component>
      <object_component id="oc-744">
         <name>.const:.string:mrfiLogicalChanTable</name>
         <load_address>0x4c5e</load_address>
         <run_address>0x4c5e</run_address>
         <size>0x19</size>
         <input_file_ref idref="fl-3"/>
      </object_component>
      <object_component id="oc-856">
         <name>.const:.string</name>
         <load_address>0x4c78</load_address>
         <run_address>0x4c78</run_address>
         <size>0x14</size>
         <input_file_ref idref="fl-5c"/>
      </object_component>
      <object_component id="oc-740">
         <name>.const:.string:rate_MDMCFG3</name>
         <load_address>0x4c8c</load_address>
         <run_address>0x4c8c</run_address>
         <size>0xb</size>
         <input_file_ref idref="fl-3"/>
      </object_component>
      <object_component id="oc-737">
         <name>.const:.string:rate_MDMCFG4</name>
         <load_address>0x4c98</load_address>
         <run_address>0x4c98</run_address>
         <size>0xb</size>
         <input_file_ref idref="fl-3"/>
      </object_component>
      <object_component id="oc-773">
         <name>.const:.string</name>
         <load_address>0x4ca4</load_address>
         <run_address>0x4ca4</run_address>
         <size>0x6</size>
         <input_file_ref idref="fl-3"/>
      </object_component>
      <object_component id="oc-602">
         <name>.text:_isr:_c_int00_noargs_mpu</name>
         <load_address>0x4c00</load_address>
         <run_address>0x4c00</run_address>
         <size>0x20</size>
         <input_file_ref idref="fl-50"/>
      </object_component>
      <object_component id="oc-5d2">
         <name>.text:_isr:INT_Timer2A0</name>
         <load_address>0x4c20</load_address>
         <run_address>0x4c20</run_address>
         <size>0x10</size>
         <input_file_ref idref="fl-4"/>
      </object_component>
      <object_component id="oc-5cd">
         <name>.text:_isr:__TI_ISR_TRAP</name>
         <load_address>0x4c30</load_address>
         <run_address>0x4c30</run_address>
         <size>0x8</size>
         <input_file_ref idref="fl-2f"/>
      </object_component>
      <object_component id="oc-727">
         <name>.text:_configure_registers</name>
         <load_address>0x10000</load_address>
         <run_address>0x10000</run_address>
         <size>0x184</size>
         <input_file_ref idref="fl-3"/>
      </object_component>
      <object_component id="oc-800">
         <name>.text:_setfield</name>
         <load_address>0x10184</load_address>
         <run_address>0x10184</run_address>
         <size>0x132</size>
         <input_file_ref idref="fl-5c"/>
      </object_component>
      <object_component id="oc-8ed">
         <name>.text:aligned_alloc</name>
         <load_address>0x102b6</load_address>
         <run_address>0x102b6</run_address>
         <size>0x108</size>
         <input_file_ref idref="fl-77"/>
      </object_component>
      <object_component id="oc-7ec">
         <name>.text:fputs</name>
         <load_address>0x103be</load_address>
         <run_address>0x103be</run_address>
         <size>0xf0</size>
         <input_file_ref idref="fl-63"/>
      </object_component>
      <object_component id="oc-872">
         <name>.text:setvbuf</name>
         <load_address>0x104ae</load_address>
         <run_address>0x104ae</run_address>
         <size>0xde</size>
         <input_file_ref idref="fl-73"/>
      </object_component>
      <object_component id="oc-78b">
         <name>.text:__TI_printfi_minimal</name>
         <load_address>0x1058c</load_address>
         <run_address>0x1058c</run_address>
         <size>0xdc</size>
         <input_file_ref idref="fl-5c"/>
      </object_component>
      <object_component id="oc-857">
         <name>.text:_pproc_diouxp</name>
         <load_address>0x10668</load_address>
         <run_address>0x10668</run_address>
         <size>0xda</size>
         <input_file_ref idref="fl-5c"/>
      </object_component>
      <object_component id="oc-8a0">
         <name>.text:free</name>
         <load_address>0x10742</load_address>
         <run_address>0x10742</run_address>
         <size>0xda</size>
         <input_file_ref idref="fl-77"/>
      </object_component>
      <object_component id="oc-918">
         <name>.text:HOSTlseek</name>
         <load_address>0x1081c</load_address>
         <run_address>0x1081c</run_address>
         <size>0x9a</size>
         <input_file_ref idref="fl-68"/>
      </object_component>
      <object_component id="oc-7f3">
         <name>.text:fputc</name>
         <load_address>0x108b6</load_address>
         <run_address>0x108b6</run_address>
         <size>0x90</size>
         <input_file_ref idref="fl-60"/>
      </object_component>
      <object_component id="oc-6d4">
         <name>.text:cc1101_receive</name>
         <load_address>0x10946</load_address>
         <run_address>0x10946</run_address>
         <size>0x8e</size>
         <input_file_ref idref="fl-3"/>
      </object_component>
      <object_component id="oc-832">
         <name>.text:__TI_wrt_ok</name>
         <load_address>0x109d4</load_address>
         <run_address>0x109d4</run_address>
         <size>0x7e</size>
         <input_file_ref idref="fl-62"/>
      </object_component>
      <object_component id="oc-79">
         <name>.text:decompress:lzss:__TI_decompress_lzss</name>
         <load_address>0x10a52</load_address>
         <run_address>0x10a52</run_address>
         <size>0x76</size>
         <input_file_ref idref="fl-2c"/>
      </object_component>
      <object_component id="oc-924">
         <name>.text:HOSTrename</name>
         <load_address>0x10ac8</load_address>
         <run_address>0x10ac8</run_address>
         <size>0x74</size>
         <input_file_ref idref="fl-6b"/>
      </object_component>
      <object_component id="oc-8f4">
         <name>.text:__TI_closefile</name>
         <load_address>0x10b3c</load_address>
         <run_address>0x10b3c</run_address>
         <size>0x74</size>
         <input_file_ref idref="fl-75"/>
      </object_component>
      <object_component id="oc-672">
         <name>.text:receive</name>
         <load_address>0x10bb0</load_address>
         <run_address>0x10bb0</run_address>
         <size>0x74</size>
         <input_file_ref idref="fl-4"/>
      </object_component>
      <object_component id="oc-900">
         <name>.text:HOSTopen</name>
         <load_address>0x10c24</load_address>
         <run_address>0x10c24</run_address>
         <size>0x70</size>
         <input_file_ref idref="fl-69"/>
      </object_component>
      <object_component id="oc-939">
         <name>.text:split</name>
         <load_address>0x10c94</load_address>
         <run_address>0x10c94</run_address>
         <size>0x70</size>
         <input_file_ref idref="fl-77"/>
      </object_component>
      <object_component id="oc-912">
         <name>.text:HOSTwrite</name>
         <load_address>0x10d04</load_address>
         <run_address>0x10d04</run_address>
         <size>0x6c</size>
         <input_file_ref idref="fl-6d"/>
      </object_component>
      <object_component id="oc-90c">
         <name>.text:HOSTread</name>
         <load_address>0x10d70</load_address>
         <run_address>0x10d70</run_address>
         <size>0x6a</size>
         <input_file_ref idref="fl-6a"/>
      </object_component>
      <object_component id="oc-86c">
         <name>.text:fseek</name>
         <load_address>0x10dda</load_address>
         <run_address>0x10dda</run_address>
         <size>0x6a</size>
         <input_file_ref idref="fl-64"/>
      </object_component>
      <object_component id="oc-83e">
         <name>.text:__TI_doflush</name>
         <load_address>0x10e44</load_address>
         <run_address>0x10e44</run_address>
         <size>0x64</size>
         <input_file_ref idref="fl-61"/>
      </object_component>
      <object_component id="oc-638">
         <name>.text:main</name>
         <load_address>0x10ea8</load_address>
         <run_address>0x10ea8</run_address>
         <size>0x60</size>
         <input_file_ref idref="fl-4"/>
      </object_component>
      <object_component id="oc-940">
         <name>.text:close</name>
         <load_address>0x10f08</load_address>
         <run_address>0x10f08</run_address>
         <size>0x5a</size>
         <input_file_ref idref="fl-76"/>
      </object_component>
      <object_component id="oc-97f">
         <name>.text:getdevice</name>
         <load_address>0x10f62</load_address>
         <run_address>0x10f62</run_address>
         <size>0x5a</size>
         <input_file_ref idref="fl-7a"/>
      </object_component>
      <object_component id="oc-6a3">
         <name>.text:__TI_auto_init_nobinit_nopinit_hold_wdt:__TI_auto_init_nobinit_nopinit_hold_wdt</name>
         <load_address>0x10fbc</load_address>
         <run_address>0x10fbc</run_address>
         <size>0x54</size>
         <input_file_ref idref="fl-53"/>
      </object_component>
      <object_component id="oc-71b">
         <name>.text:cc1101_spi_config</name>
         <load_address>0x11010</load_address>
         <run_address>0x11010</run_address>
         <size>0x54</size>
         <input_file_ref idref="fl-3"/>
      </object_component>
      <object_component id="oc-906">
         <name>.text:HOSTclose</name>
         <load_address>0x11064</load_address>
         <run_address>0x11064</run_address>
         <size>0x4e</size>
         <input_file_ref idref="fl-67"/>
      </object_component>
      <object_component id="oc-685">
         <name>.text:exit</name>
         <load_address>0x110b2</load_address>
         <run_address>0x110b2</run_address>
         <size>0x4a</size>
         <input_file_ref idref="fl-57"/>
      </object_component>
      <object_component id="oc-6db">
         <name>.text:printf</name>
         <load_address>0x110fc</load_address>
         <run_address>0x110fc</run_address>
         <size>0x4a</size>
         <input_file_ref idref="fl-5b"/>
      </object_component>
      <object_component id="oc-806">
         <name>.text:_pproc_str</name>
         <load_address>0x11146</load_address>
         <run_address>0x11146</run_address>
         <size>0x48</size>
         <input_file_ref idref="fl-5c"/>
      </object_component>
      <object_component id="oc-91e">
         <name>.text:HOSTunlink</name>
         <load_address>0x1118e</load_address>
         <run_address>0x1118e</run_address>
         <size>0x46</size>
         <input_file_ref idref="fl-6c"/>
      </object_component>
      <object_component id="oc-967">
         <name>.text:l_lsl_const</name>
         <load_address>0x111d4</load_address>
         <run_address>0x111d4</run_address>
         <size>0x3e</size>
         <input_file_ref idref="fl-6f"/>
      </object_component>
      <object_component id="oc-898">
         <name>.text:lseek</name>
         <load_address>0x11212</load_address>
         <run_address>0x11212</run_address>
         <size>0x3e</size>
         <input_file_ref idref="fl-65"/>
      </object_component>
      <object_component id="oc-844">
         <name>.text:write</name>
         <load_address>0x11250</load_address>
         <run_address>0x11250</run_address>
         <size>0x3c</size>
         <input_file_ref idref="fl-82"/>
      </object_component>
      <object_component id="oc-8ac">
         <name>.text:__TI_cleanup</name>
         <load_address>0x1128c</load_address>
         <run_address>0x1128c</run_address>
         <size>0x36</size>
         <input_file_ref idref="fl-74"/>
      </object_component>
      <object_component id="oc-954">
         <name>.text:__TI_writemsg</name>
         <load_address>0x112c2</load_address>
         <run_address>0x112c2</run_address>
         <size>0x36</size>
         <input_file_ref idref="fl-6e"/>
      </object_component>
      <object_component id="oc-95a">
         <name>.text:__TI_readmsg</name>
         <load_address>0x112f8</load_address>
         <run_address>0x112f8</run_address>
         <size>0x32</size>
         <input_file_ref idref="fl-6e"/>
      </object_component>
      <object_component id="oc-66c">
         <name>.text:__clock_init</name>
         <load_address>0x1132a</load_address>
         <run_address>0x1132a</run_address>
         <size>0x32</size>
         <input_file_ref idref="fl-4"/>
      </object_component>
      <object_component id="oc-76d">
         <name>.text:_spi_read_burst</name>
         <load_address>0x1135c</load_address>
         <run_address>0x1135c</run_address>
         <size>0x32</size>
         <input_file_ref idref="fl-3"/>
      </object_component>
      <object_component id="oc-9a8">
         <name>.text:strncpy</name>
         <load_address>0x1138e</load_address>
         <run_address>0x1138e</run_address>
         <size>0x32</size>
         <input_file_ref idref="fl-80"/>
      </object_component>
      <object_component id="oc-947">
         <name>.text:unlink</name>
         <load_address>0x113c0</load_address>
         <run_address>0x113c0</run_address>
         <size>0x30</size>
         <input_file_ref idref="fl-81"/>
      </object_component>
      <object_component id="oc-730">
         <name>.text:_spi_write_burst</name>
         <load_address>0x113f0</load_address>
         <run_address>0x113f0</run_address>
         <size>0x2e</size>
         <input_file_ref idref="fl-3"/>
      </object_component>
      <object_component id="oc-9ae">
         <name>.text:finddevice</name>
         <load_address>0x1141e</load_address>
         <run_address>0x1141e</run_address>
         <size>0x2e</size>
         <input_file_ref idref="fl-7a"/>
      </object_component>
      <object_component id="oc-64a">
         <name>.text:__mpu_init</name>
         <load_address>0x1144c</load_address>
         <run_address>0x1144c</run_address>
         <size>0x2c</size>
         <input_file_ref idref="fl-51"/>
      </object_component>
      <object_component id="oc-721">
         <name>.text:cc1101_reset</name>
         <load_address>0x11478</load_address>
         <run_address>0x11478</run_address>
         <size>0x2c</size>
         <input_file_ref idref="fl-3"/>
      </object_component>
      <object_component id="oc-8e6">
         <name>.text:free_list_insert</name>
         <load_address>0x114a4</load_address>
         <run_address>0x114a4</run_address>
         <size>0x2c</size>
         <input_file_ref idref="fl-77"/>
      </object_component>
      <object_component id="oc-8e0">
         <name>.text:free_list_remove</name>
         <load_address>0x114d0</load_address>
         <run_address>0x114d0</run_address>
         <size>0x2a</size>
         <input_file_ref idref="fl-77"/>
      </object_component>
      <object_component id="oc-6c5">
         <name>.text:cc1101_data_rate</name>
         <load_address>0x114fa</load_address>
         <run_address>0x114fa</run_address>
         <size>0x24</size>
         <input_file_ref idref="fl-3"/>
      </object_component>
      <object_component id="oc-5d8">
         <name>.text:decompress:ZI:__TI_zero_init_nomemset:__TI_zero_init_nomemset</name>
         <load_address>0x1151e</load_address>
         <run_address>0x1151e</run_address>
         <size>0x24</size>
         <input_file_ref idref="fl-49"/>
      </object_component>
      <object_component id="oc-75b">
         <name>.text:_spi_read_reg</name>
         <load_address>0x11542</load_address>
         <run_address>0x11542</run_address>
         <size>0x20</size>
         <input_file_ref idref="fl-3"/>
      </object_component>
      <object_component id="oc-755">
         <name>.text:_spi_read_status_reg</name>
         <load_address>0x11562</load_address>
         <run_address>0x11562</run_address>
         <size>0x20</size>
         <input_file_ref idref="fl-3"/>
      </object_component>
      <object_component id="oc-85d">
         <name>.text:memccpy</name>
         <load_address>0x11582</load_address>
         <run_address>0x11582</run_address>
         <size>0x1e</size>
         <input_file_ref idref="fl-70"/>
      </object_component>
      <object_component id="oc-6bf">
         <name>.text:cc1101_start</name>
         <load_address>0x115a0</load_address>
         <run_address>0x115a0</run_address>
         <size>0x1c</size>
         <input_file_ref idref="fl-3"/>
      </object_component>
      <object_component id="oc-9a2">
         <name>.text:strchr</name>
         <load_address>0x115bc</load_address>
         <run_address>0x115bc</run_address>
         <size>0x1c</size>
         <input_file_ref idref="fl-7c"/>
      </object_component>
      <object_component id="oc-9c7">
         <name>.text:strcmp</name>
         <load_address>0x115d8</load_address>
         <run_address>0x115d8</run_address>
         <size>0x1c</size>
         <input_file_ref idref="fl-7d"/>
      </object_component>
      <object_component id="oc-678">
         <name>.text:__set_timer_32KHz</name>
         <load_address>0x115f4</load_address>
         <run_address>0x115f4</run_address>
         <size>0x1a</size>
         <input_file_ref idref="fl-4"/>
      </object_component>
      <object_component id="oc-73a">
         <name>.text:_spi_write_reg</name>
         <load_address>0x1160e</load_address>
         <run_address>0x1160e</run_address>
         <size>0x1a</size>
         <input_file_ref idref="fl-3"/>
      </object_component>
      <object_component id="oc-6cb">
         <name>.text:cc1101_channel</name>
         <load_address>0x11628</load_address>
         <run_address>0x11628</run_address>
         <size>0x18</size>
         <input_file_ref idref="fl-3"/>
      </object_component>
      <object_component id="oc-7b9">
         <name>.text</name>
         <load_address>0x11640</load_address>
         <run_address>0x11640</run_address>
         <size>0x18</size>
         <input_file_ref idref="fl-4b"/>
      </object_component>
      <object_component id="oc-8da">
         <name>.text:heap_start</name>
         <load_address>0x11658</load_address>
         <run_address>0x11658</run_address>
         <size>0x16</size>
         <input_file_ref idref="fl-77"/>
      </object_component>
      <object_component id="oc-838">
         <name>.text:memchr</name>
         <load_address>0x1166e</load_address>
         <run_address>0x1166e</run_address>
         <size>0x16</size>
         <input_file_ref idref="fl-71"/>
      </object_component>
      <object_component id="oc-850">
         <name>.text:memset</name>
         <load_address>0x11684</load_address>
         <run_address>0x11684</run_address>
         <size>0x16</size>
         <input_file_ref idref="fl-72"/>
      </object_component>
      <object_component id="oc-88b">
         <name>.text</name>
         <load_address>0x1169a</load_address>
         <run_address>0x1169a</run_address>
         <size>0x16</size>
         <input_file_ref idref="fl-5d"/>
      </object_component>
      <object_component id="oc-7c6">
         <name>.text:__spi_write</name>
         <load_address>0x116b0</load_address>
         <run_address>0x116b0</run_address>
         <size>0x14</size>
         <input_file_ref idref="fl-3"/>
      </object_component>
      <object_component id="oc-7d9">
         <name>.text:_spi_write</name>
         <load_address>0x116c4</load_address>
         <run_address>0x116c4</run_address>
         <size>0x14</size>
         <input_file_ref idref="fl-3"/>
      </object_component>
      <object_component id="oc-74f">
         <name>.text:cc1101_rx_mode</name>
         <load_address>0x116d8</load_address>
         <run_address>0x116d8</run_address>
         <size>0x14</size>
         <input_file_ref idref="fl-3"/>
      </object_component>
      <object_component id="oc-5c0">
         <name>.text:memcpy</name>
         <load_address>0x116ec</load_address>
         <run_address>0x116ec</run_address>
         <size>0x14</size>
         <input_file_ref idref="fl-5a"/>
      </object_component>
      <object_component id="oc-761">
         <name>.text:cc1101_idle</name>
         <load_address>0x11700</load_address>
         <run_address>0x11700</run_address>
         <size>0x12</size>
         <input_file_ref idref="fl-3"/>
      </object_component>
      <object_component id="oc-7f">
         <name>.text:decompress:none:__TI_decompress_none</name>
         <load_address>0x11712</load_address>
         <run_address>0x11712</run_address>
         <size>0x12</size>
         <input_file_ref idref="fl-2d"/>
      </object_component>
      <object_component id="oc-970">
         <name>.text:strcpy</name>
         <load_address>0x11724</load_address>
         <run_address>0x11724</run_address>
         <size>0x12</size>
         <input_file_ref idref="fl-7e"/>
      </object_component>
      <object_component id="oc-774">
         <name>.text:cc1101_MARCState</name>
         <load_address>0x11736</load_address>
         <run_address>0x11736</run_address>
         <size>0x10</size>
         <input_file_ref idref="fl-3"/>
      </object_component>
      <object_component id="oc-7fa">
         <name>.text:strlen</name>
         <load_address>0x11746</load_address>
         <run_address>0x11746</run_address>
         <size>0xe</size>
         <input_file_ref idref="fl-7f"/>
      </object_component>
      <object_component id="oc-767">
         <name>.text:cc1101_rxflush</name>
         <load_address>0x11754</load_address>
         <run_address>0x11754</run_address>
         <size>0xa</size>
         <input_file_ref idref="fl-3"/>
      </object_component>
      <object_component id="oc-8a6">
         <name>.text:malloc</name>
         <load_address>0x1175e</load_address>
         <run_address>0x1175e</run_address>
         <size>0x8</size>
         <input_file_ref idref="fl-77"/>
      </object_component>
      <object_component id="oc-785">
         <name>.text:_outc</name>
         <load_address>0x11766</load_address>
         <run_address>0x11766</run_address>
         <size>0x6</size>
         <input_file_ref idref="fl-5b"/>
      </object_component>
      <object_component id="oc-67f">
         <name>.text:abort</name>
         <load_address>0x1176c</load_address>
         <run_address>0x1176c</run_address>
         <size>0x6</size>
         <input_file_ref idref="fl-57"/>
      </object_component>
      <object_component id="oc-77f">
         <name>.text:_outs</name>
         <load_address>0x11772</load_address>
         <run_address>0x11772</run_address>
         <size>0x4</size>
         <input_file_ref idref="fl-5b"/>
      </object_component>
      <object_component id="oc-632">
         <name>.text:_system_pre_init</name>
         <load_address>0x11776</load_address>
         <run_address>0x11776</run_address>
         <size>0x4</size>
         <input_file_ref idref="fl-55"/>
      </object_component>
      <object_component id="oc-79a">
         <name>.text:_nop</name>
         <load_address>0x1177a</load_address>
         <run_address>0x1177a</run_address>
         <size>0x2</size>
         <input_file_ref idref="fl-59"/>
      </object_component>
      <object_component id="oc-6fa">
         <name>.text:_system_post_cinit</name>
         <load_address>0x1177c</load_address>
         <run_address>0x1177c</run_address>
         <size>0x2</size>
         <input_file_ref idref="fl-54"/>
      </object_component>
      <object_component id="oc-931">
         <name>.bss</name>
         <uninitialized>true</uninitialized>
         <run_address>0x1e4c</run_address>
         <size>0x4</size>
         <input_file_ref idref="fl-77"/>
      </object_component>
      <object_component id="oc-6d1">
         <name>.common:rx_buf</name>
         <uninitialized>true</uninitialized>
         <run_address>0x1e3a</run_address>
         <size>0xa</size>
      </object_component>
      <object_component id="oc-946">
         <name>.common:__TI_tmpnams</name>
         <uninitialized>true</uninitialized>
         <run_address>0x1d9a</run_address>
         <size>0xa0</size>
      </object_component>
      <object_component id="oc-951">
         <name>.common:parmbuf</name>
         <uninitialized>true</uninitialized>
         <run_address>0x1e44</run_address>
         <size>0x8</size>
      </object_component>
      <object_component id="oc-72d">
         <name>.data:PaTabel</name>
         <load_address>0x1d7c</load_address>
         <run_address>0x1d7c</run_address>
         <size>0x8</size>
         <input_file_ref idref="fl-3"/>
      </object_component>
      <object_component id="oc-6e9">
         <name>.data</name>
         <load_address>0x1d96</load_address>
         <run_address>0x1d96</run_address>
         <size>0x2</size>
         <input_file_ref idref="fl-57"/>
      </object_component>
      <object_component id="oc-6f2">
         <name>.data:__TI_cleanup_ptr</name>
         <load_address>0x1d84</load_address>
         <run_address>0x1d84</run_address>
         <size>0x4</size>
         <input_file_ref idref="fl-58"/>
      </object_component>
      <object_component id="oc-6ef">
         <name>.data:__TI_dtors_ptr</name>
         <load_address>0x1d88</load_address>
         <run_address>0x1d88</run_address>
         <size>0x4</size>
         <input_file_ref idref="fl-58"/>
      </object_component>
      <object_component id="oc-6ec">
         <name>.data:_lock</name>
         <load_address>0x1d8c</load_address>
         <run_address>0x1d8c</run_address>
         <size>0x4</size>
         <input_file_ref idref="fl-59"/>
      </object_component>
      <object_component id="oc-6f5">
         <name>.data:_unlock</name>
         <load_address>0x1d90</load_address>
         <run_address>0x1d90</run_address>
         <size>0x4</size>
         <input_file_ref idref="fl-59"/>
      </object_component>
      <object_component id="oc-77c">
         <name>.data:_ftable</name>
         <load_address>0x1c00</load_address>
         <run_address>0x1c00</run_address>
         <size>0xc8</size>
         <input_file_ref idref="fl-5f"/>
      </object_component>
      <object_component id="oc-8fa">
         <name>.data</name>
         <load_address>0x1d94</load_address>
         <run_address>0x1d94</run_address>
         <size>0x2</size>
         <input_file_ref idref="fl-5f"/>
      </object_component>
      <object_component id="oc-8bf">
         <name>.data:_device</name>
         <load_address>0x1cc8</load_address>
         <run_address>0x1cc8</run_address>
         <size>0x78</size>
         <input_file_ref idref="fl-66"/>
      </object_component>
      <object_component id="oc-87e">
         <name>.data:_stream</name>
         <load_address>0x1d40</load_address>
         <run_address>0x1d40</run_address>
         <size>0x3c</size>
         <input_file_ref idref="fl-66"/>
      </object_component>
      <object_component id="oc-936">
         <name>.data</name>
         <load_address>0x1d98</load_address>
         <run_address>0x1d98</run_address>
         <size>0x2</size>
         <input_file_ref idref="fl-77"/>
      </object_component>
      <object_component id="oc-5ae">
         <name>.stack</name>
         <uninitialized>true</uninitialized>
         <run_address>0x2000</run_address>
         <size>0x4</size>
         <input_file_ref idref="fl-50"/>
      </object_component>
      <object_component id="oc-a4c">
         <name>.stack</name>
         <uninitialized>true</uninitialized>
         <run_address>0x2000</run_address>
         <size>0x0</size>
      </object_component>
      <object_component id="oc-85">
         <name>.int27</name>
         <load_address>0xffc6</load_address>
         <run_address>0xffc6</run_address>
         <size>0x2</size>
         <input_file_ref idref="fl-2e"/>
      </object_component>
      <object_component id="oc-86">
         <name>.int28</name>
         <load_address>0xffc8</load_address>
         <run_address>0xffc8</run_address>
         <size>0x2</size>
         <input_file_ref idref="fl-30"/>
      </object_component>
      <object_component id="oc-87">
         <name>.int30</name>
         <load_address>0xffcc</load_address>
         <run_address>0xffcc</run_address>
         <size>0x2</size>
         <input_file_ref idref="fl-31"/>
      </object_component>
      <object_component id="oc-88">
         <name>.int31</name>
         <load_address>0xffce</load_address>
         <run_address>0xffce</run_address>
         <size>0x2</size>
         <input_file_ref idref="fl-32"/>
      </object_component>
      <object_component id="oc-89">
         <name>.int32</name>
         <load_address>0xffd0</load_address>
         <run_address>0xffd0</run_address>
         <size>0x2</size>
         <input_file_ref idref="fl-33"/>
      </object_component>
      <object_component id="oc-8a">
         <name>.int33</name>
         <load_address>0xffd2</load_address>
         <run_address>0xffd2</run_address>
         <size>0x2</size>
         <input_file_ref idref="fl-34"/>
      </object_component>
      <object_component id="oc-8b">
         <name>.int34</name>
         <load_address>0xffd4</load_address>
         <run_address>0xffd4</run_address>
         <size>0x2</size>
         <input_file_ref idref="fl-35"/>
      </object_component>
      <object_component id="oc-8c">
         <name>.int35</name>
         <load_address>0xffd6</load_address>
         <run_address>0xffd6</run_address>
         <size>0x2</size>
         <input_file_ref idref="fl-36"/>
      </object_component>
      <object_component id="oc-8d">
         <name>.int36</name>
         <load_address>0xffd8</load_address>
         <run_address>0xffd8</run_address>
         <size>0x2</size>
         <input_file_ref idref="fl-4"/>
      </object_component>
      <object_component id="oc-8e">
         <name>.int37</name>
         <load_address>0xffda</load_address>
         <run_address>0xffda</run_address>
         <size>0x2</size>
         <input_file_ref idref="fl-37"/>
      </object_component>
      <object_component id="oc-8f">
         <name>.int38</name>
         <load_address>0xffdc</load_address>
         <run_address>0xffdc</run_address>
         <size>0x2</size>
         <input_file_ref idref="fl-38"/>
      </object_component>
      <object_component id="oc-90">
         <name>.int39</name>
         <load_address>0xffde</load_address>
         <run_address>0xffde</run_address>
         <size>0x2</size>
         <input_file_ref idref="fl-39"/>
      </object_component>
      <object_component id="oc-91">
         <name>.int40</name>
         <load_address>0xffe0</load_address>
         <run_address>0xffe0</run_address>
         <size>0x2</size>
         <input_file_ref idref="fl-3a"/>
      </object_component>
      <object_component id="oc-92">
         <name>.int41</name>
         <load_address>0xffe2</load_address>
         <run_address>0xffe2</run_address>
         <size>0x2</size>
         <input_file_ref idref="fl-3b"/>
      </object_component>
      <object_component id="oc-93">
         <name>.int42</name>
         <load_address>0xffe4</load_address>
         <run_address>0xffe4</run_address>
         <size>0x2</size>
         <input_file_ref idref="fl-3c"/>
      </object_component>
      <object_component id="oc-94">
         <name>.int43</name>
         <load_address>0xffe6</load_address>
         <run_address>0xffe6</run_address>
         <size>0x2</size>
         <input_file_ref idref="fl-3d"/>
      </object_component>
      <object_component id="oc-95">
         <name>.int44</name>
         <load_address>0xffe8</load_address>
         <run_address>0xffe8</run_address>
         <size>0x2</size>
         <input_file_ref idref="fl-3e"/>
      </object_component>
      <object_component id="oc-96">
         <name>.int45</name>
         <load_address>0xffea</load_address>
         <run_address>0xffea</run_address>
         <size>0x2</size>
         <input_file_ref idref="fl-3f"/>
      </object_component>
      <object_component id="oc-97">
         <name>.int46</name>
         <load_address>0xffec</load_address>
         <run_address>0xffec</run_address>
         <size>0x2</size>
         <input_file_ref idref="fl-40"/>
      </object_component>
      <object_component id="oc-98">
         <name>.int47</name>
         <load_address>0xffee</load_address>
         <run_address>0xffee</run_address>
         <size>0x2</size>
         <input_file_ref idref="fl-41"/>
      </object_component>
      <object_component id="oc-99">
         <name>.int48</name>
         <load_address>0xfff0</load_address>
         <run_address>0xfff0</run_address>
         <size>0x2</size>
         <input_file_ref idref="fl-42"/>
      </object_component>
      <object_component id="oc-9a">
         <name>.int49</name>
         <load_address>0xfff2</load_address>
         <run_address>0xfff2</run_address>
         <size>0x2</size>
         <input_file_ref idref="fl-43"/>
      </object_component>
      <object_component id="oc-9b">
         <name>.int50</name>
         <load_address>0xfff4</load_address>
         <run_address>0xfff4</run_address>
         <size>0x2</size>
         <input_file_ref idref="fl-44"/>
      </object_component>
      <object_component id="oc-9c">
         <name>.int51</name>
         <load_address>0xfff6</load_address>
         <run_address>0xfff6</run_address>
         <size>0x2</size>
         <input_file_ref idref="fl-45"/>
      </object_component>
      <object_component id="oc-9d">
         <name>.int52</name>
         <load_address>0xfff8</load_address>
         <run_address>0xfff8</run_address>
         <size>0x2</size>
         <input_file_ref idref="fl-46"/>
      </object_component>
      <object_component id="oc-9e">
         <name>.int53</name>
         <load_address>0xfffa</load_address>
         <run_address>0xfffa</run_address>
         <size>0x2</size>
         <input_file_ref idref="fl-47"/>
      </object_component>
      <object_component id="oc-9f">
         <name>.int54</name>
         <load_address>0xfffc</load_address>
         <run_address>0xfffc</run_address>
         <size>0x2</size>
         <input_file_ref idref="fl-48"/>
      </object_component>
      <object_component id="oc-5b1">
         <name>.reset</name>
         <load_address>0xfffe</load_address>
         <run_address>0xfffe</run_address>
         <size>0x2</size>
         <input_file_ref idref="fl-50"/>
      </object_component>
      <object_component id="oc-7d8">
         <name>.debug_info</name>
         <load_address>0x0</load_address>
         <run_address>0x0</run_address>
         <size>0x2ef</size>
         <input_file_ref idref="fl-2"/>
      </object_component>
      <object_component id="oc-74a">
         <name>.debug_info</name>
         <load_address>0x2ef</load_address>
         <run_address>0x2ef</run_address>
         <size>0x26b</size>
         <input_file_ref idref="fl-2"/>
      </object_component>
      <object_component id="oc-5bb">
         <name>.debug_info</name>
         <load_address>0x55a</load_address>
         <run_address>0x55a</run_address>
         <size>0x84</size>
         <input_file_ref idref="fl-2"/>
      </object_component>
      <object_component id="oc-793">
         <name>.debug_info</name>
         <load_address>0x5de</load_address>
         <run_address>0x5de</run_address>
         <size>0x275</size>
         <input_file_ref idref="fl-2"/>
      </object_component>
      <object_component id="oc-6e2">
         <name>.debug_info</name>
         <load_address>0x853</load_address>
         <run_address>0x853</run_address>
         <size>0xbb</size>
         <input_file_ref idref="fl-2"/>
      </object_component>
      <object_component id="oc-77b">
         <name>.debug_info</name>
         <load_address>0x90e</load_address>
         <run_address>0x90e</run_address>
         <size>0x3fa</size>
         <input_file_ref idref="fl-3"/>
      </object_component>
      <object_component id="oc-741">
         <name>.debug_info</name>
         <load_address>0xd08</load_address>
         <run_address>0xd08</run_address>
         <size>0xe0</size>
         <input_file_ref idref="fl-3"/>
      </object_component>
      <object_component id="oc-738">
         <name>.debug_info</name>
         <load_address>0xde8</load_address>
         <run_address>0xde8</run_address>
         <size>0xe0</size>
         <input_file_ref idref="fl-3"/>
      </object_component>
      <object_component id="oc-745">
         <name>.debug_info</name>
         <load_address>0xec8</load_address>
         <run_address>0xec8</run_address>
         <size>0xf0</size>
         <input_file_ref idref="fl-3"/>
      </object_component>
      <object_component id="oc-72e">
         <name>.debug_info</name>
         <load_address>0xfb8</load_address>
         <run_address>0xfb8</run_address>
         <size>0xd7</size>
         <input_file_ref idref="fl-3"/>
      </object_component>
      <object_component id="oc-7c7">
         <name>.debug_info</name>
         <load_address>0x108f</load_address>
         <run_address>0x108f</run_address>
         <size>0x145</size>
         <input_file_ref idref="fl-3"/>
      </object_component>
      <object_component id="oc-7da">
         <name>.debug_info</name>
         <load_address>0x11d4</load_address>
         <run_address>0x11d4</run_address>
         <size>0x133</size>
         <input_file_ref idref="fl-3"/>
      </object_component>
      <object_component id="oc-731">
         <name>.debug_info</name>
         <load_address>0x1307</load_address>
         <run_address>0x1307</run_address>
         <size>0x1a2</size>
         <input_file_ref idref="fl-3"/>
      </object_component>
      <object_component id="oc-71c">
         <name>.debug_info</name>
         <load_address>0x14a9</load_address>
         <run_address>0x14a9</run_address>
         <size>0x118</size>
         <input_file_ref idref="fl-3"/>
      </object_component>
      <object_component id="oc-722">
         <name>.debug_info</name>
         <load_address>0x15c1</load_address>
         <run_address>0x15c1</run_address>
         <size>0x121</size>
         <input_file_ref idref="fl-3"/>
      </object_component>
      <object_component id="oc-73b">
         <name>.debug_info</name>
         <load_address>0x16e2</load_address>
         <run_address>0x16e2</run_address>
         <size>0x16f</size>
         <input_file_ref idref="fl-3"/>
      </object_component>
      <object_component id="oc-728">
         <name>.debug_info</name>
         <load_address>0x1851</load_address>
         <run_address>0x1851</run_address>
         <size>0x3e8</size>
         <input_file_ref idref="fl-3"/>
      </object_component>
      <object_component id="oc-6c0">
         <name>.debug_info</name>
         <load_address>0x1c39</load_address>
         <run_address>0x1c39</run_address>
         <size>0x16f</size>
         <input_file_ref idref="fl-3"/>
      </object_component>
      <object_component id="oc-756">
         <name>.debug_info</name>
         <load_address>0x1da8</load_address>
         <run_address>0x1da8</run_address>
         <size>0x157</size>
         <input_file_ref idref="fl-3"/>
      </object_component>
      <object_component id="oc-775">
         <name>.debug_info</name>
         <load_address>0x1eff</load_address>
         <run_address>0x1eff</run_address>
         <size>0x136</size>
         <input_file_ref idref="fl-3"/>
      </object_component>
      <object_component id="oc-768">
         <name>.debug_info</name>
         <load_address>0x2035</load_address>
         <run_address>0x2035</run_address>
         <size>0x125</size>
         <input_file_ref idref="fl-3"/>
      </object_component>
      <object_component id="oc-750">
         <name>.debug_info</name>
         <load_address>0x215a</load_address>
         <run_address>0x215a</run_address>
         <size>0x13e</size>
         <input_file_ref idref="fl-3"/>
      </object_component>
      <object_component id="oc-75c">
         <name>.debug_info</name>
         <load_address>0x2298</load_address>
         <run_address>0x2298</run_address>
         <size>0x147</size>
         <input_file_ref idref="fl-3"/>
      </object_component>
      <object_component id="oc-76e">
         <name>.debug_info</name>
         <load_address>0x23df</load_address>
         <run_address>0x23df</run_address>
         <size>0x1a0</size>
         <input_file_ref idref="fl-3"/>
      </object_component>
      <object_component id="oc-6d5">
         <name>.debug_info</name>
         <load_address>0x257f</load_address>
         <run_address>0x257f</run_address>
         <size>0x25f</size>
         <input_file_ref idref="fl-3"/>
      </object_component>
      <object_component id="oc-762">
         <name>.debug_info</name>
         <load_address>0x27de</load_address>
         <run_address>0x27de</run_address>
         <size>0x135</size>
         <input_file_ref idref="fl-3"/>
      </object_component>
      <object_component id="oc-6c6">
         <name>.debug_info</name>
         <load_address>0x2913</load_address>
         <run_address>0x2913</run_address>
         <size>0x176</size>
         <input_file_ref idref="fl-3"/>
      </object_component>
      <object_component id="oc-6cc">
         <name>.debug_info</name>
         <load_address>0x2a89</load_address>
         <run_address>0x2a89</run_address>
         <size>0x159</size>
         <input_file_ref idref="fl-3"/>
      </object_component>
      <object_component id="oc-80e">
         <name>.debug_info</name>
         <load_address>0x2be2</load_address>
         <run_address>0x2be2</run_address>
         <size>0x2c</size>
         <input_file_ref idref="fl-3"/>
      </object_component>
      <object_component id="oc-6d2">
         <name>.debug_info</name>
         <load_address>0x2c0e</load_address>
         <run_address>0x2c0e</run_address>
         <size>0x55a</size>
         <input_file_ref idref="fl-4"/>
      </object_component>
      <object_component id="oc-679">
         <name>.debug_info</name>
         <load_address>0x3168</load_address>
         <run_address>0x3168</run_address>
         <size>0x139</size>
         <input_file_ref idref="fl-4"/>
      </object_component>
      <object_component id="oc-673">
         <name>.debug_info</name>
         <load_address>0x32a1</load_address>
         <run_address>0x32a1</run_address>
         <size>0x18e</size>
         <input_file_ref idref="fl-4"/>
      </object_component>
      <object_component id="oc-66d">
         <name>.debug_info</name>
         <load_address>0x342f</load_address>
         <run_address>0x342f</run_address>
         <size>0x109</size>
         <input_file_ref idref="fl-4"/>
      </object_component>
      <object_component id="oc-639">
         <name>.debug_info</name>
         <load_address>0x3538</load_address>
         <run_address>0x3538</run_address>
         <size>0x130</size>
         <input_file_ref idref="fl-4"/>
      </object_component>
      <object_component id="oc-5d3">
         <name>.debug_info</name>
         <load_address>0x3668</load_address>
         <run_address>0x3668</run_address>
         <size>0x10a</size>
         <input_file_ref idref="fl-4"/>
      </object_component>
      <object_component id="oc-61e">
         <name>.debug_info</name>
         <load_address>0x3772</load_address>
         <run_address>0x3772</run_address>
         <size>0x17c</size>
         <input_file_ref idref="fl-2c"/>
      </object_component>
      <object_component id="oc-7a">
         <name>.debug_info</name>
         <load_address>0x38ee</load_address>
         <run_address>0x38ee</run_address>
         <size>0x251</size>
         <input_file_ref idref="fl-2c"/>
      </object_component>
      <object_component id="oc-5b6">
         <name>.debug_info</name>
         <load_address>0x3b3f</load_address>
         <run_address>0x3b3f</run_address>
         <size>0x60</size>
         <input_file_ref idref="fl-2c"/>
      </object_component>
      <object_component id="oc-660">
         <name>.debug_info</name>
         <load_address>0x3b9f</load_address>
         <run_address>0x3b9f</run_address>
         <size>0x46</size>
         <input_file_ref idref="fl-2c"/>
      </object_component>
      <object_component id="oc-619">
         <name>.debug_info</name>
         <load_address>0x3be5</load_address>
         <run_address>0x3be5</run_address>
         <size>0x39</size>
         <input_file_ref idref="fl-2c"/>
      </object_component>
      <object_component id="oc-5cc">
         <name>.debug_info</name>
         <load_address>0x3c1e</load_address>
         <run_address>0x3c1e</run_address>
         <size>0x190</size>
         <input_file_ref idref="fl-2d"/>
      </object_component>
      <object_component id="oc-80">
         <name>.debug_info</name>
         <load_address>0x3dae</load_address>
         <run_address>0x3dae</run_address>
         <size>0x1d4</size>
         <input_file_ref idref="fl-2d"/>
      </object_component>
      <object_component id="oc-5c7">
         <name>.debug_info</name>
         <load_address>0x3f82</load_address>
         <run_address>0x3f82</run_address>
         <size>0x46</size>
         <input_file_ref idref="fl-2d"/>
      </object_component>
      <object_component id="oc-5ce">
         <name>.debug_info</name>
         <load_address>0x3fc8</load_address>
         <run_address>0x3fc8</run_address>
         <size>0x110</size>
         <input_file_ref idref="fl-2f"/>
      </object_component>
      <object_component id="oc-630">
         <name>.debug_info</name>
         <load_address>0x40d8</load_address>
         <run_address>0x40d8</run_address>
         <size>0x180</size>
         <input_file_ref idref="fl-49"/>
      </object_component>
      <object_component id="oc-5d9">
         <name>.debug_info</name>
         <load_address>0x4258</load_address>
         <run_address>0x4258</run_address>
         <size>0x1d8</size>
         <input_file_ref idref="fl-49"/>
      </object_component>
      <object_component id="oc-62b">
         <name>.debug_info</name>
         <load_address>0x4430</load_address>
         <run_address>0x4430</run_address>
         <size>0x46</size>
         <input_file_ref idref="fl-49"/>
      </object_component>
      <object_component id="oc-7ba">
         <name>.debug_info</name>
         <load_address>0x4476</load_address>
         <run_address>0x4476</run_address>
         <size>0x131</size>
         <input_file_ref idref="fl-4b"/>
      </object_component>
      <object_component id="oc-5af">
         <name>.debug_info</name>
         <load_address>0x45a7</load_address>
         <run_address>0x45a7</run_address>
         <size>0x101</size>
         <input_file_ref idref="fl-50"/>
      </object_component>
      <object_component id="oc-603">
         <name>.debug_info</name>
         <load_address>0x46a8</load_address>
         <run_address>0x46a8</run_address>
         <size>0x194</size>
         <input_file_ref idref="fl-50"/>
      </object_component>
      <object_component id="oc-64b">
         <name>.debug_info</name>
         <load_address>0x483c</load_address>
         <run_address>0x483c</run_address>
         <size>0xf2</size>
         <input_file_ref idref="fl-51"/>
      </object_component>
      <object_component id="oc-701">
         <name>.debug_info</name>
         <load_address>0x492e</load_address>
         <run_address>0x492e</run_address>
         <size>0x3fd</size>
         <input_file_ref idref="fl-53"/>
      </object_component>
      <object_component id="oc-6a4">
         <name>.debug_info</name>
         <load_address>0x4d2b</load_address>
         <run_address>0x4d2b</run_address>
         <size>0x231</size>
         <input_file_ref idref="fl-53"/>
      </object_component>
      <object_component id="oc-7af">
         <name>.debug_info</name>
         <load_address>0x4f5c</load_address>
         <run_address>0x4f5c</run_address>
         <size>0x39</size>
         <input_file_ref idref="fl-53"/>
      </object_component>
      <object_component id="oc-7c0">
         <name>.debug_info</name>
         <load_address>0x4f95</load_address>
         <run_address>0x4f95</run_address>
         <size>0x2c</size>
         <input_file_ref idref="fl-53"/>
      </object_component>
      <object_component id="oc-70c">
         <name>.debug_info</name>
         <load_address>0x4fc1</load_address>
         <run_address>0x4fc1</run_address>
         <size>0x2c</size>
         <input_file_ref idref="fl-53"/>
      </object_component>
      <object_component id="oc-7b4">
         <name>.debug_info</name>
         <load_address>0x4fed</load_address>
         <run_address>0x4fed</run_address>
         <size>0xcd</size>
         <input_file_ref idref="fl-53"/>
      </object_component>
      <object_component id="oc-6fb">
         <name>.debug_info</name>
         <load_address>0x50ba</load_address>
         <run_address>0x50ba</run_address>
         <size>0x151</size>
         <input_file_ref idref="fl-54"/>
      </object_component>
      <object_component id="oc-633">
         <name>.debug_info</name>
         <load_address>0x520b</load_address>
         <run_address>0x520b</run_address>
         <size>0x154</size>
         <input_file_ref idref="fl-55"/>
      </object_component>
      <object_component id="oc-621">
         <name>.debug_info</name>
         <load_address>0x535f</load_address>
         <run_address>0x535f</run_address>
         <size>0x2c</size>
         <input_file_ref idref="fl-56"/>
      </object_component>
      <object_component id="oc-6f9">
         <name>.debug_info</name>
         <load_address>0x538b</load_address>
         <run_address>0x538b</run_address>
         <size>0x234</size>
         <input_file_ref idref="fl-57"/>
      </object_component>
      <object_component id="oc-6ea">
         <name>.debug_info</name>
         <load_address>0x55bf</load_address>
         <run_address>0x55bf</run_address>
         <size>0x133</size>
         <input_file_ref idref="fl-57"/>
      </object_component>
      <object_component id="oc-682">
         <name>.debug_info</name>
         <load_address>0x56f2</load_address>
         <run_address>0x56f2</run_address>
         <size>0x123</size>
         <input_file_ref idref="fl-57"/>
      </object_component>
      <object_component id="oc-687">
         <name>.debug_info</name>
         <load_address>0x5815</load_address>
         <run_address>0x5815</run_address>
         <size>0x198</size>
         <input_file_ref idref="fl-57"/>
      </object_component>
      <object_component id="oc-7a5">
         <name>.debug_info</name>
         <load_address>0x59ad</load_address>
         <run_address>0x59ad</run_address>
         <size>0x104</size>
         <input_file_ref idref="fl-58"/>
      </object_component>
      <object_component id="oc-6f3">
         <name>.debug_info</name>
         <load_address>0x5ab1</load_address>
         <run_address>0x5ab1</run_address>
         <size>0x11b</size>
         <input_file_ref idref="fl-58"/>
      </object_component>
      <object_component id="oc-6f0">
         <name>.debug_info</name>
         <load_address>0x5bcc</load_address>
         <run_address>0x5bcc</run_address>
         <size>0x117</size>
         <input_file_ref idref="fl-58"/>
      </object_component>
      <object_component id="oc-7a2">
         <name>.debug_info</name>
         <load_address>0x5ce3</load_address>
         <run_address>0x5ce3</run_address>
         <size>0x169</size>
         <input_file_ref idref="fl-59"/>
      </object_component>
      <object_component id="oc-6ed">
         <name>.debug_info</name>
         <load_address>0x5e4c</load_address>
         <run_address>0x5e4c</run_address>
         <size>0x100</size>
         <input_file_ref idref="fl-59"/>
      </object_component>
      <object_component id="oc-6f6">
         <name>.debug_info</name>
         <load_address>0x5f4c</load_address>
         <run_address>0x5f4c</run_address>
         <size>0x104</size>
         <input_file_ref idref="fl-59"/>
      </object_component>
      <object_component id="oc-79b">
         <name>.debug_info</name>
         <load_address>0x6050</load_address>
         <run_address>0x6050</run_address>
         <size>0x12f</size>
         <input_file_ref idref="fl-59"/>
      </object_component>
      <object_component id="oc-620">
         <name>.debug_info</name>
         <load_address>0x617f</load_address>
         <run_address>0x617f</run_address>
         <size>0x19b</size>
         <input_file_ref idref="fl-5a"/>
      </object_component>
      <object_component id="oc-5c1">
         <name>.debug_info</name>
         <load_address>0x631a</load_address>
         <run_address>0x631a</run_address>
         <size>0x17b</size>
         <input_file_ref idref="fl-5a"/>
      </object_component>
      <object_component id="oc-792">
         <name>.debug_info</name>
         <load_address>0x6495</load_address>
         <run_address>0x6495</run_address>
         <size>0x2d7</size>
         <input_file_ref idref="fl-5b"/>
      </object_component>
      <object_component id="oc-786">
         <name>.debug_info</name>
         <load_address>0x676c</load_address>
         <run_address>0x676c</run_address>
         <size>0x163</size>
         <input_file_ref idref="fl-5b"/>
      </object_component>
      <object_component id="oc-780">
         <name>.debug_info</name>
         <load_address>0x68cf</load_address>
         <run_address>0x68cf</run_address>
         <size>0x167</size>
         <input_file_ref idref="fl-5b"/>
      </object_component>
      <object_component id="oc-6dc">
         <name>.debug_info</name>
         <load_address>0x6a36</load_address>
         <run_address>0x6a36</run_address>
         <size>0x185</size>
         <input_file_ref idref="fl-5b"/>
      </object_component>
      <object_component id="oc-81a">
         <name>.debug_info</name>
         <load_address>0x6bbb</load_address>
         <run_address>0x6bbb</run_address>
         <size>0xb2</size>
         <input_file_ref idref="fl-5b"/>
      </object_component>
      <object_component id="oc-80d">
         <name>.debug_info</name>
         <load_address>0x6c6d</load_address>
         <run_address>0x6c6d</run_address>
[...]
         <value>0x10946</value>
         <object_component_ref idref="oc-6d4"/>
      </symbol>
      <symbol id="sm-651">
         <name>cc1101_start</name>
         <value>0x115a0</value>
         <object_component_ref idref="oc-6bf"/>
      </symbol>
      <symbol id="sm-652">
         <name>cc1101_idle</name>
         <value>0x11700</value>
         <object_component_ref idref="oc-761"/>
      </symbol>
      <symbol id="sm-653">
         <name>cc1101_MARCState</name>
         <value>0x11736</value>
         <object_component_ref idref="oc-774"/>
      </symbol>
      <symbol id="sm-654">
         <name>PaTabel</name>
         <value>0x1d7c</value>
         <object_component_ref idref="oc-72d"/>
      </symbol>
      <symbol id="sm-655">
         <name>cc1101_rx_mode</name>
         <value>0x116d8</value>
         <object_component_ref idref="oc-74f"/>
      </symbol>
      <symbol id="sm-656">
         <name>cc1101_channel</name>
         <value>0x11628</value>
         <object_component_ref idref="oc-6cb"/>
      </symbol>
      <symbol id="sm-657">
         <name>cc1101_data_rate</name>
         <value>0x114fa</value>
         <object_component_ref idref="oc-6c5"/>
      </symbol>
      <symbol id="sm-658">
         <name>cc1101_rxflush</name>
         <value>0x11754</value>
         <object_component_ref idref="oc-767"/>
      </symbol>
      <symbol id="sm-68c">
         <name>rx_buf</name>
         <value>0x1e3a</value>
      </symbol>
      <symbol id="sm-68d">
         <name>__TI_int36</name>
         <value>0xffd8</value>
         <object_component_ref idref="oc-8d"/>
      </symbol>
      <symbol id="sm-68e">
         <name>main</name>
         <value>0x10ea8</value>
         <object_component_ref idref="oc-638"/>
      </symbol>
      <symbol id="sm-68f">
         <name>__set_timer_32KHz</name>
         <value>0x115f4</value>
         <object_component_ref idref="oc-678"/>
      </symbol>
      <symbol id="sm-690">
         <name>INT_Timer2A0</name>
         <value>0x4c20</value>
         <object_component_ref idref="oc-5d2"/>
      </symbol>
      <symbol id="sm-691">
         <name>__clock_init</name>
         <value>0x1132a</value>
         <object_component_ref idref="oc-66c"/>
      </symbol>
      <symbol id="sm-692">
         <name>receive</name>
         <value>0x10bb0</value>
         <object_component_ref idref="oc-672"/>
      </symbol>
      <symbol id="sm-6b6">
         <name>__TI_decompress_lzss</name>
         <value>0x10a52</value>
         <object_component_ref idref="oc-79"/>
      </symbol>
      <symbol id="sm-6c7">
         <name>__TI_decompress_none</name>
         <value>0x11712</value>
         <object_component_ref idref="oc-7f"/>
      </symbol>
      <symbol id="sm-6ca">
         <name>__TI_int27</name>
         <value>0xffc6</value>
         <object_component_ref idref="oc-85"/>
      </symbol>
      <symbol id="sm-6d2">
         <name>__TI_ISR_TRAP</name>
         <value>0x4c30</value>
         <object_component_ref idref="oc-5cd"/>
      </symbol>
      <symbol id="sm-6d5">
         <name>__TI_int28</name>
         <value>0xffc8</value>
         <object_component_ref idref="oc-86"/>
      </symbol>
      <symbol id="sm-6d8">
         <name>__TI_int30</name>
         <value>0xffcc</value>
         <object_component_ref idref="oc-87"/>
      </symbol>
      <symbol id="sm-6db">
         <name>__TI_int31</name>
         <value>0xffce</value>
         <object_component_ref idref="oc-88"/>
      </symbol>
      <symbol id="sm-6de">
         <name>__TI_int32</name>
         <value>0xffd0</value>
         <object_component_ref idref="oc-89"/>
      </symbol>
      <symbol id="sm-6e1">
         <name>__TI_int33</name>
         <value>0xffd2</value>
         <object_component_ref idref="oc-8a"/>
      </symbol>
      <symbol id="sm-6e4">
         <name>__TI_int34</name>
         <value>0xffd4</value>
         <object_component_ref idref="oc-8b"/>
      </symbol>
      <symbol id="sm-6e7">
         <name>__TI_int35</name>
         <value>0xffd6</value>
         <object_component_ref idref="oc-8c"/>
      </symbol>
      <symbol id="sm-6ea">
         <name>__TI_int37</name>
         <value>0xffda</value>
         <object_component_ref idref="oc-8e"/>
      </symbol>
      <symbol id="sm-6ed">
         <name>__TI_int38</name>
         <value>0xffdc</value>
         <object_component_ref idref="oc-8f"/>
      </symbol>
      <symbol id="sm-6f0">
         <name>__TI_int39</name>
         <value>0xffde</value>
         <object_component_ref idref="oc-90"/>
      </symbol>
      <symbol id="sm-6f3">
         <name>__TI_int40</name>
         <value>0xffe0</value>
         <object_component_ref idref="oc-91"/>
      </symbol>
      <symbol id="sm-6f6">
         <name>__TI_int41</name>
         <value>0xffe2</value>
         <object_component_ref idref="oc-92"/>
      </symbol>
      <symbol id="sm-6f9">
         <name>__TI_int42</name>
         <value>0xffe4</value>
         <object_component_ref idref="oc-93"/>
      </symbol>
      <symbol id="sm-6fc">
         <name>__TI_int43</name>
         <value>0xffe6</value>
         <object_component_ref idref="oc-94"/>
      </symbol>
      <symbol id="sm-6ff">
         <name>__TI_int44</name>
         <value>0xffe8</value>
         <object_component_ref idref="oc-95"/>
      </symbol>
      <symbol id="sm-702">
         <name>__TI_int45</name>
         <value>0xffea</value>
         <object_component_ref idref="oc-96"/>
      </symbol>
      <symbol id="sm-705">
         <name>__TI_int46</name>
         <value>0xffec</value>
         <object_component_ref idref="oc-97"/>
      </symbol>
      <symbol id="sm-708">
         <name>__TI_int47</name>
         <value>0xffee</value>
         <object_component_ref idref="oc-98"/>
      </symbol>
      <symbol id="sm-70b">
         <name>__TI_int48</name>
         <value>0xfff0</value>
         <object_component_ref idref="oc-99"/>
      </symbol>
      <symbol id="sm-70e">
         <name>__TI_int49</name>
         <value>0xfff2</value>
         <object_component_ref idref="oc-9a"/>
      </symbol>
      <symbol id="sm-711">
         <name>__TI_int50</name>
         <value>0xfff4</value>
         <object_component_ref idref="oc-9b"/>
      </symbol>
      <symbol id="sm-714">
         <name>__TI_int51</name>
         <value>0xfff6</value>
         <object_component_ref idref="oc-9c"/>
      </symbol>
      <symbol id="sm-717">
         <name>__TI_int52</name>
         <value>0xfff8</value>
         <object_component_ref idref="oc-9d"/>
      </symbol>
      <symbol id="sm-71a">
         <name>__TI_int53</name>
         <value>0xfffa</value>
         <object_component_ref idref="oc-9e"/>
      </symbol>
      <symbol id="sm-71d">
         <name>__TI_int54</name>
         <value>0xfffc</value>
         <object_component_ref idref="oc-9f"/>
      </symbol>
      <symbol id="sm-730">
         <name>__TI_zero_init_nomemset</name>
         <value>0x1151e</value>
         <object_component_ref idref="oc-5d8"/>
      </symbol>
      <symbol id="sm-739">
         <name>__mspabi_mpyi_f5hw</name>
         <value>0x11640</value>
         <object_component_ref idref="oc-7b9"/>
      </symbol>
      <symbol id="sm-74d">
         <name>_c_int00_noargs_mpu</name>
         <value>0x4c00</value>
         <object_component_ref idref="oc-602"/>
      </symbol>
      <symbol id="sm-74e">
         <name>_stack</name>
         <value>0x2000</value>
         <object_component_ref idref="oc-5ae"/>
      </symbol>
      <symbol id="sm-74f">
         <name>_reset_vector</name>
         <value>0xfffe</value>
         <object_component_ref idref="oc-5b1"/>
      </symbol>
      <symbol id="sm-758">
         <name>__mpu_init</name>
         <value>0x1144c</value>
         <object_component_ref idref="oc-64a"/>
      </symbol>
      <symbol id="sm-77c">
         <name>__TI_auto_init_nobinit_nopinit_hold_wdt</name>
         <value>0x10fbc</value>
         <object_component_ref idref="oc-6a3"/>
      </symbol>
      <symbol id="sm-785">
         <name>_system_post_cinit</name>
         <value>0x1177c</value>
         <object_component_ref idref="oc-6fa"/>
      </symbol>
      <symbol id="sm-78e">
         <name>_system_pre_init</name>
         <value>0x11776</value>
         <object_component_ref idref="oc-632"/>
      </symbol>
      <symbol id="sm-7b1">
         <name>C$$EXIT</name>
         <value>0x1176c</value>
         <object_component_ref idref="oc-67f"/>
      </symbol>
      <symbol id="sm-7b2">
         <name>abort</name>
         <value>0x1176c</value>
         <object_component_ref idref="oc-67f"/>
      </symbol>
      <symbol id="sm-7b3">
         <name>__TI_enable_exit_profile_output</name>
         <value>0x1d96</value>
         <object_component_ref idref="oc-6e9"/>
      </symbol>
      <symbol id="sm-7b4">
         <name>exit</name>
         <value>0x110b2</value>
         <object_component_ref idref="oc-685"/>
      </symbol>
      <symbol id="sm-7c3">
         <name>__TI_dtors_ptr</name>
         <value>0x1d88</value>
         <object_component_ref idref="oc-6ef"/>
      </symbol>
      <symbol id="sm-7c4">
         <name>__TI_cleanup_ptr</name>
         <value>0x1d84</value>
         <object_component_ref idref="oc-6f2"/>
      </symbol>
      <symbol id="sm-7da">
         <name>_nop</name>
         <value>0x1177a</value>
         <object_component_ref idref="oc-79a"/>
      </symbol>
      <symbol id="sm-7db">
         <name>_lock</name>
         <value>0x1d8c</value>
         <object_component_ref idref="oc-6ec"/>
      </symbol>
      <symbol id="sm-7dc">
         <name>_unlock</name>
         <value>0x1d90</value>
         <object_component_ref idref="oc-6f5"/>
      </symbol>
      <symbol id="sm-7ea">
         <name>memcpy</name>
         <value>0x116ec</value>
         <object_component_ref idref="oc-5c0"/>
      </symbol>
      <symbol id="sm-80d">
         <name>printf</name>
         <value>0x110fc</value>
         <object_component_ref idref="oc-6db"/>
      </symbol>
      <symbol id="sm-866">
         <name>__TI_printfi_minimal</name>
         <value>0x1058c</value>
         <object_component_ref idref="oc-78b"/>
      </symbol>
      <symbol id="sm-870">
         <name>__mspabi_remu</name>
         <value>0x1169a</value>
         <object_component_ref idref="oc-88b"/>
      </symbol>
      <symbol id="sm-871">
         <name>__mspabi_divu</name>
         <value>0x1169a</value>
         <object_component_ref idref="oc-88b"/>
      </symbol>
      <symbol id="sm-882">
         <name>__TI_tmpnams</name>
         <value>0x1d9a</value>
      </symbol>
      <symbol id="sm-883">
         <name>_ftable</name>
         <value>0x1c00</value>
         <object_component_ref idref="oc-77c"/>
      </symbol>
      <symbol id="sm-884">
         <name>__TI_ft_end</name>
         <value>0x1d94</value>
         <object_component_ref idref="oc-8fa"/>
      </symbol>
      <symbol id="sm-897">
         <name>putc</name>
         <value>0x108b6</value>
         <object_component_ref idref="oc-7f3"/>
      </symbol>
      <symbol id="sm-898">
         <name>fputc</name>
         <value>0x108b6</value>
         <object_component_ref idref="oc-7f3"/>
      </symbol>
      <symbol id="sm-8a9">
         <name>__TI_doflush</name>
         <value>0x10e44</value>
         <object_component_ref idref="oc-83e"/>
      </symbol>
      <symbol id="sm-8c1">
         <name>__TI_wrt_ok</name>
         <value>0x109d4</value>
         <object_component_ref idref="oc-832"/>
      </symbol>
      <symbol id="sm-8d9">
         <name>fputs</name>
         <value>0x103be</value>
         <object_component_ref idref="oc-7ec"/>
      </symbol>
      <symbol id="sm-8ee">
         <name>fseek</name>
         <value>0x10dda</value>
         <object_component_ref idref="oc-86c"/>
      </symbol>
      <symbol id="sm-901">
         <name>lseek</name>
         <value>0x11212</value>
         <object_component_ref idref="oc-898"/>
      </symbol>
      <symbol id="sm-910">
         <name>_stream</name>
         <value>0x1d40</value>
         <object_component_ref idref="oc-87e"/>
      </symbol>
      <symbol id="sm-911">
         <name>_device</name>
         <value>0x1cc8</value>
         <object_component_ref idref="oc-8bf"/>
      </symbol>
      <symbol id="sm-91d">
         <name>HOSTclose</name>
         <value>0x11064</value>
         <object_component_ref idref="oc-906"/>
      </symbol>
      <symbol id="sm-929">
         <name>HOSTlseek</name>
         <value>0x1081c</value>
         <object_component_ref idref="oc-918"/>
      </symbol>
      <symbol id="sm-937">
         <name>parmbuf</name>
         <value>0x1e44</value>
      </symbol>
      <symbol id="sm-938">
         <name>HOSTopen</name>
         <value>0x10c24</value>
         <object_component_ref idref="oc-900"/>
      </symbol>
      <symbol id="sm-945">
         <name>HOSTread</name>
         <value>0x10d70</value>
         <object_component_ref idref="oc-90c"/>
      </symbol>
      <symbol id="sm-951">
         <name>HOSTrename</name>
         <value>0x10ac8</value>
         <object_component_ref idref="oc-924"/>
      </symbol>
      <symbol id="sm-95d">
         <name>HOSTunlink</name>
         <value>0x1118e</value>
         <object_component_ref idref="oc-91e"/>
      </symbol>
      <symbol id="sm-96a">
         <name>HOSTwrite</name>
         <value>0x10d04</value>
         <object_component_ref idref="oc-912"/>
      </symbol>
      <symbol id="sm-988">
         <name>__TI_readmsg</name>
         <value>0x112f8</value>
         <object_component_ref idref="oc-95a"/>
      </symbol>
      <symbol id="sm-989">
         <name>C$$IO$$</name>
         <value>0x112f4</value>
         <object_component_ref idref="oc-954"/>
      </symbol>
      <symbol id="sm-98a">
         <name>_CIOBUF_</name>
         <value>0x4400</value>
         <object_component_ref idref="oc-98b"/>
      </symbol>
      <symbol id="sm-98b">
         <name>__TI_writemsg</name>
         <value>0x112c2</value>
         <object_component_ref idref="oc-954"/>
      </symbol>
      <symbol id="sm-993">
         <name>__mspabi_slll_9</name>
         <value>0x111ec</value>
         <object_component_ref idref="oc-967"/>
      </symbol>
      <symbol id="sm-994">
         <name>__mspabi_slll_8</name>
         <value>0x111f0</value>
         <object_component_ref idref="oc-967"/>
      </symbol>
      <symbol id="sm-995">
         <name>__mspabi_slll_7</name>
         <value>0x111f4</value>
         <object_component_ref idref="oc-967"/>
      </symbol>
      <symbol id="sm-996">
         <name>__mspabi_slll_6</name>
         <value>0x111f8</value>
         <object_component_ref idref="oc-967"/>
      </symbol>
      <symbol id="sm-997">
         <name>__mspabi_slll_5</name>
         <value>0x111fc</value>
         <object_component_ref idref="oc-967"/>
      </symbol>
      <symbol id="sm-998">
         <name>__mspabi_slll_4</name>
         <value>0x11200</value>
         <object_component_ref idref="oc-967"/>
      </symbol>
      <symbol id="sm-999">
         <name>__mspabi_slll_3</name>
         <value>0x11204</value>
         <object_component_ref idref="oc-967"/>
      </symbol>
      <symbol id="sm-99a">
         <name>__mspabi_slll_2</name>
         <value>0x11208</value>
         <object_component_ref idref="oc-967"/>
      </symbol>
      <symbol id="sm-99b">
         <name>__mspabi_slll_1</name>
         <value>0x1120c</value>
         <object_component_ref idref="oc-967"/>
      </symbol>
      <symbol id="sm-99c">
         <name>__mspabi_slll_15</name>
         <value>0x111d4</value>
         <object_component_ref idref="oc-967"/>
      </symbol>
      <symbol id="sm-99d">
         <name>__mspabi_slll_14</name>
         <value>0x111d8</value>
         <object_component_ref idref="oc-967"/>
      </symbol>
      <symbol id="sm-99e">
         <name>__mspabi_slll_13</name>
         <value>0x111dc</value>
         <object_component_ref idref="oc-967"/>
      </symbol>
      <symbol id="sm-99f">
         <name>__mspabi_slll_12</name>
         <value>0x111e0</value>
         <object_component_ref idref="oc-967"/>
      </symbol>
      <symbol id="sm-9a0">
         <name>__mspabi_slll_11</name>
         <value>0x111e4</value>
         <object_component_ref idref="oc-967"/>
      </symbol>
      <symbol id="sm-9a1">
         <name>__mspabi_slll_10</name>
         <value>0x111e8</value>
         <object_component_ref idref="oc-967"/>
      </symbol>
      <symbol id="sm-9b0">
         <name>memccpy</name>
         <value>0x11582</value>
         <object_component_ref idref="oc-85d"/>
      </symbol>
      <symbol id="sm-9bf">
         <name>memchr</name>
         <value>0x1166e</value>
         <object_component_ref idref="oc-838"/>
      </symbol>
      <symbol id="sm-9cd">
         <name>memset</name>
         <value>0x11684</value>
         <object_component_ref idref="oc-850"/>
      </symbol>
      <symbol id="sm-9e5">
         <name>setvbuf</name>
         <value>0x104ae</value>
         <object_component_ref idref="oc-872"/>
      </symbol>
      <symbol id="sm-9f6">
         <name>__TI_cleanup</name>
         <value>0x1128c</value>
         <object_component_ref idref="oc-8ac"/>
      </symbol>
      <symbol id="sm-a07">
         <name>__TI_closefile</name>
         <value>0x10b3c</value>
         <object_component_ref idref="oc-8f4"/>
      </symbol>
      <symbol id="sm-a19">
         <name>close</name>
         <value>0x10f08</value>
         <object_component_ref idref="oc-940"/>
      </symbol>
      <symbol id="sm-a91">
         <name>_sys_memory</name>
         <value>0x4520</value>
         <object_component_ref idref="oc-5b2"/>
      </symbol>
      <symbol id="sm-a92">
         <name>free</name>
         <value>0x10742</value>
         <object_component_ref idref="oc-8a0"/>
      </symbol>
      <symbol id="sm-a93">
         <name>memalign</name>
         <value>0x102b6</value>
         <object_component_ref idref="oc-8ed"/>
      </symbol>
      <symbol id="sm-a94">
         <name>malloc</name>
         <value>0x1175e</value>
         <object_component_ref idref="oc-8a6"/>
      </symbol>
      <symbol id="sm-a95">
         <name>aligned_alloc</name>
         <value>0x102b6</value>
         <object_component_ref idref="oc-8ed"/>
      </symbol>
      <symbol id="sm-ab6">
         <name>finddevice</name>
         <value>0x1141e</value>
         <object_component_ref idref="oc-9ae"/>
      </symbol>
      <symbol id="sm-ab7">
         <name>getdevice</name>
         <value>0x10f62</value>
         <object_component_ref idref="oc-97f"/>
      </symbol>
      <symbol id="sm-ac7">
         <name>strchr</name>
         <value>0x115bc</value>
         <object_component_ref idref="oc-9a2"/>
      </symbol>
      <symbol id="sm-ad5">
         <name>strcmp</name>
         <value>0x115d8</value>
         <object_component_ref idref="oc-9c7"/>
      </symbol>
      <symbol id="sm-ae2">
         <name>strcpy</name>
         <value>0x11724</value>
         <object_component_ref idref="oc-970"/>
      </symbol>
      <symbol id="sm-aef">
         <name>strlen</name>
         <value>0x11746</value>
         <object_component_ref idref="oc-7fa"/>
      </symbol>
      <symbol id="sm-aff">
         <name>strncpy</name>
         <value>0x1138e</value>
         <object_component_ref idref="oc-9a8"/>
      </symbol>
      <symbol id="sm-b0b">
         <name>unlink</name>
         <value>0x113c0</value>
         <object_component_ref idref="oc-947"/>
      </symbol>
      <symbol id="sm-b19">
         <name>write</name>
         <value>0x11250</value>
         <object_component_ref idref="oc-844"/>
      </symbol>
      <symbol id="sm-b1e">
         <name>remove</name>
         <value>0x113c0</value>
      </symbol>
   </symbol_table>
   <title>Link successful</title>
</link_info>
